relay listening: 127.0.0.1:14550
upstream       : 162.159.198.2:443
egress bind    : 192.168.0.4
up 0 pkts / 0 bytes   down 0 pkts / 0 bytes
up 0 pkts / 0 bytes   down 0 pkts / 0 bytes
up 0 pkts / 0 bytes   down 0 pkts / 0 bytes
up 0 pkts / 0 bytes   down 0 pkts / 0 bytes
up 0 pkts / 0 bytes   down 0 pkts / 0 bytes
up 0 pkts / 0 bytes   down 0 pkts / 0 bytes
up 0 pkts / 0 bytes   down 0 pkts / 0 bytes
up 0 pkts / 0 bytes   down 0 pkts / 0 bytes
up 0 pkts / 0 bytes   down 0 pkts / 0 bytes
up 0 pkts / 0 bytes   down 0 pkts / 0 bytes
up 0 pkts / 0 bytes   down 0 pkts / 0 bytes
up 0 pkts / 0 bytes   down 0 pkts / 0 bytes
relay: upstream session opened
relay: first upstream datagram from 127.0.0.1:38110, 1201 bytes, head bbca000000011181be4d1b786db6b9ba8e3d9ccc6e69d993
relay: first upstream datagram from 127.0.0.1:38110, 1201 bytes, head bbc2000000011181be4d1b786db6b9ba8e3d9ccc6e69d993
up 8 pkts / 9608 bytes   down 0 pkts / 0 bytes
up 18 pkts / 21618 bytes   down 0 pkts / 0 bytes
up 28 pkts / 33628 bytes   down 0 pkts / 0 bytes
up 38 pkts / 45638 bytes   down 0 pkts / 0 bytes
up 48 pkts / 57648 bytes   down 0 pkts / 0 bytes
up 58 pkts / 69658 bytes   down 0 pkts / 0 bytes
up 60 pkts / 72060 bytes   down 0 pkts / 0 bytes
up 60 pkts / 72060 bytes   down 0 pkts / 0 bytes
up 60 pkts / 72060 bytes   down 0 pkts / 0 bytes
up 60 pkts / 72060 bytes   down 0 pkts / 0 bytes
up 60 pkts / 72060 bytes   down 0 pkts / 0 bytes
up 60 pkts / 72060 bytes   down 0 pkts / 0 bytes
up 60 pkts / 72060 bytes   down 0 pkts / 0 bytes
up 60 pkts / 72060 bytes   down 0 pkts / 0 bytes
up 60 pkts / 72060 bytes   down 0 pkts / 0 bytes
up 60 pkts / 72060 bytes   down 0 pkts / 0 bytes
up 60 pkts / 72060 bytes   down 0 pkts / 0 bytes
up 60 pkts / 72060 bytes   down 0 pkts / 0 bytes
up 60 pkts / 72060 bytes   down 0 pkts / 0 bytes
up 60 pkts / 72060 bytes   down 0 pkts / 0 bytes
up 60 pkts / 72060 bytes   down 0 pkts / 0 bytes
up 60 pkts / 72060 bytes   down 0 pkts / 0 bytes
up 60 pkts / 72060 bytes   down 0 pkts / 0 bytes
up 60 pkts / 72060 bytes   down 0 pkts / 0 bytes
up 60 pkts / 72060 bytes   down 0 pkts / 0 bytes
up 60 pkts / 72060 bytes   down 0 pkts / 0 bytes
up 60 pkts / 72060 bytes   down 0 pkts / 0 bytes
up 60 pkts / 72060 bytes   down 0 pkts / 0 bytes
up 60 pkts / 72060 bytes   down 0 pkts / 0 bytes
up 60 pkts / 72060 bytes   down 0 pkts / 0 bytes
up 60 pkts / 72060 bytes   down 0 pkts / 0 bytes
up 60 pkts / 72060 bytes   down 0 pkts / 0 bytes
up 60 pkts / 72060 bytes   down 0 pkts / 0 bytes
up 60 pkts / 72060 bytes   down 0 pkts / 0 bytes
up 60 pkts / 72060 bytes   down 0 pkts / 0 bytes
up 60 pkts / 72060 bytes   down 0 pkts / 0 bytes
up 60 pkts / 72060 bytes   down 0 pkts / 0 bytes
relay: upstream session opened
relay: reply to 127.0.0.1:2181 (90 bytes)
relay: reply to 127.0.0.1:2181 (90 bytes)
relay: reply to 127.0.0.1:2181 (1200 bytes)
up 101 pkts / 85323 bytes   down 38 pkts / 11057 bytes
up 101 pkts / 85323 bytes   down 38 pkts / 11057 bytes
up 101 pkts / 85323 bytes   down 38 pkts / 11057 bytes
up 101 pkts / 85323 bytes   down 38 pkts / 11057 bytes
up 101 pkts / 85323 bytes   down 38 pkts / 11057 bytes
up 101 pkts / 85323 bytes   down 38 pkts / 11057 bytes
up 101 pkts / 85323 bytes   down 38 pkts / 11057 bytes
up 101 pkts / 85323 bytes   down 38 pkts / 11057 bytes
up 101 pkts / 85323 bytes   down 38 pkts / 11057 bytes
up 101 pkts / 85323 bytes   down 38 pkts / 11057 bytes
up 101 pkts / 85323 bytes   down 38 pkts / 11057 bytes
up 101 pkts / 85323 bytes   down 38 pkts / 11057 bytes
up 101 pkts / 85323 bytes   down 38 pkts / 11057 bytes
up 101 pkts / 85323 bytes   down 38 pkts / 11057 bytes
up 101 pkts / 85323 bytes   down 38 pkts / 11057 bytes
up 101 pkts / 85323 bytes   down 38 pkts / 11057 bytes
up 101 pkts / 85323 bytes   down 38 pkts / 11057 bytes
up 101 pkts / 85323 bytes   down 38 pkts / 11057 bytes
up 101 pkts / 85323 bytes   down 38 pkts / 11057 bytes
up 101 pkts / 85323 bytes   down 38 pkts / 11057 bytes
up 101 pkts / 85323 bytes   down 38 pkts / 11057 bytes
up 101 pkts / 85323 bytes   down 38 pkts / 11057 bytes
up 101 pkts / 85323 bytes   down 38 pkts / 11057 bytes
up 101 pkts / 85323 bytes   down 38 pkts / 11057 bytes
up 101 pkts / 85323 bytes   down 38 pkts / 11057 bytes
up 101 pkts / 85323 bytes   down 38 pkts / 11057 bytes
up 101 pkts / 85323 bytes   down 38 pkts / 11057 bytes
up 101 pkts / 85323 bytes   down 38 pkts / 11057 bytes
up 101 pkts / 85323 bytes   down 38 pkts / 11057 bytes
up 101 pkts / 85323 bytes   down 38 pkts / 11057 bytes
up 101 pkts / 85323 bytes   down 38 pkts / 11057 bytes
up 101 pkts / 85323 bytes   down 38 pkts / 11057 bytes
up 101 pkts / 85323 bytes   down 38 pkts / 11057 bytes
up 101 pkts / 85323 bytes   down 38 pkts / 11057 bytes
up 101 pkts / 85323 bytes   down 38 pkts / 11057 bytes
up 101 pkts / 85323 bytes   down 38 pkts / 11057 bytes
up 101 pkts / 85323 bytes   down 38 pkts / 11057 bytes
up 101 pkts / 85323 bytes   down 38 pkts / 11057 bytes
up 101 pkts / 85323 bytes   down 38 pkts / 11057 bytes
up 101 pkts / 85323 bytes   down 38 pkts / 11057 bytes
up 101 pkts / 85323 bytes   down 38 pkts / 11057 bytes
up 101 pkts / 85323 bytes   down 38 pkts / 11057 bytes
up 101 pkts / 85323 bytes   down 38 pkts / 11057 bytes
up 101 pkts / 85323 bytes   down 38 pkts / 11057 bytes
up 101 pkts / 85323 bytes   down 38 pkts / 11057 bytes
up 101 pkts / 85323 bytes   down 38 pkts / 11057 bytes
up 101 pkts / 85323 bytes   down 38 pkts / 11057 bytes
up 101 pkts / 85323 bytes   down 38 pkts / 11057 bytes
up 101 pkts / 85323 bytes   down 38 pkts / 11057 bytes
up 101 pkts / 85323 bytes   down 38 pkts / 11057 bytes
up 101 pkts / 85323 bytes   down 38 pkts / 11057 bytes
up 101 pkts / 85323 bytes   down 38 pkts / 11057 bytes
up 101 pkts / 85323 bytes   down 38 pkts / 11057 bytes
up 101 pkts / 85323 bytes   down 38 pkts / 11057 bytes
up 101 pkts / 85323 bytes   down 38 pkts / 11057 bytes
up 101 pkts / 85323 bytes   down 38 pkts / 11057 bytes
up 101 pkts / 85323 bytes   down 38 pkts / 11057 bytes
up 101 pkts / 85323 bytes   down 38 pkts / 11057 bytes
up 101 pkts / 85323 bytes   down 38 pkts / 11057 bytes
up 101 pkts / 85323 bytes   down 38 pkts / 11057 bytes
up 101 pkts / 85323 bytes   down 38 pkts / 11057 bytes
up 101 pkts / 85323 bytes   down 38 pkts / 11057 bytes
up 101 pkts / 85323 bytes   down 38 pkts / 11057 bytes
up 101 pkts / 85323 bytes   down 38 pkts / 11057 bytes
up 101 pkts / 85323 bytes   down 38 pkts / 11057 bytes
up 101 pkts / 85323 bytes   down 38 pkts / 11057 bytes
up 101 pkts / 85323 bytes   down 38 pkts / 11057 bytes
up 101 pkts / 85323 bytes   down 38 pkts / 11057 bytes
up 101 pkts / 85323 bytes   down 38 pkts / 11057 bytes
up 101 pkts / 85323 bytes   down 38 pkts / 11057 bytes
up 101 pkts / 85323 bytes   down 38 pkts / 11057 bytes
up 101 pkts / 85323 bytes   down 38 pkts / 11057 bytes
up 101 pkts / 85323 bytes   down 38 pkts / 11057 bytes
up 101 pkts / 85323 bytes   down 38 pkts / 11057 bytes
up 101 pkts / 85323 bytes   down 38 pkts / 11057 bytes
up 101 pkts / 85323 bytes   down 38 pkts / 11057 bytes
up 101 pkts / 85323 bytes   down 38 pkts / 11057 bytes
up 101 pkts / 85323 bytes   down 38 pkts / 11057 bytes
up 101 pkts / 85323 bytes   down 38 pkts / 11057 bytes
up 101 pkts / 85323 bytes   down 38 pkts / 11057 bytes
up 101 pkts / 85323 bytes   down 38 pkts / 11057 bytes
up 101 pkts / 85323 bytes   down 38 pkts / 11057 bytes
up 101 pkts / 85323 bytes   down 38 pkts / 11057 bytes
up 101 pkts / 85323 bytes   down 38 pkts / 11057 bytes
up 101 pkts / 85323 bytes   down 38 pkts / 11057 bytes
up 101 pkts / 85323 bytes   down 38 pkts / 11057 bytes
up 101 pkts / 85323 bytes   down 38 pkts / 11057 bytes
up 101 pkts / 85323 bytes   down 38 pkts / 11057 bytes
up 101 pkts / 85323 bytes   down 38 pkts / 11057 bytes
up 101 pkts / 85323 bytes   down 38 pkts / 11057 bytes
up 101 pkts / 85323 bytes   down 38 pkts / 11057 bytes
up 101 pkts / 85323 bytes   down 38 pkts / 11057 bytes
up 101 pkts / 85323 bytes   down 38 pkts / 11057 bytes
up 101 pkts / 85323 bytes   down 38 pkts / 11057 bytes
up 101 pkts / 85323 bytes   down 38 pkts / 11057 bytes
up 101 pkts / 85323 bytes   down 38 pkts / 11057 bytes
up 101 pkts / 85323 bytes   down 38 pkts / 11057 bytes
up 101 pkts / 85323 bytes   down 38 pkts / 11057 bytes
up 101 pkts / 85323 bytes   down 38 pkts / 11057 bytes
up 101 pkts / 85323 bytes   down 38 pkts / 11057 bytes
up 101 pkts / 85323 bytes   down 38 pkts / 11057 bytes
up 101 pkts / 85323 bytes   down 38 pkts / 11057 bytes
up 101 pkts / 85323 bytes   down 38 pkts / 11057 bytes
up 101 pkts / 85323 bytes   down 38 pkts / 11057 bytes
up 101 pkts / 85323 bytes   down 38 pkts / 11057 bytes
up 101 pkts / 85323 bytes   down 38 pkts / 11057 bytes
up 101 pkts / 85323 bytes   down 38 pkts / 11057 bytes
up 101 pkts / 85323 bytes   down 38 pkts / 11057 bytes
up 101 pkts / 85323 bytes   down 38 pkts / 11057 bytes
up 101 pkts / 85323 bytes   down 38 pkts / 11057 bytes
up 101 pkts / 85323 bytes   down 38 pkts / 11057 bytes
up 101 pkts / 85323 bytes   down 38 pkts / 11057 bytes
up 101 pkts / 85323 bytes   down 38 pkts / 11057 bytes
up 101 pkts / 85323 bytes   down 38 pkts / 11057 bytes
up 101 pkts / 85323 bytes   down 38 pkts / 11057 bytes
up 101 pkts / 85323 bytes   down 38 pkts / 11057 bytes
up 101 pkts / 85323 bytes   down 38 pkts / 11057 bytes
up 101 pkts / 85323 bytes   down 38 pkts / 11057 bytes
up 101 pkts / 85323 bytes   down 38 pkts / 11057 bytes
up 101 pkts / 85323 bytes   down 38 pkts / 11057 bytes
up 101 pkts / 85323 bytes   down 38 pkts / 11057 bytes
up 101 pkts / 85323 bytes   down 38 pkts / 11057 bytes
up 101 pkts / 85323 bytes   down 38 pkts / 11057 bytes
up 101 pkts / 85323 bytes   down 38 pkts / 11057 bytes
up 101 pkts / 85323 bytes   down 38 pkts / 11057 bytes
up 101 pkts / 85323 bytes   down 38 pkts / 11057 bytes
up 101 pkts / 85323 bytes   down 38 pkts / 11057 bytes
up 101 pkts / 85323 bytes   down 38 pkts / 11057 bytes
up 101 pkts / 85323 bytes   down 38 pkts / 11057 bytes
up 101 pkts / 85323 bytes   down 38 pkts / 11057 bytes
up 101 pkts / 85323 bytes   down 38 pkts / 11057 bytes
up 101 pkts / 85323 bytes   down 38 pkts / 11057 bytes
up 101 pkts / 85323 bytes   down 38 pkts / 11057 bytes
up 101 pkts / 85323 bytes   down 38 pkts / 11057 bytes
up 101 pkts / 85323 bytes   down 38 pkts / 11057 bytes
up 101 pkts / 85323 bytes   down 38 pkts / 11057 bytes
up 101 pkts / 85323 bytes   down 38 pkts / 11057 bytes
up 101 pkts / 85323 bytes   down 38 pkts / 11057 bytes
up 101 pkts / 85323 bytes   down 38 pkts / 11057 bytes
up 101 pkts / 85323 bytes   down 38 pkts / 11057 bytes
up 101 pkts / 85323 bytes   down 38 pkts / 11057 bytes
up 101 pkts / 85323 bytes   down 38 pkts / 11057 bytes
up 101 pkts / 85323 bytes   down 38 pkts / 11057 bytes
up 101 pkts / 85323 bytes   down 38 pkts / 11057 bytes
up 101 pkts / 85323 bytes   down 38 pkts / 11057 bytes
up 101 pkts / 85323 bytes   down 38 pkts / 11057 bytes
up 101 pkts / 85323 bytes   down 38 pkts / 11057 bytes
up 101 pkts / 85323 bytes   down 38 pkts / 11057 bytes
up 101 pkts / 85323 bytes   down 38 pkts / 11057 bytes
up 101 pkts / 85323 bytes   down 38 pkts / 11057 bytes
up 101 pkts / 85323 bytes   down 38 pkts / 11057 bytes
up 101 pkts / 85323 bytes   down 38 pkts / 11057 bytes
up 101 pkts / 85323 bytes   down 38 pkts / 11057 bytes
up 101 pkts / 85323 bytes   down 38 pkts / 11057 bytes
up 101 pkts / 85323 bytes   down 38 pkts / 11057 bytes
up 101 pkts / 85323 bytes   down 38 pkts / 11057 bytes
up 101 pkts / 85323 bytes   down 38 pkts / 11057 bytes
up 101 pkts / 85323 bytes   down 38 pkts / 11057 bytes
up 101 pkts / 85323 bytes   down 38 pkts / 11057 bytes
up 101 pkts / 85323 bytes   down 38 pkts / 11057 bytes
up 101 pkts / 85323 bytes   down 38 pkts / 11057 bytes
up 101 pkts / 85323 bytes   down 38 pkts / 11057 bytes
up 101 pkts / 85323 bytes   down 38 pkts / 11057 bytes
up 101 pkts / 85323 bytes   down 38 pkts / 11057 bytes
up 101 pkts / 85323 bytes   down 38 pkts / 11057 bytes
up 101 pkts / 85323 bytes   down 38 pkts / 11057 bytes
up 101 pkts / 85323 bytes   down 38 pkts / 11057 bytes
up 101 pkts / 85323 bytes   down 38 pkts / 11057 bytes
up 101 pkts / 85323 bytes   down 38 pkts / 11057 bytes
up 101 pkts / 85323 bytes   down 38 pkts / 11057 bytes
up 101 pkts / 85323 bytes   down 38 pkts / 11057 bytes
up 101 pkts / 85323 bytes   down 38 pkts / 11057 bytes
up 101 pkts / 85323 bytes   down 38 pkts / 11057 bytes
up 101 pkts / 85323 bytes   down 38 pkts / 11057 bytes
