relay listening: 127.0.0.1:14507
upstream       : 162.159.198.2:443
egress bind    : 192.168.0.4
up 0 pkts / 0 bytes   down 0 pkts / 0 bytes
up 0 pkts / 0 bytes   down 0 pkts / 0 bytes
up 0 pkts / 0 bytes   down 0 pkts / 0 bytes
up 0 pkts / 0 bytes   down 0 pkts / 0 bytes
up 0 pkts / 0 bytes   down 0 pkts / 0 bytes
up 0 pkts / 0 bytes   down 0 pkts / 0 bytes
up 0 pkts / 0 bytes   down 0 pkts / 0 bytes
up 0 pkts / 0 bytes   down 0 pkts / 0 bytes
up 0 pkts / 0 bytes   down 0 pkts / 0 bytes
up 0 pkts / 0 bytes   down 0 pkts / 0 bytes
up 0 pkts / 0 bytes   down 0 pkts / 0 bytes
up 0 pkts / 0 bytes   down 0 pkts / 0 bytes
up 0 pkts / 0 bytes   down 0 pkts / 0 bytes
up 0 pkts / 0 bytes   down 0 pkts / 0 bytes
relay: upstream session opened
up 8 pkts / 9608 bytes   down 0 pkts / 0 bytes
up 18 pkts / 21618 bytes   down 0 pkts / 0 bytes
up 28 pkts / 33628 bytes   down 0 pkts / 0 bytes
up 38 pkts / 45638 bytes   down 0 pkts / 0 bytes
up 48 pkts / 57648 bytes   down 0 pkts / 0 bytes
up 56 pkts / 67256 bytes   down 0 pkts / 0 bytes
up 56 pkts / 67256 bytes   down 0 pkts / 0 bytes
up 56 pkts / 67256 bytes   down 0 pkts / 0 bytes
up 56 pkts / 67256 bytes   down 0 pkts / 0 bytes
up 56 pkts / 67256 bytes   down 0 pkts / 0 bytes
up 56 pkts / 67256 bytes   down 0 pkts / 0 bytes
up 56 pkts / 67256 bytes   down 0 pkts / 0 bytes
up 56 pkts / 67256 bytes   down 0 pkts / 0 bytes
up 56 pkts / 67256 bytes   down 0 pkts / 0 bytes
up 56 pkts / 67256 bytes   down 0 pkts / 0 bytes
up 56 pkts / 67256 bytes   down 0 pkts / 0 bytes
up 56 pkts / 67256 bytes   down 0 pkts / 0 bytes
up 56 pkts / 67256 bytes   down 0 pkts / 0 bytes
up 56 pkts / 67256 bytes   down 0 pkts / 0 bytes
up 56 pkts / 67256 bytes   down 0 pkts / 0 bytes
up 56 pkts / 67256 bytes   down 0 pkts / 0 bytes
up 56 pkts / 67256 bytes   down 0 pkts / 0 bytes
up 56 pkts / 67256 bytes   down 0 pkts / 0 bytes
relay: upstream session opened
up 71 pkts / 75492 bytes   down 16 pkts / 5383 bytes
up 100 pkts / 80653 bytes   down 37 pkts / 11059 bytes
up 100 pkts / 80653 bytes   down 37 pkts / 11059 bytes
up 100 pkts / 80653 bytes   down 37 pkts / 11059 bytes
up 100 pkts / 80653 bytes   down 37 pkts / 11059 bytes
up 100 pkts / 80653 bytes   down 37 pkts / 11059 bytes
up 100 pkts / 80653 bytes   down 37 pkts / 11059 bytes
up 100 pkts / 80653 bytes   down 37 pkts / 11059 bytes
up 100 pkts / 80653 bytes   down 37 pkts / 11059 bytes
up 100 pkts / 80653 bytes   down 37 pkts / 11059 bytes
up 100 pkts / 80653 bytes   down 37 pkts / 11059 bytes
up 100 pkts / 80653 bytes   down 37 pkts / 11059 bytes
up 100 pkts / 80653 bytes   down 37 pkts / 11059 bytes
up 100 pkts / 80653 bytes   down 37 pkts / 11059 bytes
up 100 pkts / 80653 bytes   down 37 pkts / 11059 bytes
up 100 pkts / 80653 bytes   down 37 pkts / 11059 bytes
up 100 pkts / 80653 bytes   down 37 pkts / 11059 bytes
up 100 pkts / 80653 bytes   down 37 pkts / 11059 bytes
up 100 pkts / 80653 bytes   down 37 pkts / 11059 bytes
up 100 pkts / 80653 bytes   down 37 pkts / 11059 bytes
up 100 pkts / 80653 bytes   down 37 pkts / 11059 bytes
up 100 pkts / 80653 bytes   down 37 pkts / 11059 bytes
up 100 pkts / 80653 bytes   down 37 pkts / 11059 bytes
up 100 pkts / 80653 bytes   down 37 pkts / 11059 bytes
up 100 pkts / 80653 bytes   down 37 pkts / 11059 bytes
up 100 pkts / 80653 bytes   down 37 pkts / 11059 bytes
up 100 pkts / 80653 bytes   down 37 pkts / 11059 bytes
up 100 pkts / 80653 bytes   down 37 pkts / 11059 bytes
up 100 pkts / 80653 bytes   down 37 pkts / 11059 bytes
up 100 pkts / 80653 bytes   down 37 pkts / 11059 bytes
up 100 pkts / 80653 bytes   down 37 pkts / 11059 bytes
up 100 pkts / 80653 bytes   down 37 pkts / 11059 bytes
up 100 pkts / 80653 bytes   down 37 pkts / 11059 bytes
up 100 pkts / 80653 bytes   down 37 pkts / 11059 bytes
up 100 pkts / 80653 bytes   down 37 pkts / 11059 bytes
up 100 pkts / 80653 bytes   down 37 pkts / 11059 bytes
up 100 pkts / 80653 bytes   down 37 pkts / 11059 bytes
up 100 pkts / 80653 bytes   down 37 pkts / 11059 bytes
up 100 pkts / 80653 bytes   down 37 pkts / 11059 bytes
up 100 pkts / 80653 bytes   down 37 pkts / 11059 bytes
up 100 pkts / 80653 bytes   down 37 pkts / 11059 bytes
up 100 pkts / 80653 bytes   down 37 pkts / 11059 bytes
up 100 pkts / 80653 bytes   down 37 pkts / 11059 bytes
up 100 pkts / 80653 bytes   down 37 pkts / 11059 bytes
up 100 pkts / 80653 bytes   down 37 pkts / 11059 bytes
up 100 pkts / 80653 bytes   down 37 pkts / 11059 bytes
up 100 pkts / 80653 bytes   down 37 pkts / 11059 bytes
up 100 pkts / 80653 bytes   down 37 pkts / 11059 bytes
up 100 pkts / 80653 bytes   down 37 pkts / 11059 bytes
up 100 pkts / 80653 bytes   down 37 pkts / 11059 bytes
