relay listening: 127.0.0.1:14511
upstream       : 162.159.198.2:443
egress bind    : 192.168.0.4
up 0 pkts / 0 bytes   down 0 pkts / 0 bytes
up 0 pkts / 0 bytes   down 0 pkts / 0 bytes
up 0 pkts / 0 bytes   down 0 pkts / 0 bytes
up 0 pkts / 0 bytes   down 0 pkts / 0 bytes
up 0 pkts / 0 bytes   down 0 pkts / 0 bytes
up 0 pkts / 0 bytes   down 0 pkts / 0 bytes
up 0 pkts / 0 bytes   down 0 pkts / 0 bytes
up 0 pkts / 0 bytes   down 0 pkts / 0 bytes
up 0 pkts / 0 bytes   down 0 pkts / 0 bytes
up 0 pkts / 0 bytes   down 0 pkts / 0 bytes
up 0 pkts / 0 bytes   down 0 pkts / 0 bytes
up 0 pkts / 0 bytes   down 0 pkts / 0 bytes
up 0 pkts / 0 bytes   down 0 pkts / 0 bytes
up 0 pkts / 0 bytes   down 0 pkts / 0 bytes
up 0 pkts / 0 bytes   down 0 pkts / 0 bytes
up 0 pkts / 0 bytes   down 0 pkts / 0 bytes
up 0 pkts / 0 bytes   down 0 pkts / 0 bytes
up 0 pkts / 0 bytes   down 0 pkts / 0 bytes
up 0 pkts / 0 bytes   down 0 pkts / 0 bytes
up 0 pkts / 0 bytes   down 0 pkts / 0 bytes
up 0 pkts / 0 bytes   down 0 pkts / 0 bytes
up 0 pkts / 0 bytes   down 0 pkts / 0 bytes
up 0 pkts / 0 bytes   down 0 pkts / 0 bytes
up 0 pkts / 0 bytes   down 0 pkts / 0 bytes
up 0 pkts / 0 bytes   down 0 pkts / 0 bytes
up 0 pkts / 0 bytes   down 0 pkts / 0 bytes
up 0 pkts / 0 bytes   down 0 pkts / 0 bytes
up 0 pkts / 0 bytes   down 0 pkts / 0 bytes
up 0 pkts / 0 bytes   down 0 pkts / 0 bytes
up 0 pkts / 0 bytes   down 0 pkts / 0 bytes
up 0 pkts / 0 bytes   down 0 pkts / 0 bytes
up 0 pkts / 0 bytes   down 0 pkts / 0 bytes
up 0 pkts / 0 bytes   down 0 pkts / 0 bytes
up 0 pkts / 0 bytes   down 0 pkts / 0 bytes
up 0 pkts / 0 bytes   down 0 pkts / 0 bytes
up 0 pkts / 0 bytes   down 0 pkts / 0 bytes
up 0 pkts / 0 bytes   down 0 pkts / 0 bytes
up 0 pkts / 0 bytes   down 0 pkts / 0 bytes
up 0 pkts / 0 bytes   down 0 pkts / 0 bytes
up 0 pkts / 0 bytes   down 0 pkts / 0 bytes
up 0 pkts / 0 bytes   down 0 pkts / 0 bytes
up 0 pkts / 0 bytes   down 0 pkts / 0 bytes
up 0 pkts / 0 bytes   down 0 pkts / 0 bytes
up 0 pkts / 0 bytes   down 0 pkts / 0 bytes
up 0 pkts / 0 bytes   down 0 pkts / 0 bytes
up 0 pkts / 0 bytes   down 0 pkts / 0 bytes
up 0 pkts / 0 bytes   down 0 pkts / 0 bytes
up 0 pkts / 0 bytes   down 0 pkts / 0 bytes
up 0 pkts / 0 bytes   down 0 pkts / 0 bytes
up 0 pkts / 0 bytes   down 0 pkts / 0 bytes
up 0 pkts / 0 bytes   down 0 pkts / 0 bytes
up 0 pkts / 0 bytes   down 0 pkts / 0 bytes
up 0 pkts / 0 bytes   down 0 pkts / 0 bytes
up 0 pkts / 0 bytes   down 0 pkts / 0 bytes
up 0 pkts / 0 bytes   down 0 pkts / 0 bytes
up 0 pkts / 0 bytes   down 0 pkts / 0 bytes
up 0 pkts / 0 bytes   down 0 pkts / 0 bytes
up 0 pkts / 0 bytes   down 0 pkts / 0 bytes
up 0 pkts / 0 bytes   down 0 pkts / 0 bytes
up 0 pkts / 0 bytes   down 0 pkts / 0 bytes
up 0 pkts / 0 bytes   down 0 pkts / 0 bytes
up 0 pkts / 0 bytes   down 0 pkts / 0 bytes
up 0 pkts / 0 bytes   down 0 pkts / 0 bytes
up 0 pkts / 0 bytes   down 0 pkts / 0 bytes
up 0 pkts / 0 bytes   down 0 pkts / 0 bytes
up 0 pkts / 0 bytes   down 0 pkts / 0 bytes
up 0 pkts / 0 bytes   down 0 pkts / 0 bytes
up 0 pkts / 0 bytes   down 0 pkts / 0 bytes
up 0 pkts / 0 bytes   down 0 pkts / 0 bytes
up 0 pkts / 0 bytes   down 0 pkts / 0 bytes
up 0 pkts / 0 bytes   down 0 pkts / 0 bytes
relay: upstream session opened
relay: first upstream datagram from 127.0.0.1:51658, 1200 bytes, head c70000000112bb6a3eea06670ce898535f07fffc091c011a
relay: first upstream datagram from 127.0.0.1:51658, 1200 bytes, head c60000000112bb6a3eea06670ce898535f07fffc091c011a
up 8 pkts / 9600 bytes   down 7 pkts / 679 bytes
up 18 pkts / 21600 bytes   down 17 pkts / 1629 bytes
up 28 pkts / 33600 bytes   down 27 pkts / 2539 bytes
up 38 pkts / 45600 bytes   down 37 pkts / 3439 bytes
up 48 pkts / 57600 bytes   down 47 pkts / 4339 bytes
up 58 pkts / 69600 bytes   down 57 pkts / 5209 bytes
up 58 pkts / 69600 bytes   down 57 pkts / 5209 bytes
up 58 pkts / 69600 bytes   down 57 pkts / 5209 bytes
up 58 pkts / 69600 bytes   down 57 pkts / 5209 bytes
up 58 pkts / 69600 bytes   down 57 pkts / 5209 bytes
up 58 pkts / 69600 bytes   down 57 pkts / 5209 bytes
up 58 pkts / 69600 bytes   down 57 pkts / 5209 bytes
up 58 pkts / 69600 bytes   down 57 pkts / 5209 bytes
up 58 pkts / 69600 bytes   down 57 pkts / 5209 bytes
up 58 pkts / 69600 bytes   down 57 pkts / 5209 bytes
up 58 pkts / 69600 bytes   down 57 pkts / 5209 bytes
up 58 pkts / 69600 bytes   down 57 pkts / 5209 bytes
up 58 pkts / 69600 bytes   down 57 pkts / 5209 bytes
up 58 pkts / 69600 bytes   down 57 pkts / 5209 bytes
up 58 pkts / 69600 bytes   down 57 pkts / 5209 bytes
up 58 pkts / 69600 bytes   down 57 pkts / 5209 bytes
up 58 pkts / 69600 bytes   down 57 pkts / 5209 bytes
up 58 pkts / 69600 bytes   down 57 pkts / 5209 bytes
up 58 pkts / 69600 bytes   down 57 pkts / 5209 bytes
up 58 pkts / 69600 bytes   down 57 pkts / 5209 bytes
up 58 pkts / 69600 bytes   down 57 pkts / 5209 bytes
up 58 pkts / 69600 bytes   down 57 pkts / 5209 bytes
up 58 pkts / 69600 bytes   down 57 pkts / 5209 bytes
up 58 pkts / 69600 bytes   down 57 pkts / 5209 bytes
up 58 pkts / 69600 bytes   down 57 pkts / 5209 bytes
up 58 pkts / 69600 bytes   down 57 pkts / 5209 bytes
up 58 pkts / 69600 bytes   down 57 pkts / 5209 bytes
up 58 pkts / 69600 bytes   down 57 pkts / 5209 bytes
up 58 pkts / 69600 bytes   down 57 pkts / 5209 bytes
up 58 pkts / 69600 bytes   down 57 pkts / 5209 bytes
up 58 pkts / 69600 bytes   down 57 pkts / 5209 bytes
up 58 pkts / 69600 bytes   down 57 pkts / 5209 bytes
up 58 pkts / 69600 bytes   down 57 pkts / 5209 bytes
up 58 pkts / 69600 bytes   down 57 pkts / 5209 bytes
up 58 pkts / 69600 bytes   down 57 pkts / 5209 bytes
up 58 pkts / 69600 bytes   down 57 pkts / 5209 bytes
up 58 pkts / 69600 bytes   down 57 pkts / 5209 bytes
up 58 pkts / 69600 bytes   down 57 pkts / 5209 bytes
up 58 pkts / 69600 bytes   down 57 pkts / 5209 bytes
up 58 pkts / 69600 bytes   down 57 pkts / 5209 bytes
up 58 pkts / 69600 bytes   down 57 pkts / 5209 bytes
up 58 pkts / 69600 bytes   down 57 pkts / 5209 bytes
up 58 pkts / 69600 bytes   down 57 pkts / 5209 bytes
up 58 pkts / 69600 bytes   down 57 pkts / 5209 bytes
up 58 pkts / 69600 bytes   down 57 pkts / 5209 bytes
up 58 pkts / 69600 bytes   down 57 pkts / 5209 bytes
up 58 pkts / 69600 bytes   down 57 pkts / 5209 bytes
up 58 pkts / 69600 bytes   down 57 pkts / 5209 bytes
up 58 pkts / 69600 bytes   down 57 pkts / 5209 bytes
up 58 pkts / 69600 bytes   down 57 pkts / 5209 bytes
up 58 pkts / 69600 bytes   down 57 pkts / 5209 bytes
up 58 pkts / 69600 bytes   down 57 pkts / 5209 bytes
up 58 pkts / 69600 bytes   down 57 pkts / 5209 bytes
up 58 pkts / 69600 bytes   down 57 pkts / 5209 bytes
up 58 pkts / 69600 bytes   down 57 pkts / 5209 bytes
up 58 pkts / 69600 bytes   down 57 pkts / 5209 bytes
up 58 pkts / 69600 bytes   down 57 pkts / 5209 bytes
up 58 pkts / 69600 bytes   down 57 pkts / 5209 bytes
up 58 pkts / 69600 bytes   down 57 pkts / 5209 bytes
up 58 pkts / 69600 bytes   down 57 pkts / 5209 bytes
up 58 pkts / 69600 bytes   down 57 pkts / 5209 bytes
up 58 pkts / 69600 bytes   down 57 pkts / 5209 bytes
up 58 pkts / 69600 bytes   down 57 pkts / 5209 bytes
up 58 pkts / 69600 bytes   down 57 pkts / 5209 bytes
up 58 pkts / 69600 bytes   down 57 pkts / 5209 bytes
up 58 pkts / 69600 bytes   down 57 pkts / 5209 bytes
up 58 pkts / 69600 bytes   down 57 pkts / 5209 bytes
