relay listening: 127.0.0.1:14509
upstream       : 162.159.198.2:443
egress bind    : 192.168.0.4
up 0 pkts / 0 bytes   down 0 pkts / 0 bytes
relay: upstream session opened
relay: first upstream datagram from 127.0.0.1:57242, 1201 bytes, head bbc3000000010debc2779e277011e62158146a1500004499
relay: first upstream datagram from 127.0.0.1:57242, 1201 bytes, head bbc3000000010debc2779e277011e62158146a1500004499
up 8 pkts / 9608 bytes   down 0 pkts / 0 bytes
up 18 pkts / 21618 bytes   down 0 pkts / 0 bytes
up 26 pkts / 31226 bytes   down 0 pkts / 0 bytes
up 34 pkts / 40834 bytes   down 0 pkts / 0 bytes
up 42 pkts / 50442 bytes   down 0 pkts / 0 bytes
up 52 pkts / 62452 bytes   down 0 pkts / 0 bytes
up 54 pkts / 64854 bytes   down 0 pkts / 0 bytes
up 54 pkts / 64854 bytes   down 0 pkts / 0 bytes
up 54 pkts / 64854 bytes   down 0 pkts / 0 bytes
up 54 pkts / 64854 bytes   down 0 pkts / 0 bytes
up 54 pkts / 64854 bytes   down 0 pkts / 0 bytes
up 54 pkts / 64854 bytes   down 0 pkts / 0 bytes
up 54 pkts / 64854 bytes   down 0 pkts / 0 bytes
up 54 pkts / 64854 bytes   down 0 pkts / 0 bytes
up 54 pkts / 64854 bytes   down 0 pkts / 0 bytes
up 54 pkts / 64854 bytes   down 0 pkts / 0 bytes
up 54 pkts / 64854 bytes   down 0 pkts / 0 bytes
up 54 pkts / 64854 bytes   down 0 pkts / 0 bytes
up 54 pkts / 64854 bytes   down 0 pkts / 0 bytes
up 54 pkts / 64854 bytes   down 0 pkts / 0 bytes
up 54 pkts / 64854 bytes   down 0 pkts / 0 bytes
up 54 pkts / 64854 bytes   down 0 pkts / 0 bytes
up 54 pkts / 64854 bytes   down 0 pkts / 0 bytes
up 54 pkts / 64854 bytes   down 0 pkts / 0 bytes
up 54 pkts / 64854 bytes   down 0 pkts / 0 bytes
up 54 pkts / 64854 bytes   down 0 pkts / 0 bytes
up 54 pkts / 64854 bytes   down 0 pkts / 0 bytes
up 54 pkts / 64854 bytes   down 0 pkts / 0 bytes
up 54 pkts / 64854 bytes   down 0 pkts / 0 bytes
up 54 pkts / 64854 bytes   down 0 pkts / 0 bytes
up 54 pkts / 64854 bytes   down 0 pkts / 0 bytes
up 54 pkts / 64854 bytes   down 0 pkts / 0 bytes
up 54 pkts / 64854 bytes   down 0 pkts / 0 bytes
up 54 pkts / 64854 bytes   down 0 pkts / 0 bytes
up 54 pkts / 64854 bytes   down 0 pkts / 0 bytes
up 54 pkts / 64854 bytes   down 0 pkts / 0 bytes
up 54 pkts / 64854 bytes   down 0 pkts / 0 bytes
up 54 pkts / 64854 bytes   down 0 pkts / 0 bytes
up 54 pkts / 64854 bytes   down 0 pkts / 0 bytes
up 54 pkts / 64854 bytes   down 0 pkts / 0 bytes
up 54 pkts / 64854 bytes   down 0 pkts / 0 bytes
up 54 pkts / 64854 bytes   down 0 pkts / 0 bytes
up 54 pkts / 64854 bytes   down 0 pkts / 0 bytes
up 54 pkts / 64854 bytes   down 0 pkts / 0 bytes
up 54 pkts / 64854 bytes   down 0 pkts / 0 bytes
up 54 pkts / 64854 bytes   down 0 pkts / 0 bytes
up 54 pkts / 64854 bytes   down 0 pkts / 0 bytes
up 54 pkts / 64854 bytes   down 0 pkts / 0 bytes
up 54 pkts / 64854 bytes   down 0 pkts / 0 bytes
up 54 pkts / 64854 bytes   down 0 pkts / 0 bytes
up 54 pkts / 64854 bytes   down 0 pkts / 0 bytes
up 54 pkts / 64854 bytes   down 0 pkts / 0 bytes
up 54 pkts / 64854 bytes   down 0 pkts / 0 bytes
up 54 pkts / 64854 bytes   down 0 pkts / 0 bytes
up 54 pkts / 64854 bytes   down 0 pkts / 0 bytes
up 54 pkts / 64854 bytes   down 0 pkts / 0 bytes
up 54 pkts / 64854 bytes   down 0 pkts / 0 bytes
up 54 pkts / 64854 bytes   down 0 pkts / 0 bytes
up 54 pkts / 64854 bytes   down 0 pkts / 0 bytes
up 54 pkts / 64854 bytes   down 0 pkts / 0 bytes
up 54 pkts / 64854 bytes   down 0 pkts / 0 bytes
up 54 pkts / 64854 bytes   down 0 pkts / 0 bytes
up 54 pkts / 64854 bytes   down 0 pkts / 0 bytes
up 54 pkts / 64854 bytes   down 0 pkts / 0 bytes
up 54 pkts / 64854 bytes   down 0 pkts / 0 bytes
up 54 pkts / 64854 bytes   down 0 pkts / 0 bytes
up 54 pkts / 64854 bytes   down 0 pkts / 0 bytes
up 54 pkts / 64854 bytes   down 0 pkts / 0 bytes
up 54 pkts / 64854 bytes   down 0 pkts / 0 bytes
up 54 pkts / 64854 bytes   down 0 pkts / 0 bytes
up 54 pkts / 64854 bytes   down 0 pkts / 0 bytes
up 54 pkts / 64854 bytes   down 0 pkts / 0 bytes
up 54 pkts / 64854 bytes   down 0 pkts / 0 bytes
up 54 pkts / 64854 bytes   down 0 pkts / 0 bytes
up 54 pkts / 64854 bytes   down 0 pkts / 0 bytes
up 54 pkts / 64854 bytes   down 0 pkts / 0 bytes
up 54 pkts / 64854 bytes   down 0 pkts / 0 bytes
up 54 pkts / 64854 bytes   down 0 pkts / 0 bytes
up 54 pkts / 64854 bytes   down 0 pkts / 0 bytes
up 54 pkts / 64854 bytes   down 0 pkts / 0 bytes
up 54 pkts / 64854 bytes   down 0 pkts / 0 bytes
up 54 pkts / 64854 bytes   down 0 pkts / 0 bytes
up 54 pkts / 64854 bytes   down 0 pkts / 0 bytes
up 54 pkts / 64854 bytes   down 0 pkts / 0 bytes
up 54 pkts / 64854 bytes   down 0 pkts / 0 bytes
up 54 pkts / 64854 bytes   down 0 pkts / 0 bytes
up 54 pkts / 64854 bytes   down 0 pkts / 0 bytes
up 54 pkts / 64854 bytes   down 0 pkts / 0 bytes
up 54 pkts / 64854 bytes   down 0 pkts / 0 bytes
up 54 pkts / 64854 bytes   down 0 pkts / 0 bytes
up 54 pkts / 64854 bytes   down 0 pkts / 0 bytes
up 54 pkts / 64854 bytes   down 0 pkts / 0 bytes
relay: upstream session opened
up 62 pkts / 74454 bytes   down 8 pkts / 784 bytes
up 72 pkts / 86454 bytes   down 18 pkts / 1724 bytes
up 82 pkts / 98454 bytes   down 28 pkts / 2684 bytes
up 90 pkts / 108054 bytes   down 36 pkts / 3476 bytes
up 100 pkts / 120054 bytes   down 44 pkts / 4260 bytes
up 110 pkts / 132054 bytes   down 54 pkts / 5160 bytes
up 110 pkts / 132054 bytes   down 54 pkts / 5160 bytes
up 110 pkts / 132054 bytes   down 54 pkts / 5160 bytes
up 110 pkts / 132054 bytes   down 54 pkts / 5160 bytes
up 110 pkts / 132054 bytes   down 54 pkts / 5160 bytes
up 110 pkts / 132054 bytes   down 54 pkts / 5160 bytes
up 110 pkts / 132054 bytes   down 54 pkts / 5160 bytes
up 110 pkts / 132054 bytes   down 54 pkts / 5160 bytes
up 110 pkts / 132054 bytes   down 54 pkts / 5160 bytes
up 110 pkts / 132054 bytes   down 54 pkts / 5160 bytes
up 110 pkts / 132054 bytes   down 54 pkts / 5160 bytes
up 110 pkts / 132054 bytes   down 54 pkts / 5160 bytes
up 110 pkts / 132054 bytes   down 54 pkts / 5160 bytes
up 110 pkts / 132054 bytes   down 54 pkts / 5160 bytes
up 110 pkts / 132054 bytes   down 54 pkts / 5160 bytes
up 110 pkts / 132054 bytes   down 54 pkts / 5160 bytes
up 110 pkts / 132054 bytes   down 54 pkts / 5160 bytes
up 110 pkts / 132054 bytes   down 54 pkts / 5160 bytes
up 110 pkts / 132054 bytes   down 54 pkts / 5160 bytes
up 110 pkts / 132054 bytes   down 54 pkts / 5160 bytes
up 110 pkts / 132054 bytes   down 54 pkts / 5160 bytes
up 110 pkts / 132054 bytes   down 54 pkts / 5160 bytes
up 110 pkts / 132054 bytes   down 54 pkts / 5160 bytes
up 110 pkts / 132054 bytes   down 54 pkts / 5160 bytes
up 110 pkts / 132054 bytes   down 54 pkts / 5160 bytes
up 110 pkts / 132054 bytes   down 54 pkts / 5160 bytes
up 110 pkts / 132054 bytes   down 54 pkts / 5160 bytes
up 110 pkts / 132054 bytes   down 54 pkts / 5160 bytes
up 110 pkts / 132054 bytes   down 54 pkts / 5160 bytes
up 110 pkts / 132054 bytes   down 54 pkts / 5160 bytes
up 110 pkts / 132054 bytes   down 54 pkts / 5160 bytes
up 110 pkts / 132054 bytes   down 54 pkts / 5160 bytes
up 110 pkts / 132054 bytes   down 54 pkts / 5160 bytes
up 110 pkts / 132054 bytes   down 54 pkts / 5160 bytes
up 110 pkts / 132054 bytes   down 54 pkts / 5160 bytes
up 110 pkts / 132054 bytes   down 54 pkts / 5160 bytes
up 110 pkts / 132054 bytes   down 54 pkts / 5160 bytes
up 110 pkts / 132054 bytes   down 54 pkts / 5160 bytes
up 110 pkts / 132054 bytes   down 54 pkts / 5160 bytes
up 110 pkts / 132054 bytes   down 54 pkts / 5160 bytes
up 110 pkts / 132054 bytes   down 54 pkts / 5160 bytes
up 110 pkts / 132054 bytes   down 54 pkts / 5160 bytes
up 110 pkts / 132054 bytes   down 54 pkts / 5160 bytes
up 110 pkts / 132054 bytes   down 54 pkts / 5160 bytes
up 110 pkts / 132054 bytes   down 54 pkts / 5160 bytes
up 110 pkts / 132054 bytes   down 54 pkts / 5160 bytes
up 110 pkts / 132054 bytes   down 54 pkts / 5160 bytes
up 110 pkts / 132054 bytes   down 54 pkts / 5160 bytes
up 110 pkts / 132054 bytes   down 54 pkts / 5160 bytes
up 110 pkts / 132054 bytes   down 54 pkts / 5160 bytes
up 110 pkts / 132054 bytes   down 54 pkts / 5160 bytes
up 110 pkts / 132054 bytes   down 54 pkts / 5160 bytes
up 110 pkts / 132054 bytes   down 54 pkts / 5160 bytes
up 110 pkts / 132054 bytes   down 54 pkts / 5160 bytes
up 110 pkts / 132054 bytes   down 54 pkts / 5160 bytes
up 110 pkts / 132054 bytes   down 54 pkts / 5160 bytes
up 110 pkts / 132054 bytes   down 54 pkts / 5160 bytes
up 110 pkts / 132054 bytes   down 54 pkts / 5160 bytes
up 110 pkts / 132054 bytes   down 54 pkts / 5160 bytes
up 110 pkts / 132054 bytes   down 54 pkts / 5160 bytes
up 110 pkts / 132054 bytes   down 54 pkts / 5160 bytes
up 110 pkts / 132054 bytes   down 54 pkts / 5160 bytes
up 110 pkts / 132054 bytes   down 54 pkts / 5160 bytes
up 110 pkts / 132054 bytes   down 54 pkts / 5160 bytes
up 110 pkts / 132054 bytes   down 54 pkts / 5160 bytes
up 110 pkts / 132054 bytes   down 54 pkts / 5160 bytes
up 110 pkts / 132054 bytes   down 54 pkts / 5160 bytes
up 110 pkts / 132054 bytes   down 54 pkts / 5160 bytes
up 110 pkts / 132054 bytes   down 54 pkts / 5160 bytes
up 110 pkts / 132054 bytes   down 54 pkts / 5160 bytes
up 110 pkts / 132054 bytes   down 54 pkts / 5160 bytes
up 110 pkts / 132054 bytes   down 54 pkts / 5160 bytes
up 110 pkts / 132054 bytes   down 54 pkts / 5160 bytes
up 110 pkts / 132054 bytes   down 54 pkts / 5160 bytes
up 110 pkts / 132054 bytes   down 54 pkts / 5160 bytes
up 110 pkts / 132054 bytes   down 54 pkts / 5160 bytes
up 110 pkts / 132054 bytes   down 54 pkts / 5160 bytes
up 110 pkts / 132054 bytes   down 54 pkts / 5160 bytes
up 110 pkts / 132054 bytes   down 54 pkts / 5160 bytes
up 110 pkts / 132054 bytes   down 54 pkts / 5160 bytes
up 110 pkts / 132054 bytes   down 54 pkts / 5160 bytes
up 110 pkts / 132054 bytes   down 54 pkts / 5160 bytes
up 110 pkts / 132054 bytes   down 54 pkts / 5160 bytes
up 110 pkts / 132054 bytes   down 54 pkts / 5160 bytes
up 110 pkts / 132054 bytes   down 54 pkts / 5160 bytes
up 110 pkts / 132054 bytes   down 54 pkts / 5160 bytes
up 110 pkts / 132054 bytes   down 54 pkts / 5160 bytes
up 110 pkts / 132054 bytes   down 54 pkts / 5160 bytes
up 110 pkts / 132054 bytes   down 54 pkts / 5160 bytes
up 110 pkts / 132054 bytes   down 54 pkts / 5160 bytes
up 110 pkts / 132054 bytes   down 54 pkts / 5160 bytes
up 110 pkts / 132054 bytes   down 54 pkts / 5160 bytes
up 110 pkts / 132054 bytes   down 54 pkts / 5160 bytes
up 110 pkts / 132054 bytes   down 54 pkts / 5160 bytes
up 110 pkts / 132054 bytes   down 54 pkts / 5160 bytes
up 110 pkts / 132054 bytes   down 54 pkts / 5160 bytes
up 110 pkts / 132054 bytes   down 54 pkts / 5160 bytes
up 110 pkts / 132054 bytes   down 54 pkts / 5160 bytes
up 110 pkts / 132054 bytes   down 54 pkts / 5160 bytes
up 110 pkts / 132054 bytes   down 54 pkts / 5160 bytes
up 110 pkts / 132054 bytes   down 54 pkts / 5160 bytes
up 110 pkts / 132054 bytes   down 54 pkts / 5160 bytes
up 110 pkts / 132054 bytes   down 54 pkts / 5160 bytes
up 110 pkts / 132054 bytes   down 54 pkts / 5160 bytes
up 110 pkts / 132054 bytes   down 54 pkts / 5160 bytes
up 110 pkts / 132054 bytes   down 54 pkts / 5160 bytes
up 110 pkts / 132054 bytes   down 54 pkts / 5160 bytes
up 110 pkts / 132054 bytes   down 54 pkts / 5160 bytes
up 110 pkts / 132054 bytes   down 54 pkts / 5160 bytes
up 110 pkts / 132054 bytes   down 54 pkts / 5160 bytes
up 110 pkts / 132054 bytes   down 54 pkts / 5160 bytes
up 110 pkts / 132054 bytes   down 54 pkts / 5160 bytes
up 110 pkts / 132054 bytes   down 54 pkts / 5160 bytes
up 110 pkts / 132054 bytes   down 54 pkts / 5160 bytes
up 110 pkts / 132054 bytes   down 54 pkts / 5160 bytes
up 110 pkts / 132054 bytes   down 54 pkts / 5160 bytes
up 110 pkts / 132054 bytes   down 54 pkts / 5160 bytes
up 110 pkts / 132054 bytes   down 54 pkts / 5160 bytes
up 110 pkts / 132054 bytes   down 54 pkts / 5160 bytes
up 110 pkts / 132054 bytes   down 54 pkts / 5160 bytes
up 110 pkts / 132054 bytes   down 54 pkts / 5160 bytes
up 110 pkts / 132054 bytes   down 54 pkts / 5160 bytes
up 110 pkts / 132054 bytes   down 54 pkts / 5160 bytes
up 110 pkts / 132054 bytes   down 54 pkts / 5160 bytes
up 110 pkts / 132054 bytes   down 54 pkts / 5160 bytes
up 110 pkts / 132054 bytes   down 54 pkts / 5160 bytes
up 110 pkts / 132054 bytes   down 54 pkts / 5160 bytes
up 110 pkts / 132054 bytes   down 54 pkts / 5160 bytes
up 110 pkts / 132054 bytes   down 54 pkts / 5160 bytes
up 110 pkts / 132054 bytes   down 54 pkts / 5160 bytes
up 110 pkts / 132054 bytes   down 54 pkts / 5160 bytes
up 110 pkts / 132054 bytes   down 54 pkts / 5160 bytes
up 110 pkts / 132054 bytes   down 54 pkts / 5160 bytes
up 110 pkts / 132054 bytes   down 54 pkts / 5160 bytes
up 110 pkts / 132054 bytes   down 54 pkts / 5160 bytes
up 110 pkts / 132054 bytes   down 54 pkts / 5160 bytes
up 110 pkts / 132054 bytes   down 54 pkts / 5160 bytes
up 110 pkts / 132054 bytes   down 54 pkts / 5160 bytes
up 110 pkts / 132054 bytes   down 54 pkts / 5160 bytes
up 110 pkts / 132054 bytes   down 54 pkts / 5160 bytes
up 110 pkts / 132054 bytes   down 54 pkts / 5160 bytes
up 110 pkts / 132054 bytes   down 54 pkts / 5160 bytes
up 110 pkts / 132054 bytes   down 54 pkts / 5160 bytes
up 110 pkts / 132054 bytes   down 54 pkts / 5160 bytes
up 110 pkts / 132054 bytes   down 54 pkts / 5160 bytes
up 110 pkts / 132054 bytes   down 54 pkts / 5160 bytes
up 110 pkts / 132054 bytes   down 54 pkts / 5160 bytes
up 110 pkts / 132054 bytes   down 54 pkts / 5160 bytes
up 110 pkts / 132054 bytes   down 54 pkts / 5160 bytes
up 110 pkts / 132054 bytes   down 54 pkts / 5160 bytes
up 110 pkts / 132054 bytes   down 54 pkts / 5160 bytes
up 110 pkts / 132054 bytes   down 54 pkts / 5160 bytes
up 110 pkts / 132054 bytes   down 54 pkts / 5160 bytes
up 110 pkts / 132054 bytes   down 54 pkts / 5160 bytes
up 110 pkts / 132054 bytes   down 54 pkts / 5160 bytes
up 110 pkts / 132054 bytes   down 54 pkts / 5160 bytes
up 110 pkts / 132054 bytes   down 54 pkts / 5160 bytes
up 110 pkts / 132054 bytes   down 54 pkts / 5160 bytes
up 110 pkts / 132054 bytes   down 54 pkts / 5160 bytes
up 110 pkts / 132054 bytes   down 54 pkts / 5160 bytes
up 110 pkts / 132054 bytes   down 54 pkts / 5160 bytes
up 110 pkts / 132054 bytes   down 54 pkts / 5160 bytes
up 110 pkts / 132054 bytes   down 54 pkts / 5160 bytes
up 110 pkts / 132054 bytes   down 54 pkts / 5160 bytes
up 110 pkts / 132054 bytes   down 54 pkts / 5160 bytes
up 110 pkts / 132054 bytes   down 54 pkts / 5160 bytes
up 110 pkts / 132054 bytes   down 54 pkts / 5160 bytes
up 110 pkts / 132054 bytes   down 54 pkts / 5160 bytes
up 110 pkts / 132054 bytes   down 54 pkts / 5160 bytes
up 110 pkts / 132054 bytes   down 54 pkts / 5160 bytes
up 110 pkts / 132054 bytes   down 54 pkts / 5160 bytes
up 110 pkts / 132054 bytes   down 54 pkts / 5160 bytes
up 110 pkts / 132054 bytes   down 54 pkts / 5160 bytes
up 110 pkts / 132054 bytes   down 54 pkts / 5160 bytes
up 110 pkts / 132054 bytes   down 54 pkts / 5160 bytes
up 110 pkts / 132054 bytes   down 54 pkts / 5160 bytes
up 110 pkts / 132054 bytes   down 54 pkts / 5160 bytes
up 110 pkts / 132054 bytes   down 54 pkts / 5160 bytes
relay: upstream session opened
up 114 pkts / 136854 bytes   down 58 pkts / 5508 bytes
up 122 pkts / 146454 bytes   down 66 pkts / 6220 bytes
up 132 pkts / 158454 bytes   down 76 pkts / 7130 bytes
up 142 pkts / 170454 bytes   down 85 pkts / 7991 bytes
up 148 pkts / 177654 bytes   down 90 pkts / 8481 bytes
up 156 pkts / 187254 bytes   down 96 pkts / 9069 bytes
up 164 pkts / 196854 bytes   down 104 pkts / 9845 bytes
up 164 pkts / 196854 bytes   down 104 pkts / 9845 bytes
up 164 pkts / 196854 bytes   down 104 pkts / 9845 bytes
up 164 pkts / 196854 bytes   down 104 pkts / 9845 bytes
up 164 pkts / 196854 bytes   down 104 pkts / 9845 bytes
up 164 pkts / 196854 bytes   down 104 pkts / 9845 bytes
up 164 pkts / 196854 bytes   down 104 pkts / 9845 bytes
up 164 pkts / 196854 bytes   down 104 pkts / 9845 bytes
up 164 pkts / 196854 bytes   down 104 pkts / 9845 bytes
up 164 pkts / 196854 bytes   down 104 pkts / 9845 bytes
up 164 pkts / 196854 bytes   down 104 pkts / 9845 bytes
up 164 pkts / 196854 bytes   down 104 pkts / 9845 bytes
up 164 pkts / 196854 bytes   down 104 pkts / 9845 bytes
up 164 pkts / 196854 bytes   down 104 pkts / 9845 bytes
up 164 pkts / 196854 bytes   down 104 pkts / 9845 bytes
up 164 pkts / 196854 bytes   down 104 pkts / 9845 bytes
up 164 pkts / 196854 bytes   down 104 pkts / 9845 bytes
up 164 pkts / 196854 bytes   down 104 pkts / 9845 bytes
up 164 pkts / 196854 bytes   down 104 pkts / 9845 bytes
up 164 pkts / 196854 bytes   down 104 pkts / 9845 bytes
up 164 pkts / 196854 bytes   down 104 pkts / 9845 bytes
up 164 pkts / 196854 bytes   down 104 pkts / 9845 bytes
up 164 pkts / 196854 bytes   down 104 pkts / 9845 bytes
up 164 pkts / 196854 bytes   down 104 pkts / 9845 bytes
up 164 pkts / 196854 bytes   down 104 pkts / 9845 bytes
up 164 pkts / 196854 bytes   down 104 pkts / 9845 bytes
up 164 pkts / 196854 bytes   down 104 pkts / 9845 bytes
up 164 pkts / 196854 bytes   down 104 pkts / 9845 bytes
up 164 pkts / 196854 bytes   down 104 pkts / 9845 bytes
up 164 pkts / 196854 bytes   down 104 pkts / 9845 bytes
up 164 pkts / 196854 bytes   down 104 pkts / 9845 bytes
up 164 pkts / 196854 bytes   down 104 pkts / 9845 bytes
up 164 pkts / 196854 bytes   down 104 pkts / 9845 bytes
up 164 pkts / 196854 bytes   down 104 pkts / 9845 bytes
up 164 pkts / 196854 bytes   down 104 pkts / 9845 bytes
up 164 pkts / 196854 bytes   down 104 pkts / 9845 bytes
up 164 pkts / 196854 bytes   down 104 pkts / 9845 bytes
up 164 pkts / 196854 bytes   down 104 pkts / 9845 bytes
up 164 pkts / 196854 bytes   down 104 pkts / 9845 bytes
up 164 pkts / 196854 bytes   down 104 pkts / 9845 bytes
up 164 pkts / 196854 bytes   down 104 pkts / 9845 bytes
up 164 pkts / 196854 bytes   down 104 pkts / 9845 bytes
up 164 pkts / 196854 bytes   down 104 pkts / 9845 bytes
up 164 pkts / 196854 bytes   down 104 pkts / 9845 bytes
up 164 pkts / 196854 bytes   down 104 pkts / 9845 bytes
up 164 pkts / 196854 bytes   down 104 pkts / 9845 bytes
up 164 pkts / 196854 bytes   down 104 pkts / 9845 bytes
up 164 pkts / 196854 bytes   down 104 pkts / 9845 bytes
up 164 pkts / 196854 bytes   down 104 pkts / 9845 bytes
up 164 pkts / 196854 bytes   down 104 pkts / 9845 bytes
up 164 pkts / 196854 bytes   down 104 pkts / 9845 bytes
up 164 pkts / 196854 bytes   down 104 pkts / 9845 bytes
up 164 pkts / 196854 bytes   down 104 pkts / 9845 bytes
up 164 pkts / 196854 bytes   down 104 pkts / 9845 bytes
up 164 pkts / 196854 bytes   down 104 pkts / 9845 bytes
up 164 pkts / 196854 bytes   down 104 pkts / 9845 bytes
up 164 pkts / 196854 bytes   down 104 pkts / 9845 bytes
up 164 pkts / 196854 bytes   down 104 pkts / 9845 bytes
up 164 pkts / 196854 bytes   down 104 pkts / 9845 bytes
up 164 pkts / 196854 bytes   down 104 pkts / 9845 bytes
up 164 pkts / 196854 bytes   down 104 pkts / 9845 bytes
up 164 pkts / 196854 bytes   down 104 pkts / 9845 bytes
up 164 pkts / 196854 bytes   down 104 pkts / 9845 bytes
up 164 pkts / 196854 bytes   down 104 pkts / 9845 bytes
up 164 pkts / 196854 bytes   down 104 pkts / 9845 bytes
up 164 pkts / 196854 bytes   down 104 pkts / 9845 bytes
up 164 pkts / 196854 bytes   down 104 pkts / 9845 bytes
up 164 pkts / 196854 bytes   down 104 pkts / 9845 bytes
up 164 pkts / 196854 bytes   down 104 pkts / 9845 bytes
up 164 pkts / 196854 bytes   down 104 pkts / 9845 bytes
up 164 pkts / 196854 bytes   down 104 pkts / 9845 bytes
up 164 pkts / 196854 bytes   down 104 pkts / 9845 bytes
up 164 pkts / 196854 bytes   down 104 pkts / 9845 bytes
up 164 pkts / 196854 bytes   down 104 pkts / 9845 bytes
up 164 pkts / 196854 bytes   down 104 pkts / 9845 bytes
up 164 pkts / 196854 bytes   down 104 pkts / 9845 bytes
up 164 pkts / 196854 bytes   down 104 pkts / 9845 bytes
up 164 pkts / 196854 bytes   down 104 pkts / 9845 bytes
up 164 pkts / 196854 bytes   down 104 pkts / 9845 bytes
up 164 pkts / 196854 bytes   down 104 pkts / 9845 bytes
up 164 pkts / 196854 bytes   down 104 pkts / 9845 bytes
up 164 pkts / 196854 bytes   down 104 pkts / 9845 bytes
up 164 pkts / 196854 bytes   down 104 pkts / 9845 bytes
up 164 pkts / 196854 bytes   down 104 pkts / 9845 bytes
up 164 pkts / 196854 bytes   down 104 pkts / 9845 bytes
up 164 pkts / 196854 bytes   down 104 pkts / 9845 bytes
up 164 pkts / 196854 bytes   down 104 pkts / 9845 bytes
up 164 pkts / 196854 bytes   down 104 pkts / 9845 bytes
up 164 pkts / 196854 bytes   down 104 pkts / 9845 bytes
up 164 pkts / 196854 bytes   down 104 pkts / 9845 bytes
up 164 pkts / 196854 bytes   down 104 pkts / 9845 bytes
up 164 pkts / 196854 bytes   down 104 pkts / 9845 bytes
up 164 pkts / 196854 bytes   down 104 pkts / 9845 bytes
up 164 pkts / 196854 bytes   down 104 pkts / 9845 bytes
up 164 pkts / 196854 bytes   down 104 pkts / 9845 bytes
up 164 pkts / 196854 bytes   down 104 pkts / 9845 bytes
up 164 pkts / 196854 bytes   down 104 pkts / 9845 bytes
up 164 pkts / 196854 bytes   down 104 pkts / 9845 bytes
up 164 pkts / 196854 bytes   down 104 pkts / 9845 bytes
up 164 pkts / 196854 bytes   down 104 pkts / 9845 bytes
up 164 pkts / 196854 bytes   down 104 pkts / 9845 bytes
up 164 pkts / 196854 bytes   down 104 pkts / 9845 bytes
up 164 pkts / 196854 bytes   down 104 pkts / 9845 bytes
up 164 pkts / 196854 bytes   down 104 pkts / 9845 bytes
up 164 pkts / 196854 bytes   down 104 pkts / 9845 bytes
up 164 pkts / 196854 bytes   down 104 pkts / 9845 bytes
up 164 pkts / 196854 bytes   down 104 pkts / 9845 bytes
up 164 pkts / 196854 bytes   down 104 pkts / 9845 bytes
up 164 pkts / 196854 bytes   down 104 pkts / 9845 bytes
up 164 pkts / 196854 bytes   down 104 pkts / 9845 bytes
up 164 pkts / 196854 bytes   down 104 pkts / 9845 bytes
up 164 pkts / 196854 bytes   down 104 pkts / 9845 bytes
up 164 pkts / 196854 bytes   down 104 pkts / 9845 bytes
up 164 pkts / 196854 bytes   down 104 pkts / 9845 bytes
up 164 pkts / 196854 bytes   down 104 pkts / 9845 bytes
up 164 pkts / 196854 bytes   down 104 pkts / 9845 bytes
up 164 pkts / 196854 bytes   down 104 pkts / 9845 bytes
up 164 pkts / 196854 bytes   down 104 pkts / 9845 bytes
up 164 pkts / 196854 bytes   down 104 pkts / 9845 bytes
up 164 pkts / 196854 bytes   down 104 pkts / 9845 bytes
up 164 pkts / 196854 bytes   down 104 pkts / 9845 bytes
up 164 pkts / 196854 bytes   down 104 pkts / 9845 bytes
up 164 pkts / 196854 bytes   down 104 pkts / 9845 bytes
up 164 pkts / 196854 bytes   down 104 pkts / 9845 bytes
up 164 pkts / 196854 bytes   down 104 pkts / 9845 bytes
up 164 pkts / 196854 bytes   down 104 pkts / 9845 bytes
up 164 pkts / 196854 bytes   down 104 pkts / 9845 bytes
up 164 pkts / 196854 bytes   down 104 pkts / 9845 bytes
up 164 pkts / 196854 bytes   down 104 pkts / 9845 bytes
up 164 pkts / 196854 bytes   down 104 pkts / 9845 bytes
up 164 pkts / 196854 bytes   down 104 pkts / 9845 bytes
up 164 pkts / 196854 bytes   down 104 pkts / 9845 bytes
up 164 pkts / 196854 bytes   down 104 pkts / 9845 bytes
up 164 pkts / 196854 bytes   down 104 pkts / 9845 bytes
up 164 pkts / 196854 bytes   down 104 pkts / 9845 bytes
up 164 pkts / 196854 bytes   down 104 pkts / 9845 bytes
up 164 pkts / 196854 bytes   down 104 pkts / 9845 bytes
up 164 pkts / 196854 bytes   down 104 pkts / 9845 bytes
up 164 pkts / 196854 bytes   down 104 pkts / 9845 bytes
up 164 pkts / 196854 bytes   down 104 pkts / 9845 bytes
up 164 pkts / 196854 bytes   down 104 pkts / 9845 bytes
up 164 pkts / 196854 bytes   down 104 pkts / 9845 bytes
up 164 pkts / 196854 bytes   down 104 pkts / 9845 bytes
up 164 pkts / 196854 bytes   down 104 pkts / 9845 bytes
up 164 pkts / 196854 bytes   down 104 pkts / 9845 bytes
up 164 pkts / 196854 bytes   down 104 pkts / 9845 bytes
up 164 pkts / 196854 bytes   down 104 pkts / 9845 bytes
up 164 pkts / 196854 bytes   down 104 pkts / 9845 bytes
up 164 pkts / 196854 bytes   down 104 pkts / 9845 bytes
up 164 pkts / 196854 bytes   down 104 pkts / 9845 bytes
up 164 pkts / 196854 bytes   down 104 pkts / 9845 bytes
up 164 pkts / 196854 bytes   down 104 pkts / 9845 bytes
up 164 pkts / 196854 bytes   down 104 pkts / 9845 bytes
up 164 pkts / 196854 bytes   down 104 pkts / 9845 bytes
up 164 pkts / 196854 bytes   down 104 pkts / 9845 bytes
up 164 pkts / 196854 bytes   down 104 pkts / 9845 bytes
up 164 pkts / 196854 bytes   down 104 pkts / 9845 bytes
up 164 pkts / 196854 bytes   down 104 pkts / 9845 bytes
up 164 pkts / 196854 bytes   down 104 pkts / 9845 bytes
up 164 pkts / 196854 bytes   down 104 pkts / 9845 bytes
up 164 pkts / 196854 bytes   down 104 pkts / 9845 bytes
up 164 pkts / 196854 bytes   down 104 pkts / 9845 bytes
up 164 pkts / 196854 bytes   down 104 pkts / 9845 bytes
up 164 pkts / 196854 bytes   down 104 pkts / 9845 bytes
up 164 pkts / 196854 bytes   down 104 pkts / 9845 bytes
up 164 pkts / 196854 bytes   down 104 pkts / 9845 bytes
up 164 pkts / 196854 bytes   down 104 pkts / 9845 bytes
up 164 pkts / 196854 bytes   down 104 pkts / 9845 bytes
up 164 pkts / 196854 bytes   down 104 pkts / 9845 bytes
up 164 pkts / 196854 bytes   down 104 pkts / 9845 bytes
up 164 pkts / 196854 bytes   down 104 pkts / 9845 bytes
up 164 pkts / 196854 bytes   down 104 pkts / 9845 bytes
up 164 pkts / 196854 bytes   down 104 pkts / 9845 bytes
up 164 pkts / 196854 bytes   down 104 pkts / 9845 bytes
up 164 pkts / 196854 bytes   down 104 pkts / 9845 bytes
up 164 pkts / 196854 bytes   down 104 pkts / 9845 bytes
up 164 pkts / 196854 bytes   down 104 pkts / 9845 bytes
up 164 pkts / 196854 bytes   down 104 pkts / 9845 bytes
up 164 pkts / 196854 bytes   down 104 pkts / 9845 bytes
up 164 pkts / 196854 bytes   down 104 pkts / 9845 bytes
up 164 pkts / 196854 bytes   down 104 pkts / 9845 bytes
up 164 pkts / 196854 bytes   down 104 pkts / 9845 bytes
up 164 pkts / 196854 bytes   down 104 pkts / 9845 bytes
up 164 pkts / 196854 bytes   down 104 pkts / 9845 bytes
up 164 pkts / 196854 bytes   down 104 pkts / 9845 bytes
up 164 pkts / 196854 bytes   down 104 pkts / 9845 bytes
up 164 pkts / 196854 bytes   down 104 pkts / 9845 bytes
up 164 pkts / 196854 bytes   down 104 pkts / 9845 bytes
up 164 pkts / 196854 bytes   down 104 pkts / 9845 bytes
up 164 pkts / 196854 bytes   down 104 pkts / 9845 bytes
up 164 pkts / 196854 bytes   down 104 pkts / 9845 bytes
up 164 pkts / 196854 bytes   down 104 pkts / 9845 bytes
up 164 pkts / 196854 bytes   down 104 pkts / 9845 bytes
up 164 pkts / 196854 bytes   down 104 pkts / 9845 bytes
up 164 pkts / 196854 bytes   down 104 pkts / 9845 bytes
up 164 pkts / 196854 bytes   down 104 pkts / 9845 bytes
up 164 pkts / 196854 bytes   down 104 pkts / 9845 bytes
up 164 pkts / 196854 bytes   down 104 pkts / 9845 bytes
up 164 pkts / 196854 bytes   down 104 pkts / 9845 bytes
up 164 pkts / 196854 bytes   down 104 pkts / 9845 bytes
up 164 pkts / 196854 bytes   down 104 pkts / 9845 bytes
up 164 pkts / 196854 bytes   down 104 pkts / 9845 bytes
up 164 pkts / 196854 bytes   down 104 pkts / 9845 bytes
up 164 pkts / 196854 bytes   down 104 pkts / 9845 bytes
up 164 pkts / 196854 bytes   down 104 pkts / 9845 bytes
up 164 pkts / 196854 bytes   down 104 pkts / 9845 bytes
up 164 pkts / 196854 bytes   down 104 pkts / 9845 bytes
up 164 pkts / 196854 bytes   down 104 pkts / 9845 bytes
up 164 pkts / 196854 bytes   down 104 pkts / 9845 bytes
up 164 pkts / 196854 bytes   down 104 pkts / 9845 bytes
up 164 pkts / 196854 bytes   down 104 pkts / 9845 bytes
up 164 pkts / 196854 bytes   down 104 pkts / 9845 bytes
up 164 pkts / 196854 bytes   down 104 pkts / 9845 bytes
up 164 pkts / 196854 bytes   down 104 pkts / 9845 bytes
up 164 pkts / 196854 bytes   down 104 pkts / 9845 bytes
up 164 pkts / 196854 bytes   down 104 pkts / 9845 bytes
up 164 pkts / 196854 bytes   down 104 pkts / 9845 bytes
up 164 pkts / 196854 bytes   down 104 pkts / 9845 bytes
up 164 pkts / 196854 bytes   down 104 pkts / 9845 bytes
up 164 pkts / 196854 bytes   down 104 pkts / 9845 bytes
up 164 pkts / 196854 bytes   down 104 pkts / 9845 bytes
up 164 pkts / 196854 bytes   down 104 pkts / 9845 bytes
up 164 pkts / 196854 bytes   down 104 pkts / 9845 bytes
up 164 pkts / 196854 bytes   down 104 pkts / 9845 bytes
up 164 pkts / 196854 bytes   down 104 pkts / 9845 bytes
up 164 pkts / 196854 bytes   down 104 pkts / 9845 bytes
up 164 pkts / 196854 bytes   down 104 pkts / 9845 bytes
up 164 pkts / 196854 bytes   down 104 pkts / 9845 bytes
up 164 pkts / 196854 bytes   down 104 pkts / 9845 bytes
up 164 pkts / 196854 bytes   down 104 pkts / 9845 bytes
up 164 pkts / 196854 bytes   down 104 pkts / 9845 bytes
up 164 pkts / 196854 bytes   down 104 pkts / 9845 bytes
up 164 pkts / 196854 bytes   down 104 pkts / 9845 bytes
up 164 pkts / 196854 bytes   down 104 pkts / 9845 bytes
up 164 pkts / 196854 bytes   down 104 pkts / 9845 bytes
up 164 pkts / 196854 bytes   down 104 pkts / 9845 bytes
up 164 pkts / 196854 bytes   down 104 pkts / 9845 bytes
up 164 pkts / 196854 bytes   down 104 pkts / 9845 bytes
up 164 pkts / 196854 bytes   down 104 pkts / 9845 bytes
up 164 pkts / 196854 bytes   down 104 pkts / 9845 bytes
up 164 pkts / 196854 bytes   down 104 pkts / 9845 bytes
up 164 pkts / 196854 bytes   down 104 pkts / 9845 bytes
up 164 pkts / 196854 bytes   down 104 pkts / 9845 bytes
up 164 pkts / 196854 bytes   down 104 pkts / 9845 bytes
up 164 pkts / 196854 bytes   down 104 pkts / 9845 bytes
up 164 pkts / 196854 bytes   down 104 pkts / 9845 bytes
up 164 pkts / 196854 bytes   down 104 pkts / 9845 bytes
up 164 pkts / 196854 bytes   down 104 pkts / 9845 bytes
up 164 pkts / 196854 bytes   down 104 pkts / 9845 bytes
up 164 pkts / 196854 bytes   down 104 pkts / 9845 bytes
up 164 pkts / 196854 bytes   down 104 pkts / 9845 bytes
up 164 pkts / 196854 bytes   down 104 pkts / 9845 bytes
up 164 pkts / 196854 bytes   down 104 pkts / 9845 bytes
up 164 pkts / 196854 bytes   down 104 pkts / 9845 bytes
up 164 pkts / 196854 bytes   down 104 pkts / 9845 bytes
up 164 pkts / 196854 bytes   down 104 pkts / 9845 bytes
up 164 pkts / 196854 bytes   down 104 pkts / 9845 bytes
up 164 pkts / 196854 bytes   down 104 pkts / 9845 bytes
up 164 pkts / 196854 bytes   down 104 pkts / 9845 bytes
up 164 pkts / 196854 bytes   down 104 pkts / 9845 bytes
up 164 pkts / 196854 bytes   down 104 pkts / 9845 bytes
up 164 pkts / 196854 bytes   down 104 pkts / 9845 bytes
up 164 pkts / 196854 bytes   down 104 pkts / 9845 bytes
up 164 pkts / 196854 bytes   down 104 pkts / 9845 bytes
up 164 pkts / 196854 bytes   down 104 pkts / 9845 bytes
up 164 pkts / 196854 bytes   down 104 pkts / 9845 bytes
up 164 pkts / 196854 bytes   down 104 pkts / 9845 bytes
up 164 pkts / 196854 bytes   down 104 pkts / 9845 bytes
up 164 pkts / 196854 bytes   down 104 pkts / 9845 bytes
up 164 pkts / 196854 bytes   down 104 pkts / 9845 bytes
up 164 pkts / 196854 bytes   down 104 pkts / 9845 bytes
up 164 pkts / 196854 bytes   down 104 pkts / 9845 bytes
up 164 pkts / 196854 bytes   down 104 pkts / 9845 bytes
up 164 pkts / 196854 bytes   down 104 pkts / 9845 bytes
up 164 pkts / 196854 bytes   down 104 pkts / 9845 bytes
up 164 pkts / 196854 bytes   down 104 pkts / 9845 bytes
up 164 pkts / 196854 bytes   down 104 pkts / 9845 bytes
up 164 pkts / 196854 bytes   down 104 pkts / 9845 bytes
up 164 pkts / 196854 bytes   down 104 pkts / 9845 bytes
up 164 pkts / 196854 bytes   down 104 pkts / 9845 bytes
up 164 pkts / 196854 bytes   down 104 pkts / 9845 bytes
up 164 pkts / 196854 bytes   down 104 pkts / 9845 bytes
up 164 pkts / 196854 bytes   down 104 pkts / 9845 bytes
up 164 pkts / 196854 bytes   down 104 pkts / 9845 bytes
up 164 pkts / 196854 bytes   down 104 pkts / 9845 bytes
up 164 pkts / 196854 bytes   down 104 pkts / 9845 bytes
up 164 pkts / 196854 bytes   down 104 pkts / 9845 bytes
up 164 pkts / 196854 bytes   down 104 pkts / 9845 bytes
up 164 pkts / 196854 bytes   down 104 pkts / 9845 bytes
up 164 pkts / 196854 bytes   down 104 pkts / 9845 bytes
up 164 pkts / 196854 bytes   down 104 pkts / 9845 bytes
up 164 pkts / 196854 bytes   down 104 pkts / 9845 bytes
up 164 pkts / 196854 bytes   down 104 pkts / 9845 bytes
up 164 pkts / 196854 bytes   down 104 pkts / 9845 bytes
up 164 pkts / 196854 bytes   down 104 pkts / 9845 bytes
up 164 pkts / 196854 bytes   down 104 pkts / 9845 bytes
up 164 pkts / 196854 bytes   down 104 pkts / 9845 bytes
up 164 pkts / 196854 bytes   down 104 pkts / 9845 bytes
up 164 pkts / 196854 bytes   down 104 pkts / 9845 bytes
up 164 pkts / 196854 bytes   down 104 pkts / 9845 bytes
up 164 pkts / 196854 bytes   down 104 pkts / 9845 bytes
up 164 pkts / 196854 bytes   down 104 pkts / 9845 bytes
up 164 pkts / 196854 bytes   down 104 pkts / 9845 bytes
up 164 pkts / 196854 bytes   down 104 pkts / 9845 bytes
up 164 pkts / 196854 bytes   down 104 pkts / 9845 bytes
up 164 pkts / 196854 bytes   down 104 pkts / 9845 bytes
up 164 pkts / 196854 bytes   down 104 pkts / 9845 bytes
up 164 pkts / 196854 bytes   down 104 pkts / 9845 bytes
up 164 pkts / 196854 bytes   down 104 pkts / 9845 bytes
up 164 pkts / 196854 bytes   down 104 pkts / 9845 bytes
up 164 pkts / 196854 bytes   down 104 pkts / 9845 bytes
up 164 pkts / 196854 bytes   down 104 pkts / 9845 bytes
up 164 pkts / 196854 bytes   down 104 pkts / 9845 bytes
up 164 pkts / 196854 bytes   down 104 pkts / 9845 bytes
up 164 pkts / 196854 bytes   down 104 pkts / 9845 bytes
up 164 pkts / 196854 bytes   down 104 pkts / 9845 bytes
up 164 pkts / 196854 bytes   down 104 pkts / 9845 bytes
up 164 pkts / 196854 bytes   down 104 pkts / 9845 bytes
up 164 pkts / 196854 bytes   down 104 pkts / 9845 bytes
up 164 pkts / 196854 bytes   down 104 pkts / 9845 bytes
up 164 pkts / 196854 bytes   down 104 pkts / 9845 bytes
up 164 pkts / 196854 bytes   down 104 pkts / 9845 bytes
up 164 pkts / 196854 bytes   down 104 pkts / 9845 bytes
up 164 pkts / 196854 bytes   down 104 pkts / 9845 bytes
up 164 pkts / 196854 bytes   down 104 pkts / 9845 bytes
up 164 pkts / 196854 bytes   down 104 pkts / 9845 bytes
up 164 pkts / 196854 bytes   down 104 pkts / 9845 bytes
up 164 pkts / 196854 bytes   down 104 pkts / 9845 bytes
up 164 pkts / 196854 bytes   down 104 pkts / 9845 bytes
up 164 pkts / 196854 bytes   down 104 pkts / 9845 bytes
up 164 pkts / 196854 bytes   down 104 pkts / 9845 bytes
up 164 pkts / 196854 bytes   down 104 pkts / 9845 bytes
up 164 pkts / 196854 bytes   down 104 pkts / 9845 bytes
up 164 pkts / 196854 bytes   down 104 pkts / 9845 bytes
up 164 pkts / 196854 bytes   down 104 pkts / 9845 bytes
up 164 pkts / 196854 bytes   down 104 pkts / 9845 bytes
up 164 pkts / 196854 bytes   down 104 pkts / 9845 bytes
up 164 pkts / 196854 bytes   down 104 pkts / 9845 bytes
up 164 pkts / 196854 bytes   down 104 pkts / 9845 bytes
up 164 pkts / 196854 bytes   down 104 pkts / 9845 bytes
up 164 pkts / 196854 bytes   down 104 pkts / 9845 bytes
up 164 pkts / 196854 bytes   down 104 pkts / 9845 bytes
up 164 pkts / 196854 bytes   down 104 pkts / 9845 bytes
up 164 pkts / 196854 bytes   down 104 pkts / 9845 bytes
up 164 pkts / 196854 bytes   down 104 pkts / 9845 bytes
up 164 pkts / 196854 bytes   down 104 pkts / 9845 bytes
up 164 pkts / 196854 bytes   down 104 pkts / 9845 bytes
up 164 pkts / 196854 bytes   down 104 pkts / 9845 bytes
up 164 pkts / 196854 bytes   down 104 pkts / 9845 bytes
up 164 pkts / 196854 bytes   down 104 pkts / 9845 bytes
up 164 pkts / 196854 bytes   down 104 pkts / 9845 bytes
up 164 pkts / 196854 bytes   down 104 pkts / 9845 bytes
up 164 pkts / 196854 bytes   down 104 pkts / 9845 bytes
up 164 pkts / 196854 bytes   down 104 pkts / 9845 bytes
up 164 pkts / 196854 bytes   down 104 pkts / 9845 bytes
up 164 pkts / 196854 bytes   down 104 pkts / 9845 bytes
up 164 pkts / 196854 bytes   down 104 pkts / 9845 bytes
up 164 pkts / 196854 bytes   down 104 pkts / 9845 bytes
up 164 pkts / 196854 bytes   down 104 pkts / 9845 bytes
up 164 pkts / 196854 bytes   down 104 pkts / 9845 bytes
up 164 pkts / 196854 bytes   down 104 pkts / 9845 bytes
up 164 pkts / 196854 bytes   down 104 pkts / 9845 bytes
up 164 pkts / 196854 bytes   down 104 pkts / 9845 bytes
up 164 pkts / 196854 bytes   down 104 pkts / 9845 bytes
up 164 pkts / 196854 bytes   down 104 pkts / 9845 bytes
up 164 pkts / 196854 bytes   down 104 pkts / 9845 bytes
up 164 pkts / 196854 bytes   down 104 pkts / 9845 bytes
up 164 pkts / 196854 bytes   down 104 pkts / 9845 bytes
up 164 pkts / 196854 bytes   down 104 pkts / 9845 bytes
up 164 pkts / 196854 bytes   down 104 pkts / 9845 bytes
relay: upstream session opened
up 165 pkts / 196882 bytes   down 104 pkts / 9845 bytes
up 165 pkts / 196882 bytes   down 104 pkts / 9845 bytes
up 165 pkts / 196882 bytes   down 104 pkts / 9845 bytes
up 165 pkts / 196882 bytes   down 104 pkts / 9845 bytes
up 165 pkts / 196882 bytes   down 104 pkts / 9845 bytes
up 165 pkts / 196882 bytes   down 104 pkts / 9845 bytes
up 165 pkts / 196882 bytes   down 104 pkts / 9845 bytes
up 165 pkts / 196882 bytes   down 104 pkts / 9845 bytes
up 165 pkts / 196882 bytes   down 104 pkts / 9845 bytes
up 165 pkts / 196882 bytes   down 104 pkts / 9845 bytes
up 165 pkts / 196882 bytes   down 104 pkts / 9845 bytes
up 165 pkts / 196882 bytes   down 104 pkts / 9845 bytes
up 165 pkts / 196882 bytes   down 104 pkts / 9845 bytes
up 165 pkts / 196882 bytes   down 104 pkts / 9845 bytes
up 165 pkts / 196882 bytes   down 104 pkts / 9845 bytes
up 165 pkts / 196882 bytes   down 104 pkts / 9845 bytes
up 165 pkts / 196882 bytes   down 104 pkts / 9845 bytes
up 165 pkts / 196882 bytes   down 104 pkts / 9845 bytes
up 165 pkts / 196882 bytes   down 104 pkts / 9845 bytes
up 165 pkts / 196882 bytes   down 104 pkts / 9845 bytes
up 165 pkts / 196882 bytes   down 104 pkts / 9845 bytes
up 165 pkts / 196882 bytes   down 104 pkts / 9845 bytes
up 165 pkts / 196882 bytes   down 104 pkts / 9845 bytes
up 165 pkts / 196882 bytes   down 104 pkts / 9845 bytes
up 165 pkts / 196882 bytes   down 104 pkts / 9845 bytes
up 165 pkts / 196882 bytes   down 104 pkts / 9845 bytes
up 165 pkts / 196882 bytes   down 104 pkts / 9845 bytes
up 165 pkts / 196882 bytes   down 104 pkts / 9845 bytes
up 165 pkts / 196882 bytes   down 104 pkts / 9845 bytes
up 165 pkts / 196882 bytes   down 104 pkts / 9845 bytes
up 165 pkts / 196882 bytes   down 104 pkts / 9845 bytes
up 165 pkts / 196882 bytes   down 104 pkts / 9845 bytes
up 165 pkts / 196882 bytes   down 104 pkts / 9845 bytes
up 165 pkts / 196882 bytes   down 104 pkts / 9845 bytes
up 165 pkts / 196882 bytes   down 104 pkts / 9845 bytes
up 165 pkts / 196882 bytes   down 104 pkts / 9845 bytes
up 165 pkts / 196882 bytes   down 104 pkts / 9845 bytes
up 165 pkts / 196882 bytes   down 104 pkts / 9845 bytes
up 165 pkts / 196882 bytes   down 104 pkts / 9845 bytes
up 165 pkts / 196882 bytes   down 104 pkts / 9845 bytes
up 165 pkts / 196882 bytes   down 104 pkts / 9845 bytes
up 165 pkts / 196882 bytes   down 104 pkts / 9845 bytes
up 165 pkts / 196882 bytes   down 104 pkts / 9845 bytes
up 165 pkts / 196882 bytes   down 104 pkts / 9845 bytes
up 165 pkts / 196882 bytes   down 104 pkts / 9845 bytes
up 165 pkts / 196882 bytes   down 104 pkts / 9845 bytes
up 165 pkts / 196882 bytes   down 104 pkts / 9845 bytes
up 165 pkts / 196882 bytes   down 104 pkts / 9845 bytes
up 165 pkts / 196882 bytes   down 104 pkts / 9845 bytes
up 165 pkts / 196882 bytes   down 104 pkts / 9845 bytes
up 165 pkts / 196882 bytes   down 104 pkts / 9845 bytes
up 165 pkts / 196882 bytes   down 104 pkts / 9845 bytes
up 165 pkts / 196882 bytes   down 104 pkts / 9845 bytes
up 165 pkts / 196882 bytes   down 104 pkts / 9845 bytes
up 165 pkts / 196882 bytes   down 104 pkts / 9845 bytes
up 165 pkts / 196882 bytes   down 104 pkts / 9845 bytes
up 165 pkts / 196882 bytes   down 104 pkts / 9845 bytes
up 165 pkts / 196882 bytes   down 104 pkts / 9845 bytes
up 165 pkts / 196882 bytes   down 104 pkts / 9845 bytes
up 165 pkts / 196882 bytes   down 104 pkts / 9845 bytes
up 165 pkts / 196882 bytes   down 104 pkts / 9845 bytes
up 165 pkts / 196882 bytes   down 104 pkts / 9845 bytes
up 165 pkts / 196882 bytes   down 104 pkts / 9845 bytes
up 165 pkts / 196882 bytes   down 104 pkts / 9845 bytes
up 165 pkts / 196882 bytes   down 104 pkts / 9845 bytes
up 165 pkts / 196882 bytes   down 104 pkts / 9845 bytes
up 165 pkts / 196882 bytes   down 104 pkts / 9845 bytes
up 165 pkts / 196882 bytes   down 104 pkts / 9845 bytes
up 165 pkts / 196882 bytes   down 104 pkts / 9845 bytes
up 165 pkts / 196882 bytes   down 104 pkts / 9845 bytes
up 165 pkts / 196882 bytes   down 104 pkts / 9845 bytes
up 165 pkts / 196882 bytes   down 104 pkts / 9845 bytes
up 165 pkts / 196882 bytes   down 104 pkts / 9845 bytes
up 165 pkts / 196882 bytes   down 104 pkts / 9845 bytes
up 165 pkts / 196882 bytes   down 104 pkts / 9845 bytes
up 165 pkts / 196882 bytes   down 104 pkts / 9845 bytes
up 165 pkts / 196882 bytes   down 104 pkts / 9845 bytes
up 165 pkts / 196882 bytes   down 104 pkts / 9845 bytes
up 165 pkts / 196882 bytes   down 104 pkts / 9845 bytes
up 165 pkts / 196882 bytes   down 104 pkts / 9845 bytes
up 165 pkts / 196882 bytes   down 104 pkts / 9845 bytes
up 165 pkts / 196882 bytes   down 104 pkts / 9845 bytes
up 165 pkts / 196882 bytes   down 104 pkts / 9845 bytes
up 165 pkts / 196882 bytes   down 104 pkts / 9845 bytes
up 165 pkts / 196882 bytes   down 104 pkts / 9845 bytes
up 165 pkts / 196882 bytes   down 104 pkts / 9845 bytes
up 165 pkts / 196882 bytes   down 104 pkts / 9845 bytes
up 165 pkts / 196882 bytes   down 104 pkts / 9845 bytes
up 165 pkts / 196882 bytes   down 104 pkts / 9845 bytes
up 165 pkts / 196882 bytes   down 104 pkts / 9845 bytes
up 165 pkts / 196882 bytes   down 104 pkts / 9845 bytes
up 165 pkts / 196882 bytes   down 104 pkts / 9845 bytes
up 165 pkts / 196882 bytes   down 104 pkts / 9845 bytes
up 165 pkts / 196882 bytes   down 104 pkts / 9845 bytes
up 165 pkts / 196882 bytes   down 104 pkts / 9845 bytes
up 165 pkts / 196882 bytes   down 104 pkts / 9845 bytes
up 165 pkts / 196882 bytes   down 104 pkts / 9845 bytes
up 165 pkts / 196882 bytes   down 104 pkts / 9845 bytes
up 165 pkts / 196882 bytes   down 104 pkts / 9845 bytes
up 165 pkts / 196882 bytes   down 104 pkts / 9845 bytes
up 165 pkts / 196882 bytes   down 104 pkts / 9845 bytes
up 165 pkts / 196882 bytes   down 104 pkts / 9845 bytes
up 165 pkts / 196882 bytes   down 104 pkts / 9845 bytes
up 165 pkts / 196882 bytes   down 104 pkts / 9845 bytes
up 165 pkts / 196882 bytes   down 104 pkts / 9845 bytes
up 165 pkts / 196882 bytes   down 104 pkts / 9845 bytes
up 165 pkts / 196882 bytes   down 104 pkts / 9845 bytes
up 165 pkts / 196882 bytes   down 104 pkts / 9845 bytes
up 165 pkts / 196882 bytes   down 104 pkts / 9845 bytes
up 165 pkts / 196882 bytes   down 104 pkts / 9845 bytes
up 165 pkts / 196882 bytes   down 104 pkts / 9845 bytes
up 165 pkts / 196882 bytes   down 104 pkts / 9845 bytes
up 165 pkts / 196882 bytes   down 104 pkts / 9845 bytes
up 165 pkts / 196882 bytes   down 104 pkts / 9845 bytes
up 165 pkts / 196882 bytes   down 104 pkts / 9845 bytes
up 165 pkts / 196882 bytes   down 104 pkts / 9845 bytes
up 165 pkts / 196882 bytes   down 104 pkts / 9845 bytes
up 165 pkts / 196882 bytes   down 104 pkts / 9845 bytes
up 165 pkts / 196882 bytes   down 104 pkts / 9845 bytes
up 165 pkts / 196882 bytes   down 104 pkts / 9845 bytes
up 165 pkts / 196882 bytes   down 104 pkts / 9845 bytes
up 165 pkts / 196882 bytes   down 104 pkts / 9845 bytes
up 165 pkts / 196882 bytes   down 104 pkts / 9845 bytes
up 165 pkts / 196882 bytes   down 104 pkts / 9845 bytes
up 165 pkts / 196882 bytes   down 104 pkts / 9845 bytes
up 165 pkts / 196882 bytes   down 104 pkts / 9845 bytes
up 165 pkts / 196882 bytes   down 104 pkts / 9845 bytes
up 165 pkts / 196882 bytes   down 104 pkts / 9845 bytes
up 165 pkts / 196882 bytes   down 104 pkts / 9845 bytes
up 165 pkts / 196882 bytes   down 104 pkts / 9845 bytes
up 165 pkts / 196882 bytes   down 104 pkts / 9845 bytes
up 165 pkts / 196882 bytes   down 104 pkts / 9845 bytes
up 165 pkts / 196882 bytes   down 104 pkts / 9845 bytes
up 165 pkts / 196882 bytes   down 104 pkts / 9845 bytes
up 165 pkts / 196882 bytes   down 104 pkts / 9845 bytes
up 165 pkts / 196882 bytes   down 104 pkts / 9845 bytes
up 165 pkts / 196882 bytes   down 104 pkts / 9845 bytes
up 165 pkts / 196882 bytes   down 104 pkts / 9845 bytes
up 165 pkts / 196882 bytes   down 104 pkts / 9845 bytes
up 165 pkts / 196882 bytes   down 104 pkts / 9845 bytes
up 165 pkts / 196882 bytes   down 104 pkts / 9845 bytes
up 165 pkts / 196882 bytes   down 104 pkts / 9845 bytes
up 165 pkts / 196882 bytes   down 104 pkts / 9845 bytes
up 165 pkts / 196882 bytes   down 104 pkts / 9845 bytes
up 165 pkts / 196882 bytes   down 104 pkts / 9845 bytes
up 165 pkts / 196882 bytes   down 104 pkts / 9845 bytes
