bridge 0.0.0.0:15150 -> udp 162.159.198.2:443
advertise      : 10.0.2.2
egress bind    : 192.168.0.4
up 0 pkts / 0 bytes   down 0 pkts / 0 bytes   sessions 0
up 0 pkts / 0 bytes   down 0 pkts / 0 bytes   sessions 0
up 0 pkts / 0 bytes   down 0 pkts / 0 bytes   sessions 0
up 0 pkts / 0 bytes   down 0 pkts / 0 bytes   sessions 0
up 0 pkts / 0 bytes   down 0 pkts / 0 bytes   sessions 0
session 127.0.0.1:36625: egress 192.168.0.4:0, advertise 10.0.2.2:39260
session 127.0.0.1:36625 ended: read tcp4 127.0.0.1:15150->127.0.0.1:36625: wsarecv: An established connection was aborted by the software in your host machine.
up 0 pkts / 0 bytes   down 0 pkts / 0 bytes   sessions 0
up 0 pkts / 0 bytes   down 0 pkts / 0 bytes   sessions 0
up 0 pkts / 0 bytes   down 0 pkts / 0 bytes   sessions 0
up 0 pkts / 0 bytes   down 0 pkts / 0 bytes   sessions 0
up 0 pkts / 0 bytes   down 0 pkts / 0 bytes   sessions 0
session 127.0.0.1:36718: egress 192.168.0.4:0, advertise 10.0.2.2:34089
session 127.0.0.1:36718 ended: read tcp4 127.0.0.1:15150->127.0.0.1:36718: wsarecv: An established connection was aborted by the software in your host machine.
up 0 pkts / 0 bytes   down 0 pkts / 0 bytes   sessions 0
up 0 pkts / 0 bytes   down 0 pkts / 0 bytes   sessions 0
up 0 pkts / 0 bytes   down 0 pkts / 0 bytes   sessions 0
up 0 pkts / 0 bytes   down 0 pkts / 0 bytes   sessions 0
up 0 pkts / 0 bytes   down 0 pkts / 0 bytes   sessions 0
up 0 pkts / 0 bytes   down 0 pkts / 0 bytes   sessions 0
up 0 pkts / 0 bytes   down 0 pkts / 0 bytes   sessions 0
up 0 pkts / 0 bytes   down 0 pkts / 0 bytes   sessions 0
up 0 pkts / 0 bytes   down 0 pkts / 0 bytes   sessions 0
up 0 pkts / 0 bytes   down 0 pkts / 0 bytes   sessions 0
up 0 pkts / 0 bytes   down 0 pkts / 0 bytes   sessions 0
up 0 pkts / 0 bytes   down 0 pkts / 0 bytes   sessions 0
up 0 pkts / 0 bytes   down 0 pkts / 0 bytes   sessions 0
up 0 pkts / 0 bytes   down 0 pkts / 0 bytes   sessions 0
up 0 pkts / 0 bytes   down 0 pkts / 0 bytes   sessions 0
up 0 pkts / 0 bytes   down 0 pkts / 0 bytes   sessions 0
up 0 pkts / 0 bytes   down 0 pkts / 0 bytes   sessions 0
up 0 pkts / 0 bytes   down 0 pkts / 0 bytes   sessions 0
up 0 pkts / 0 bytes   down 0 pkts / 0 bytes   sessions 0
up 0 pkts / 0 bytes   down 0 pkts / 0 bytes   sessions 0
up 0 pkts / 0 bytes   down 0 pkts / 0 bytes   sessions 0
up 0 pkts / 0 bytes   down 0 pkts / 0 bytes   sessions 0
up 0 pkts / 0 bytes   down 0 pkts / 0 bytes   sessions 0
up 0 pkts / 0 bytes   down 0 pkts / 0 bytes   sessions 0
up 0 pkts / 0 bytes   down 0 pkts / 0 bytes   sessions 0
up 0 pkts / 0 bytes   down 0 pkts / 0 bytes   sessions 0
up 0 pkts / 0 bytes   down 0 pkts / 0 bytes   sessions 0
up 0 pkts / 0 bytes   down 0 pkts / 0 bytes   sessions 0
up 0 pkts / 0 bytes   down 0 pkts / 0 bytes   sessions 0
up 0 pkts / 0 bytes   down 0 pkts / 0 bytes   sessions 0
up 0 pkts / 0 bytes   down 0 pkts / 0 bytes   sessions 0
up 0 pkts / 0 bytes   down 0 pkts / 0 bytes   sessions 0
up 0 pkts / 0 bytes   down 0 pkts / 0 bytes   sessions 0
up 0 pkts / 0 bytes   down 0 pkts / 0 bytes   sessions 0
up 0 pkts / 0 bytes   down 0 pkts / 0 bytes   sessions 0
up 0 pkts / 0 bytes   down 0 pkts / 0 bytes   sessions 0
up 0 pkts / 0 bytes   down 0 pkts / 0 bytes   sessions 0
up 0 pkts / 0 bytes   down 0 pkts / 0 bytes   sessions 0
up 0 pkts / 0 bytes   down 0 pkts / 0 bytes   sessions 0
up 0 pkts / 0 bytes   down 0 pkts / 0 bytes   sessions 0
up 0 pkts / 0 bytes   down 0 pkts / 0 bytes   sessions 0
up 0 pkts / 0 bytes   down 0 pkts / 0 bytes   sessions 0
up 0 pkts / 0 bytes   down 0 pkts / 0 bytes   sessions 0
up 0 pkts / 0 bytes   down 0 pkts / 0 bytes   sessions 0
up 0 pkts / 0 bytes   down 0 pkts / 0 bytes   sessions 0
up 0 pkts / 0 bytes   down 0 pkts / 0 bytes   sessions 0
up 0 pkts / 0 bytes   down 0 pkts / 0 bytes   sessions 0
up 0 pkts / 0 bytes   down 0 pkts / 0 bytes   sessions 0
up 0 pkts / 0 bytes   down 0 pkts / 0 bytes   sessions 0
up 0 pkts / 0 bytes   down 0 pkts / 0 bytes   sessions 0
up 0 pkts / 0 bytes   down 0 pkts / 0 bytes   sessions 0
up 0 pkts / 0 bytes   down 0 pkts / 0 bytes   sessions 0
up 0 pkts / 0 bytes   down 0 pkts / 0 bytes   sessions 0
up 0 pkts / 0 bytes   down 0 pkts / 0 bytes   sessions 0
up 0 pkts / 0 bytes   down 0 pkts / 0 bytes   sessions 0
up 0 pkts / 0 bytes   down 0 pkts / 0 bytes   sessions 0
up 0 pkts / 0 bytes   down 0 pkts / 0 bytes   sessions 0
up 0 pkts / 0 bytes   down 0 pkts / 0 bytes   sessions 0
up 0 pkts / 0 bytes   down 0 pkts / 0 bytes   sessions 0
up 0 pkts / 0 bytes   down 0 pkts / 0 bytes   sessions 0
up 0 pkts / 0 bytes   down 0 pkts / 0 bytes   sessions 0
up 0 pkts / 0 bytes   down 0 pkts / 0 bytes   sessions 0
up 0 pkts / 0 bytes   down 0 pkts / 0 bytes   sessions 0
up 0 pkts / 0 bytes   down 0 pkts / 0 bytes   sessions 0
up 0 pkts / 0 bytes   down 0 pkts / 0 bytes   sessions 0
up 0 pkts / 0 bytes   down 0 pkts / 0 bytes   sessions 0
up 0 pkts / 0 bytes   down 0 pkts / 0 bytes   sessions 0
up 0 pkts / 0 bytes   down 0 pkts / 0 bytes   sessions 0
up 0 pkts / 0 bytes   down 0 pkts / 0 bytes   sessions 0
up 0 pkts / 0 bytes   down 0 pkts / 0 bytes   sessions 0
up 0 pkts / 0 bytes   down 0 pkts / 0 bytes   sessions 0
up 0 pkts / 0 bytes   down 0 pkts / 0 bytes   sessions 0
up 0 pkts / 0 bytes   down 0 pkts / 0 bytes   sessions 0
up 0 pkts / 0 bytes   down 0 pkts / 0 bytes   sessions 0
up 0 pkts / 0 bytes   down 0 pkts / 0 bytes   sessions 0
up 0 pkts / 0 bytes   down 0 pkts / 0 bytes   sessions 0
up 0 pkts / 0 bytes   down 0 pkts / 0 bytes   sessions 0
up 0 pkts / 0 bytes   down 0 pkts / 0 bytes   sessions 0
up 0 pkts / 0 bytes   down 0 pkts / 0 bytes   sessions 0
up 0 pkts / 0 bytes   down 0 pkts / 0 bytes   sessions 0
up 0 pkts / 0 bytes   down 0 pkts / 0 bytes   sessions 0
up 0 pkts / 0 bytes   down 0 pkts / 0 bytes   sessions 0
up 0 pkts / 0 bytes   down 0 pkts / 0 bytes   sessions 0
up 0 pkts / 0 bytes   down 0 pkts / 0 bytes   sessions 0
up 0 pkts / 0 bytes   down 0 pkts / 0 bytes   sessions 0
up 0 pkts / 0 bytes   down 0 pkts / 0 bytes   sessions 0
up 0 pkts / 0 bytes   down 0 pkts / 0 bytes   sessions 0
up 0 pkts / 0 bytes   down 0 pkts / 0 bytes   sessions 0
up 0 pkts / 0 bytes   down 0 pkts / 0 bytes   sessions 0
up 0 pkts / 0 bytes   down 0 pkts / 0 bytes   sessions 0
up 0 pkts / 0 bytes   down 0 pkts / 0 bytes   sessions 0
up 0 pkts / 0 bytes   down 0 pkts / 0 bytes   sessions 0
up 0 pkts / 0 bytes   down 0 pkts / 0 bytes   sessions 0
up 0 pkts / 0 bytes   down 0 pkts / 0 bytes   sessions 0
up 0 pkts / 0 bytes   down 0 pkts / 0 bytes   sessions 0
up 0 pkts / 0 bytes   down 0 pkts / 0 bytes   sessions 0
up 0 pkts / 0 bytes   down 0 pkts / 0 bytes   sessions 0
up 0 pkts / 0 bytes   down 0 pkts / 0 bytes   sessions 0
up 0 pkts / 0 bytes   down 0 pkts / 0 bytes   sessions 0
up 0 pkts / 0 bytes   down 0 pkts / 0 bytes   sessions 0
up 0 pkts / 0 bytes   down 0 pkts / 0 bytes   sessions 0
up 0 pkts / 0 bytes   down 0 pkts / 0 bytes   sessions 0
up 0 pkts / 0 bytes   down 0 pkts / 0 bytes   sessions 0
up 0 pkts / 0 bytes   down 0 pkts / 0 bytes   sessions 0
up 0 pkts / 0 bytes   down 0 pkts / 0 bytes   sessions 0
up 0 pkts / 0 bytes   down 0 pkts / 0 bytes   sessions 0
up 0 pkts / 0 bytes   down 0 pkts / 0 bytes   sessions 0
up 0 pkts / 0 bytes   down 0 pkts / 0 bytes   sessions 0
up 0 pkts / 0 bytes   down 0 pkts / 0 bytes   sessions 0
up 0 pkts / 0 bytes   down 0 pkts / 0 bytes   sessions 0
up 0 pkts / 0 bytes   down 0 pkts / 0 bytes   sessions 0
up 0 pkts / 0 bytes   down 0 pkts / 0 bytes   sessions 0
up 0 pkts / 0 bytes   down 0 pkts / 0 bytes   sessions 0
up 0 pkts / 0 bytes   down 0 pkts / 0 bytes   sessions 0
up 0 pkts / 0 bytes   down 0 pkts / 0 bytes   sessions 0
up 0 pkts / 0 bytes   down 0 pkts / 0 bytes   sessions 0
up 0 pkts / 0 bytes   down 0 pkts / 0 bytes   sessions 0
up 0 pkts / 0 bytes   down 0 pkts / 0 bytes   sessions 0
up 0 pkts / 0 bytes   down 0 pkts / 0 bytes   sessions 0
up 0 pkts / 0 bytes   down 0 pkts / 0 bytes   sessions 0
up 0 pkts / 0 bytes   down 0 pkts / 0 bytes   sessions 0
up 0 pkts / 0 bytes   down 0 pkts / 0 bytes   sessions 0
up 0 pkts / 0 bytes   down 0 pkts / 0 bytes   sessions 0
up 0 pkts / 0 bytes   down 0 pkts / 0 bytes   sessions 0
up 0 pkts / 0 bytes   down 0 pkts / 0 bytes   sessions 0
up 0 pkts / 0 bytes   down 0 pkts / 0 bytes   sessions 0
up 0 pkts / 0 bytes   down 0 pkts / 0 bytes   sessions 0
up 0 pkts / 0 bytes   down 0 pkts / 0 bytes   sessions 0
up 0 pkts / 0 bytes   down 0 pkts / 0 bytes   sessions 0
up 0 pkts / 0 bytes   down 0 pkts / 0 bytes   sessions 0
up 0 pkts / 0 bytes   down 0 pkts / 0 bytes   sessions 0
up 0 pkts / 0 bytes   down 0 pkts / 0 bytes   sessions 0
up 0 pkts / 0 bytes   down 0 pkts / 0 bytes   sessions 0
up 0 pkts / 0 bytes   down 0 pkts / 0 bytes   sessions 0
up 0 pkts / 0 bytes   down 0 pkts / 0 bytes   sessions 0
up 0 pkts / 0 bytes   down 0 pkts / 0 bytes   sessions 0
up 0 pkts / 0 bytes   down 0 pkts / 0 bytes   sessions 0
up 0 pkts / 0 bytes   down 0 pkts / 0 bytes   sessions 0
up 0 pkts / 0 bytes   down 0 pkts / 0 bytes   sessions 0
up 0 pkts / 0 bytes   down 0 pkts / 0 bytes   sessions 0
up 0 pkts / 0 bytes   down 0 pkts / 0 bytes   sessions 0
up 0 pkts / 0 bytes   down 0 pkts / 0 bytes   sessions 0
up 0 pkts / 0 bytes   down 0 pkts / 0 bytes   sessions 0
up 0 pkts / 0 bytes   down 0 pkts / 0 bytes   sessions 0
up 0 pkts / 0 bytes   down 0 pkts / 0 bytes   sessions 0
up 0 pkts / 0 bytes   down 0 pkts / 0 bytes   sessions 0
up 0 pkts / 0 bytes   down 0 pkts / 0 bytes   sessions 0
up 0 pkts / 0 bytes   down 0 pkts / 0 bytes   sessions 0
up 0 pkts / 0 bytes   down 0 pkts / 0 bytes   sessions 0
up 0 pkts / 0 bytes   down 0 pkts / 0 bytes   sessions 0
up 0 pkts / 0 bytes   down 0 pkts / 0 bytes   sessions 0
up 0 pkts / 0 bytes   down 0 pkts / 0 bytes   sessions 0
up 0 pkts / 0 bytes   down 0 pkts / 0 bytes   sessions 0
up 0 pkts / 0 bytes   down 0 pkts / 0 bytes   sessions 0
up 0 pkts / 0 bytes   down 0 pkts / 0 bytes   sessions 0
up 0 pkts / 0 bytes   down 0 pkts / 0 bytes   sessions 0
up 0 pkts / 0 bytes   down 0 pkts / 0 bytes   sessions 0
up 0 pkts / 0 bytes   down 0 pkts / 0 bytes   sessions 0
up 0 pkts / 0 bytes   down 0 pkts / 0 bytes   sessions 0
up 0 pkts / 0 bytes   down 0 pkts / 0 bytes   sessions 0
up 0 pkts / 0 bytes   down 0 pkts / 0 bytes   sessions 0
up 0 pkts / 0 bytes   down 0 pkts / 0 bytes   sessions 0
up 0 pkts / 0 bytes   down 0 pkts / 0 bytes   sessions 0
up 0 pkts / 0 bytes   down 0 pkts / 0 bytes   sessions 0
up 0 pkts / 0 bytes   down 0 pkts / 0 bytes   sessions 0
up 0 pkts / 0 bytes   down 0 pkts / 0 bytes   sessions 0
up 0 pkts / 0 bytes   down 0 pkts / 0 bytes   sessions 0
up 0 pkts / 0 bytes   down 0 pkts / 0 bytes   sessions 0
up 0 pkts / 0 bytes   down 0 pkts / 0 bytes   sessions 0
up 0 pkts / 0 bytes   down 0 pkts / 0 bytes   sessions 0
up 0 pkts / 0 bytes   down 0 pkts / 0 bytes   sessions 0
up 0 pkts / 0 bytes   down 0 pkts / 0 bytes   sessions 0
up 0 pkts / 0 bytes   down 0 pkts / 0 bytes   sessions 0
up 0 pkts / 0 bytes   down 0 pkts / 0 bytes   sessions 0
up 0 pkts / 0 bytes   down 0 pkts / 0 bytes   sessions 0
up 0 pkts / 0 bytes   down 0 pkts / 0 bytes   sessions 0
up 0 pkts / 0 bytes   down 0 pkts / 0 bytes   sessions 0
up 0 pkts / 0 bytes   down 0 pkts / 0 bytes   sessions 0
up 0 pkts / 0 bytes   down 0 pkts / 0 bytes   sessions 0
up 0 pkts / 0 bytes   down 0 pkts / 0 bytes   sessions 0
up 0 pkts / 0 bytes   down 0 pkts / 0 bytes   sessions 0
up 0 pkts / 0 bytes   down 0 pkts / 0 bytes   sessions 0
up 0 pkts / 0 bytes   down 0 pkts / 0 bytes   sessions 0
up 0 pkts / 0 bytes   down 0 pkts / 0 bytes   sessions 0
up 0 pkts / 0 bytes   down 0 pkts / 0 bytes   sessions 0
up 0 pkts / 0 bytes   down 0 pkts / 0 bytes   sessions 0
up 0 pkts / 0 bytes   down 0 pkts / 0 bytes   sessions 0
up 0 pkts / 0 bytes   down 0 pkts / 0 bytes   sessions 0
up 0 pkts / 0 bytes   down 0 pkts / 0 bytes   sessions 0
up 0 pkts / 0 bytes   down 0 pkts / 0 bytes   sessions 0
up 0 pkts / 0 bytes   down 0 pkts / 0 bytes   sessions 0
up 0 pkts / 0 bytes   down 0 pkts / 0 bytes   sessions 0
up 0 pkts / 0 bytes   down 0 pkts / 0 bytes   sessions 0
up 0 pkts / 0 bytes   down 0 pkts / 0 bytes   sessions 0
up 0 pkts / 0 bytes   down 0 pkts / 0 bytes   sessions 0
up 0 pkts / 0 bytes   down 0 pkts / 0 bytes   sessions 0
up 0 pkts / 0 bytes   down 0 pkts / 0 bytes   sessions 0
up 0 pkts / 0 bytes   down 0 pkts / 0 bytes   sessions 0
up 0 pkts / 0 bytes   down 0 pkts / 0 bytes   sessions 0
up 0 pkts / 0 bytes   down 0 pkts / 0 bytes   sessions 0
up 0 pkts / 0 bytes   down 0 pkts / 0 bytes   sessions 0
up 0 pkts / 0 bytes   down 0 pkts / 0 bytes   sessions 0
up 0 pkts / 0 bytes   down 0 pkts / 0 bytes   sessions 0
up 0 pkts / 0 bytes   down 0 pkts / 0 bytes   sessions 0
up 0 pkts / 0 bytes   down 0 pkts / 0 bytes   sessions 0
up 0 pkts / 0 bytes   down 0 pkts / 0 bytes   sessions 0
up 0 pkts / 0 bytes   down 0 pkts / 0 bytes   sessions 0
up 0 pkts / 0 bytes   down 0 pkts / 0 bytes   sessions 0
up 0 pkts / 0 bytes   down 0 pkts / 0 bytes   sessions 0
up 0 pkts / 0 bytes   down 0 pkts / 0 bytes   sessions 0
up 0 pkts / 0 bytes   down 0 pkts / 0 bytes   sessions 0
up 0 pkts / 0 bytes   down 0 pkts / 0 bytes   sessions 0
up 0 pkts / 0 bytes   down 0 pkts / 0 bytes   sessions 0
up 0 pkts / 0 bytes   down 0 pkts / 0 bytes   sessions 0
up 0 pkts / 0 bytes   down 0 pkts / 0 bytes   sessions 0
up 0 pkts / 0 bytes   down 0 pkts / 0 bytes   sessions 0
up 0 pkts / 0 bytes   down 0 pkts / 0 bytes   sessions 0
up 0 pkts / 0 bytes   down 0 pkts / 0 bytes   sessions 0
up 0 pkts / 0 bytes   down 0 pkts / 0 bytes   sessions 0
up 0 pkts / 0 bytes   down 0 pkts / 0 bytes   sessions 0
up 0 pkts / 0 bytes   down 0 pkts / 0 bytes   sessions 0
up 0 pkts / 0 bytes   down 0 pkts / 0 bytes   sessions 0
up 0 pkts / 0 bytes   down 0 pkts / 0 bytes   sessions 0
up 0 pkts / 0 bytes   down 0 pkts / 0 bytes   sessions 0
up 0 pkts / 0 bytes   down 0 pkts / 0 bytes   sessions 0
up 0 pkts / 0 bytes   down 0 pkts / 0 bytes   sessions 0
up 0 pkts / 0 bytes   down 0 pkts / 0 bytes   sessions 0
up 0 pkts / 0 bytes   down 0 pkts / 0 bytes   sessions 0
up 0 pkts / 0 bytes   down 0 pkts / 0 bytes   sessions 0
up 0 pkts / 0 bytes   down 0 pkts / 0 bytes   sessions 0
up 0 pkts / 0 bytes   down 0 pkts / 0 bytes   sessions 0
up 0 pkts / 0 bytes   down 0 pkts / 0 bytes   sessions 0
up 0 pkts / 0 bytes   down 0 pkts / 0 bytes   sessions 0
up 0 pkts / 0 bytes   down 0 pkts / 0 bytes   sessions 0
up 0 pkts / 0 bytes   down 0 pkts / 0 bytes   sessions 0
up 0 pkts / 0 bytes   down 0 pkts / 0 bytes   sessions 0
up 0 pkts / 0 bytes   down 0 pkts / 0 bytes   sessions 0
up 0 pkts / 0 bytes   down 0 pkts / 0 bytes   sessions 0
up 0 pkts / 0 bytes   down 0 pkts / 0 bytes   sessions 0
up 0 pkts / 0 bytes   down 0 pkts / 0 bytes   sessions 0
up 0 pkts / 0 bytes   down 0 pkts / 0 bytes   sessions 0
up 0 pkts / 0 bytes   down 0 pkts / 0 bytes   sessions 0
up 0 pkts / 0 bytes   down 0 pkts / 0 bytes   sessions 0
up 0 pkts / 0 bytes   down 0 pkts / 0 bytes   sessions 0
up 0 pkts / 0 bytes   down 0 pkts / 0 bytes   sessions 0
up 0 pkts / 0 bytes   down 0 pkts / 0 bytes   sessions 0
up 0 pkts / 0 bytes   down 0 pkts / 0 bytes   sessions 0
up 0 pkts / 0 bytes   down 0 pkts / 0 bytes   sessions 0
up 0 pkts / 0 bytes   down 0 pkts / 0 bytes   sessions 0
up 0 pkts / 0 bytes   down 0 pkts / 0 bytes   sessions 0
up 0 pkts / 0 bytes   down 0 pkts / 0 bytes   sessions 0
up 0 pkts / 0 bytes   down 0 pkts / 0 bytes   sessions 0
up 0 pkts / 0 bytes   down 0 pkts / 0 bytes   sessions 0
up 0 pkts / 0 bytes   down 0 pkts / 0 bytes   sessions 0
up 0 pkts / 0 bytes   down 0 pkts / 0 bytes   sessions 0
up 0 pkts / 0 bytes   down 0 pkts / 0 bytes   sessions 0
up 0 pkts / 0 bytes   down 0 pkts / 0 bytes   sessions 0
up 0 pkts / 0 bytes   down 0 pkts / 0 bytes   sessions 0
up 0 pkts / 0 bytes   down 0 pkts / 0 bytes   sessions 0
up 0 pkts / 0 bytes   down 0 pkts / 0 bytes   sessions 0
up 0 pkts / 0 bytes   down 0 pkts / 0 bytes   sessions 0
up 0 pkts / 0 bytes   down 0 pkts / 0 bytes   sessions 0
up 0 pkts / 0 bytes   down 0 pkts / 0 bytes   sessions 0
up 0 pkts / 0 bytes   down 0 pkts / 0 bytes   sessions 0
up 0 pkts / 0 bytes   down 0 pkts / 0 bytes   sessions 0
up 0 pkts / 0 bytes   down 0 pkts / 0 bytes   sessions 0
up 0 pkts / 0 bytes   down 0 pkts / 0 bytes   sessions 0
up 0 pkts / 0 bytes   down 0 pkts / 0 bytes   sessions 0
up 0 pkts / 0 bytes   down 0 pkts / 0 bytes   sessions 0
up 0 pkts / 0 bytes   down 0 pkts / 0 bytes   sessions 0
up 0 pkts / 0 bytes   down 0 pkts / 0 bytes   sessions 0
up 0 pkts / 0 bytes   down 0 pkts / 0 bytes   sessions 0
up 0 pkts / 0 bytes   down 0 pkts / 0 bytes   sessions 0
up 0 pkts / 0 bytes   down 0 pkts / 0 bytes   sessions 0
up 0 pkts / 0 bytes   down 0 pkts / 0 bytes   sessions 0
up 0 pkts / 0 bytes   down 0 pkts / 0 bytes   sessions 0
up 0 pkts / 0 bytes   down 0 pkts / 0 bytes   sessions 0
up 0 pkts / 0 bytes   down 0 pkts / 0 bytes   sessions 0
up 0 pkts / 0 bytes   down 0 pkts / 0 bytes   sessions 0
up 0 pkts / 0 bytes   down 0 pkts / 0 bytes   sessions 0
up 0 pkts / 0 bytes   down 0 pkts / 0 bytes   sessions 0
up 0 pkts / 0 bytes   down 0 pkts / 0 bytes   sessions 0
up 0 pkts / 0 bytes   down 0 pkts / 0 bytes   sessions 0
up 0 pkts / 0 bytes   down 0 pkts / 0 bytes   sessions 0
up 0 pkts / 0 bytes   down 0 pkts / 0 bytes   sessions 0
up 0 pkts / 0 bytes   down 0 pkts / 0 bytes   sessions 0
up 0 pkts / 0 bytes   down 0 pkts / 0 bytes   sessions 0
up 0 pkts / 0 bytes   down 0 pkts / 0 bytes   sessions 0
up 0 pkts / 0 bytes   down 0 pkts / 0 bytes   sessions 0
up 0 pkts / 0 bytes   down 0 pkts / 0 bytes   sessions 0
up 0 pkts / 0 bytes   down 0 pkts / 0 bytes   sessions 0
up 0 pkts / 0 bytes   down 0 pkts / 0 bytes   sessions 0
up 0 pkts / 0 bytes   down 0 pkts / 0 bytes   sessions 0
up 0 pkts / 0 bytes   down 0 pkts / 0 bytes   sessions 0
up 0 pkts / 0 bytes   down 0 pkts / 0 bytes   sessions 0
up 0 pkts / 0 bytes   down 0 pkts / 0 bytes   sessions 0
up 0 pkts / 0 bytes   down 0 pkts / 0 bytes   sessions 0
up 0 pkts / 0 bytes   down 0 pkts / 0 bytes   sessions 0
up 0 pkts / 0 bytes   down 0 pkts / 0 bytes   sessions 0
up 0 pkts / 0 bytes   down 0 pkts / 0 bytes   sessions 0
up 0 pkts / 0 bytes   down 0 pkts / 0 bytes   sessions 0
up 0 pkts / 0 bytes   down 0 pkts / 0 bytes   sessions 0
up 0 pkts / 0 bytes   down 0 pkts / 0 bytes   sessions 0
up 0 pkts / 0 bytes   down 0 pkts / 0 bytes   sessions 0
up 0 pkts / 0 bytes   down 0 pkts / 0 bytes   sessions 0
up 0 pkts / 0 bytes   down 0 pkts / 0 bytes   sessions 0
up 0 pkts / 0 bytes   down 0 pkts / 0 bytes   sessions 0
up 0 pkts / 0 bytes   down 0 pkts / 0 bytes   sessions 0
up 0 pkts / 0 bytes   down 0 pkts / 0 bytes   sessions 0
up 0 pkts / 0 bytes   down 0 pkts / 0 bytes   sessions 0
up 0 pkts / 0 bytes   down 0 pkts / 0 bytes   sessions 0
up 0 pkts / 0 bytes   down 0 pkts / 0 bytes   sessions 0
up 0 pkts / 0 bytes   down 0 pkts / 0 bytes   sessions 0
up 0 pkts / 0 bytes   down 0 pkts / 0 bytes   sessions 0
up 0 pkts / 0 bytes   down 0 pkts / 0 bytes   sessions 0
up 0 pkts / 0 bytes   down 0 pkts / 0 bytes   sessions 0
up 0 pkts / 0 bytes   down 0 pkts / 0 bytes   sessions 0
up 0 pkts / 0 bytes   down 0 pkts / 0 bytes   sessions 0
up 0 pkts / 0 bytes   down 0 pkts / 0 bytes   sessions 0
up 0 pkts / 0 bytes   down 0 pkts / 0 bytes   sessions 0
up 0 pkts / 0 bytes   down 0 pkts / 0 bytes   sessions 0
up 0 pkts / 0 bytes   down 0 pkts / 0 bytes   sessions 0
up 0 pkts / 0 bytes   down 0 pkts / 0 bytes   sessions 0
up 0 pkts / 0 bytes   down 0 pkts / 0 bytes   sessions 0
up 0 pkts / 0 bytes   down 0 pkts / 0 bytes   sessions 0
up 0 pkts / 0 bytes   down 0 pkts / 0 bytes   sessions 0
up 0 pkts / 0 bytes   down 0 pkts / 0 bytes   sessions 0
up 0 pkts / 0 bytes   down 0 pkts / 0 bytes   sessions 0
up 0 pkts / 0 bytes   down 0 pkts / 0 bytes   sessions 0
up 0 pkts / 0 bytes   down 0 pkts / 0 bytes   sessions 0
up 0 pkts / 0 bytes   down 0 pkts / 0 bytes   sessions 0
session 127.0.0.1:10905: handshake: EOF
up 0 pkts / 0 bytes   down 0 pkts / 0 bytes   sessions 0
up 0 pkts / 0 bytes   down 0 pkts / 0 bytes   sessions 0
session 127.0.0.1:10904: handshake: EOF
session 127.0.0.1:10900: handshake: EOF
session 127.0.0.1:10902: handshake: EOF
session 127.0.0.1:10903: handshake: EOF
up 0 pkts / 0 bytes   down 0 pkts / 0 bytes   sessions 0
up 0 pkts / 0 bytes   down 0 pkts / 0 bytes   sessions 0
up 0 pkts / 0 bytes   down 0 pkts / 0 bytes   sessions 0
up 0 pkts / 0 bytes   down 0 pkts / 0 bytes   sessions 0
up 0 pkts / 0 bytes   down 0 pkts / 0 bytes   sessions 0
up 0 pkts / 0 bytes   down 0 pkts / 0 bytes   sessions 0
up 0 pkts / 0 bytes   down 0 pkts / 0 bytes   sessions 0
up 0 pkts / 0 bytes   down 0 pkts / 0 bytes   sessions 0
up 0 pkts / 0 bytes   down 0 pkts / 0 bytes   sessions 0
up 0 pkts / 0 bytes   down 0 pkts / 0 bytes   sessions 0
up 0 pkts / 0 bytes   down 0 pkts / 0 bytes   sessions 0
up 0 pkts / 0 bytes   down 0 pkts / 0 bytes   sessions 0
up 0 pkts / 0 bytes   down 0 pkts / 0 bytes   sessions 0
up 0 pkts / 0 bytes   down 0 pkts / 0 bytes   sessions 0
up 0 pkts / 0 bytes   down 0 pkts / 0 bytes   sessions 0
up 0 pkts / 0 bytes   down 0 pkts / 0 bytes   sessions 0
up 0 pkts / 0 bytes   down 0 pkts / 0 bytes   sessions 0
up 0 pkts / 0 bytes   down 0 pkts / 0 bytes   sessions 0
up 0 pkts / 0 bytes   down 0 pkts / 0 bytes   sessions 0
up 0 pkts / 0 bytes   down 0 pkts / 0 bytes   sessions 0
up 0 pkts / 0 bytes   down 0 pkts / 0 bytes   sessions 0
up 0 pkts / 0 bytes   down 0 pkts / 0 bytes   sessions 0
up 0 pkts / 0 bytes   down 0 pkts / 0 bytes   sessions 0
up 0 pkts / 0 bytes   down 0 pkts / 0 bytes   sessions 0
up 0 pkts / 0 bytes   down 0 pkts / 0 bytes   sessions 0
up 0 pkts / 0 bytes   down 0 pkts / 0 bytes   sessions 0
up 0 pkts / 0 bytes   down 0 pkts / 0 bytes   sessions 0
up 0 pkts / 0 bytes   down 0 pkts / 0 bytes   sessions 0
up 0 pkts / 0 bytes   down 0 pkts / 0 bytes   sessions 0
up 0 pkts / 0 bytes   down 0 pkts / 0 bytes   sessions 0
up 0 pkts / 0 bytes   down 0 pkts / 0 bytes   sessions 0
up 0 pkts / 0 bytes   down 0 pkts / 0 bytes   sessions 0
up 0 pkts / 0 bytes   down 0 pkts / 0 bytes   sessions 0
up 0 pkts / 0 bytes   down 0 pkts / 0 bytes   sessions 0
up 0 pkts / 0 bytes   down 0 pkts / 0 bytes   sessions 0
up 0 pkts / 0 bytes   down 0 pkts / 0 bytes   sessions 0
up 0 pkts / 0 bytes   down 0 pkts / 0 bytes   sessions 0
up 0 pkts / 0 bytes   down 0 pkts / 0 bytes   sessions 0
up 0 pkts / 0 bytes   down 0 pkts / 0 bytes   sessions 0
up 0 pkts / 0 bytes   down 0 pkts / 0 bytes   sessions 0
up 0 pkts / 0 bytes   down 0 pkts / 0 bytes   sessions 0
up 0 pkts / 0 bytes   down 0 pkts / 0 bytes   sessions 0
up 0 pkts / 0 bytes   down 0 pkts / 0 bytes   sessions 0
up 0 pkts / 0 bytes   down 0 pkts / 0 bytes   sessions 0
up 0 pkts / 0 bytes   down 0 pkts / 0 bytes   sessions 0
up 0 pkts / 0 bytes   down 0 pkts / 0 bytes   sessions 0
up 0 pkts / 0 bytes   down 0 pkts / 0 bytes   sessions 0
up 0 pkts / 0 bytes   down 0 pkts / 0 bytes   sessions 0
up 0 pkts / 0 bytes   down 0 pkts / 0 bytes   sessions 0
up 0 pkts / 0 bytes   down 0 pkts / 0 bytes   sessions 0
up 0 pkts / 0 bytes   down 0 pkts / 0 bytes   sessions 0
up 0 pkts / 0 bytes   down 0 pkts / 0 bytes   sessions 0
up 0 pkts / 0 bytes   down 0 pkts / 0 bytes   sessions 0
up 0 pkts / 0 bytes   down 0 pkts / 0 bytes   sessions 0
up 0 pkts / 0 bytes   down 0 pkts / 0 bytes   sessions 0
up 0 pkts / 0 bytes   down 0 pkts / 0 bytes   sessions 0
up 0 pkts / 0 bytes   down 0 pkts / 0 bytes   sessions 0
up 0 pkts / 0 bytes   down 0 pkts / 0 bytes   sessions 0
up 0 pkts / 0 bytes   down 0 pkts / 0 bytes   sessions 0
up 0 pkts / 0 bytes   down 0 pkts / 0 bytes   sessions 0
up 0 pkts / 0 bytes   down 0 pkts / 0 bytes   sessions 0
up 0 pkts / 0 bytes   down 0 pkts / 0 bytes   sessions 0
up 0 pkts / 0 bytes   down 0 pkts / 0 bytes   sessions 0
up 0 pkts / 0 bytes   down 0 pkts / 0 bytes   sessions 0
up 0 pkts / 0 bytes   down 0 pkts / 0 bytes   sessions 0
up 0 pkts / 0 bytes   down 0 pkts / 0 bytes   sessions 0
up 0 pkts / 0 bytes   down 0 pkts / 0 bytes   sessions 0
up 0 pkts / 0 bytes   down 0 pkts / 0 bytes   sessions 0
up 0 pkts / 0 bytes   down 0 pkts / 0 bytes   sessions 0
up 0 pkts / 0 bytes   down 0 pkts / 0 bytes   sessions 0
up 0 pkts / 0 bytes   down 0 pkts / 0 bytes   sessions 0
up 0 pkts / 0 bytes   down 0 pkts / 0 bytes   sessions 0
session 127.0.0.1:3649: egress 192.168.0.4:0, advertise 10.0.2.2:53523
session 127.0.0.1:3653: egress 192.168.0.4:0, advertise 10.0.2.2:53524
session 127.0.0.1:3652: egress 192.168.0.4:0, advertise 10.0.2.2:7023
session 127.0.0.1:3651: egress 192.168.0.4:0, advertise 10.0.2.2:2040
up 0 pkts / 0 bytes   down 0 pkts / 0 bytes   sessions 4
session 127.0.0.1:3654: egress 192.168.0.4:0, advertise 10.0.2.2:2041
up 0 pkts / 0 bytes   down 0 pkts / 0 bytes   sessions 5
up 0 pkts / 0 bytes   down 0 pkts / 0 bytes   sessions 5
up 0 pkts / 0 bytes   down 0 pkts / 0 bytes   sessions 5
up 0 pkts / 0 bytes   down 0 pkts / 0 bytes   sessions 5
up 0 pkts / 0 bytes   down 0 pkts / 0 bytes   sessions 5
up 0 pkts / 0 bytes   down 0 pkts / 0 bytes   sessions 5
up 0 pkts / 0 bytes   down 0 pkts / 0 bytes   sessions 5
up 0 pkts / 0 bytes   down 0 pkts / 0 bytes   sessions 5
up 0 pkts / 0 bytes   down 0 pkts / 0 bytes   sessions 5
up 0 pkts / 0 bytes   down 0 pkts / 0 bytes   sessions 5
up 0 pkts / 0 bytes   down 0 pkts / 0 bytes   sessions 5
up 0 pkts / 0 bytes   down 0 pkts / 0 bytes   sessions 5
up 0 pkts / 0 bytes   down 0 pkts / 0 bytes   sessions 5
up 0 pkts / 0 bytes   down 0 pkts / 0 bytes   sessions 5
up 0 pkts / 0 bytes   down 0 pkts / 0 bytes   sessions 5
up 0 pkts / 0 bytes   down 0 pkts / 0 bytes   sessions 5
up 0 pkts / 0 bytes   down 0 pkts / 0 bytes   sessions 5
up 0 pkts / 0 bytes   down 0 pkts / 0 bytes   sessions 5
up 0 pkts / 0 bytes   down 0 pkts / 0 bytes   sessions 5
session 127.0.0.1:3651 ended: EOF
session 127.0.0.1:3652 ended: EOF
session 127.0.0.1:3653 ended: EOF
session 127.0.0.1:3654 ended: EOF
up 0 pkts / 0 bytes   down 0 pkts / 0 bytes   sessions 1
up 0 pkts / 0 bytes   down 0 pkts / 0 bytes   sessions 1
session 127.0.0.1:3649 ended: EOF
up 0 pkts / 0 bytes   down 0 pkts / 0 bytes   sessions 0
up 0 pkts / 0 bytes   down 0 pkts / 0 bytes   sessions 0
up 0 pkts / 0 bytes   down 0 pkts / 0 bytes   sessions 0
session 127.0.0.1:25393: handshake: EOF
up 0 pkts / 0 bytes   down 0 pkts / 0 bytes   sessions 0
up 0 pkts / 0 bytes   down 0 pkts / 0 bytes   sessions 0
up 0 pkts / 0 bytes   down 0 pkts / 0 bytes   sessions 0
up 0 pkts / 0 bytes   down 0 pkts / 0 bytes   sessions 0
up 0 pkts / 0 bytes   down 0 pkts / 0 bytes   sessions 0
up 0 pkts / 0 bytes   down 0 pkts / 0 bytes   sessions 0
up 0 pkts / 0 bytes   down 0 pkts / 0 bytes   sessions 0
up 0 pkts / 0 bytes   down 0 pkts / 0 bytes   sessions 0
up 0 pkts / 0 bytes   down 0 pkts / 0 bytes   sessions 0
up 0 pkts / 0 bytes   down 0 pkts / 0 bytes   sessions 0
up 0 pkts / 0 bytes   down 0 pkts / 0 bytes   sessions 0
up 0 pkts / 0 bytes   down 0 pkts / 0 bytes   sessions 0
up 0 pkts / 0 bytes   down 0 pkts / 0 bytes   sessions 0
up 0 pkts / 0 bytes   down 0 pkts / 0 bytes   sessions 0
up 0 pkts / 0 bytes   down 0 pkts / 0 bytes   sessions 0
up 0 pkts / 0 bytes   down 0 pkts / 0 bytes   sessions 0
up 0 pkts / 0 bytes   down 0 pkts / 0 bytes   sessions 0
up 0 pkts / 0 bytes   down 0 pkts / 0 bytes   sessions 0
up 0 pkts / 0 bytes   down 0 pkts / 0 bytes   sessions 0
up 0 pkts / 0 bytes   down 0 pkts / 0 bytes   sessions 0
up 0 pkts / 0 bytes   down 0 pkts / 0 bytes   sessions 0
up 0 pkts / 0 bytes   down 0 pkts / 0 bytes   sessions 0
up 0 pkts / 0 bytes   down 0 pkts / 0 bytes   sessions 0
up 0 pkts / 0 bytes   down 0 pkts / 0 bytes   sessions 0
up 0 pkts / 0 bytes   down 0 pkts / 0 bytes   sessions 0
up 0 pkts / 0 bytes   down 0 pkts / 0 bytes   sessions 0
up 0 pkts / 0 bytes   down 0 pkts / 0 bytes   sessions 0
up 0 pkts / 0 bytes   down 0 pkts / 0 bytes   sessions 0
up 0 pkts / 0 bytes   down 0 pkts / 0 bytes   sessions 0
up 0 pkts / 0 bytes   down 0 pkts / 0 bytes   sessions 0
up 0 pkts / 0 bytes   down 0 pkts / 0 bytes   sessions 0
up 0 pkts / 0 bytes   down 0 pkts / 0 bytes   sessions 0
up 0 pkts / 0 bytes   down 0 pkts / 0 bytes   sessions 0
up 0 pkts / 0 bytes   down 0 pkts / 0 bytes   sessions 0
up 0 pkts / 0 bytes   down 0 pkts / 0 bytes   sessions 0
up 0 pkts / 0 bytes   down 0 pkts / 0 bytes   sessions 0
up 0 pkts / 0 bytes   down 0 pkts / 0 bytes   sessions 0
up 0 pkts / 0 bytes   down 0 pkts / 0 bytes   sessions 0
up 0 pkts / 0 bytes   down 0 pkts / 0 bytes   sessions 0
up 0 pkts / 0 bytes   down 0 pkts / 0 bytes   sessions 0
up 0 pkts / 0 bytes   down 0 pkts / 0 bytes   sessions 0
up 0 pkts / 0 bytes   down 0 pkts / 0 bytes   sessions 0
up 0 pkts / 0 bytes   down 0 pkts / 0 bytes   sessions 0
up 0 pkts / 0 bytes   down 0 pkts / 0 bytes   sessions 0
up 0 pkts / 0 bytes   down 0 pkts / 0 bytes   sessions 0
up 0 pkts / 0 bytes   down 0 pkts / 0 bytes   sessions 0
up 0 pkts / 0 bytes   down 0 pkts / 0 bytes   sessions 0
up 0 pkts / 0 bytes   down 0 pkts / 0 bytes   sessions 0
up 0 pkts / 0 bytes   down 0 pkts / 0 bytes   sessions 0
up 0 pkts / 0 bytes   down 0 pkts / 0 bytes   sessions 0
up 0 pkts / 0 bytes   down 0 pkts / 0 bytes   sessions 0
up 0 pkts / 0 bytes   down 0 pkts / 0 bytes   sessions 0
up 0 pkts / 0 bytes   down 0 pkts / 0 bytes   sessions 0
up 0 pkts / 0 bytes   down 0 pkts / 0 bytes   sessions 0
up 0 pkts / 0 bytes   down 0 pkts / 0 bytes   sessions 0
up 0 pkts / 0 bytes   down 0 pkts / 0 bytes   sessions 0
up 0 pkts / 0 bytes   down 0 pkts / 0 bytes   sessions 0
up 0 pkts / 0 bytes   down 0 pkts / 0 bytes   sessions 0
up 0 pkts / 0 bytes   down 0 pkts / 0 bytes   sessions 0
up 0 pkts / 0 bytes   down 0 pkts / 0 bytes   sessions 0
up 0 pkts / 0 bytes   down 0 pkts / 0 bytes   sessions 0
up 0 pkts / 0 bytes   down 0 pkts / 0 bytes   sessions 0
up 0 pkts / 0 bytes   down 0 pkts / 0 bytes   sessions 0
up 0 pkts / 0 bytes   down 0 pkts / 0 bytes   sessions 0
up 0 pkts / 0 bytes   down 0 pkts / 0 bytes   sessions 0
up 0 pkts / 0 bytes   down 0 pkts / 0 bytes   sessions 0
up 0 pkts / 0 bytes   down 0 pkts / 0 bytes   sessions 0
up 0 pkts / 0 bytes   down 0 pkts / 0 bytes   sessions 0
up 0 pkts / 0 bytes   down 0 pkts / 0 bytes   sessions 0
up 0 pkts / 0 bytes   down 0 pkts / 0 bytes   sessions 0
up 0 pkts / 0 bytes   down 0 pkts / 0 bytes   sessions 0
up 0 pkts / 0 bytes   down 0 pkts / 0 bytes   sessions 0
up 0 pkts / 0 bytes   down 0 pkts / 0 bytes   sessions 0
up 0 pkts / 0 bytes   down 0 pkts / 0 bytes   sessions 0
up 0 pkts / 0 bytes   down 0 pkts / 0 bytes   sessions 0
up 0 pkts / 0 bytes   down 0 pkts / 0 bytes   sessions 0
up 0 pkts / 0 bytes   down 0 pkts / 0 bytes   sessions 0
up 0 pkts / 0 bytes   down 0 pkts / 0 bytes   sessions 0
up 0 pkts / 0 bytes   down 0 pkts / 0 bytes   sessions 0
up 0 pkts / 0 bytes   down 0 pkts / 0 bytes   sessions 0
up 0 pkts / 0 bytes   down 0 pkts / 0 bytes   sessions 0
up 0 pkts / 0 bytes   down 0 pkts / 0 bytes   sessions 0
up 0 pkts / 0 bytes   down 0 pkts / 0 bytes   sessions 0
up 0 pkts / 0 bytes   down 0 pkts / 0 bytes   sessions 0
up 0 pkts / 0 bytes   down 0 pkts / 0 bytes   sessions 0
up 0 pkts / 0 bytes   down 0 pkts / 0 bytes   sessions 0
up 0 pkts / 0 bytes   down 0 pkts / 0 bytes   sessions 0
up 0 pkts / 0 bytes   down 0 pkts / 0 bytes   sessions 0
