bridge 0.0.0.0:15150 -> udp 162.159.198.2:443
advertise      : 10.0.2.2
egress bind    : 192.168.0.4
up 0 pkts / 0 bytes   down 0 pkts / 0 bytes   sessions 0
session 127.0.0.1:8507: egress 192.168.0.4:0, advertise 10.0.2.2:23937
up: 1200 bytes to 162.159.198.2:443
up: 1200 bytes to 162.159.198.2:443
down: 90 bytes from 162.159.198.2:443
down: 90 bytes from 162.159.198.2:443
up: 1200 bytes to 162.159.198.2:443
up: 1200 bytes to 162.159.198.2:443
down: 1200 bytes from 162.159.198.2:443
down: 1200 bytes from 162.159.198.2:443
up 9 pkts / 7834 bytes   down 7 pkts / 4753 bytes   sessions 1
session 127.0.0.1:8507 ended: EOF
up 41 pkts / 11983 bytes   down 34 pkts / 12106 bytes   sessions 0
up 41 pkts / 11983 bytes   down 34 pkts / 12106 bytes   sessions 0
up 41 pkts / 11983 bytes   down 34 pkts / 12106 bytes   sessions 0
up 41 pkts / 11983 bytes   down 34 pkts / 12106 bytes   sessions 0
up 41 pkts / 11983 bytes   down 34 pkts / 12106 bytes   sessions 0
up 41 pkts / 11983 bytes   down 34 pkts / 12106 bytes   sessions 0
session 127.0.0.1:8606: egress 192.168.0.4:0, advertise 10.0.2.2:17654
session 127.0.0.1:8606 ended: EOF
up 80 pkts / 23802 bytes   down 71 pkts / 23064 bytes   sessions 0
session 127.0.0.1:8645: egress 192.168.0.4:0, advertise 10.0.2.2:17656
session 127.0.0.1:8645 ended: EOF
down: write to client failed: write tcp4 127.0.0.1:15150->127.0.0.1:8645: use of closed network connection
session 127.0.0.1:6049: egress 192.168.0.4:0, advertise 10.0.2.2:39856
up 129 pkts / 43574 bytes   down 115 pkts / 37595 bytes   sessions 1
session 127.0.0.1:6049 ended: EOF
session 127.0.0.1:6064: egress 192.168.0.4:0, advertise 10.0.2.2:39857
session 127.0.0.1:6064 ended: EOF
up 198 pkts / 59375 bytes   down 187 pkts / 56130 bytes   sessions 0
up 198 pkts / 59375 bytes   down 187 pkts / 56130 bytes   sessions 0
up 198 pkts / 59375 bytes   down 187 pkts / 56130 bytes   sessions 0
up 198 pkts / 59375 bytes   down 187 pkts / 56130 bytes   sessions 0
up 198 pkts / 59375 bytes   down 187 pkts / 56130 bytes   sessions 0
up 198 pkts / 59375 bytes   down 187 pkts / 56130 bytes   sessions 0
up 198 pkts / 59375 bytes   down 187 pkts / 56130 bytes   sessions 0
up 198 pkts / 59375 bytes   down 187 pkts / 56130 bytes   sessions 0
up 198 pkts / 59375 bytes   down 187 pkts / 56130 bytes   sessions 0
up 198 pkts / 59375 bytes   down 187 pkts / 56130 bytes   sessions 0
up 198 pkts / 59375 bytes   down 187 pkts / 56130 bytes   sessions 0
up 198 pkts / 59375 bytes   down 187 pkts / 56130 bytes   sessions 0
up 198 pkts / 59375 bytes   down 187 pkts / 56130 bytes   sessions 0
up 198 pkts / 59375 bytes   down 187 pkts / 56130 bytes   sessions 0
up 198 pkts / 59375 bytes   down 187 pkts / 56130 bytes   sessions 0
up 198 pkts / 59375 bytes   down 187 pkts / 56130 bytes   sessions 0
up 198 pkts / 59375 bytes   down 187 pkts / 56130 bytes   sessions 0
up 198 pkts / 59375 bytes   down 187 pkts / 56130 bytes   sessions 0
up 198 pkts / 59375 bytes   down 187 pkts / 56130 bytes   sessions 0
up 198 pkts / 59375 bytes   down 187 pkts / 56130 bytes   sessions 0
up 198 pkts / 59375 bytes   down 187 pkts / 56130 bytes   sessions 0
up 198 pkts / 59375 bytes   down 187 pkts / 56130 bytes   sessions 0
up 198 pkts / 59375 bytes   down 187 pkts / 56130 bytes   sessions 0
up 198 pkts / 59375 bytes   down 187 pkts / 56130 bytes   sessions 0
up 198 pkts / 59375 bytes   down 187 pkts / 56130 bytes   sessions 0
up 198 pkts / 59375 bytes   down 187 pkts / 56130 bytes   sessions 0
up 198 pkts / 59375 bytes   down 187 pkts / 56130 bytes   sessions 0
up 198 pkts / 59375 bytes   down 187 pkts / 56130 bytes   sessions 0
up 198 pkts / 59375 bytes   down 187 pkts / 56130 bytes   sessions 0
up 198 pkts / 59375 bytes   down 187 pkts / 56130 bytes   sessions 0
up 198 pkts / 59375 bytes   down 187 pkts / 56130 bytes   sessions 0
up 198 pkts / 59375 bytes   down 187 pkts / 56130 bytes   sessions 0
up 198 pkts / 59375 bytes   down 187 pkts / 56130 bytes   sessions 0
up 198 pkts / 59375 bytes   down 187 pkts / 56130 bytes   sessions 0
up 198 pkts / 59375 bytes   down 187 pkts / 56130 bytes   sessions 0
up 198 pkts / 59375 bytes   down 187 pkts / 56130 bytes   sessions 0
up 198 pkts / 59375 bytes   down 187 pkts / 56130 bytes   sessions 0
up 198 pkts / 59375 bytes   down 187 pkts / 56130 bytes   sessions 0
up 198 pkts / 59375 bytes   down 187 pkts / 56130 bytes   sessions 0
up 198 pkts / 59375 bytes   down 187 pkts / 56130 bytes   sessions 0
up 198 pkts / 59375 bytes   down 187 pkts / 56130 bytes   sessions 0
up 198 pkts / 59375 bytes   down 187 pkts / 56130 bytes   sessions 0
up 198 pkts / 59375 bytes   down 187 pkts / 56130 bytes   sessions 0
up 198 pkts / 59375 bytes   down 187 pkts / 56130 bytes   sessions 0
up 198 pkts / 59375 bytes   down 187 pkts / 56130 bytes   sessions 0
up 198 pkts / 59375 bytes   down 187 pkts / 56130 bytes   sessions 0
up 198 pkts / 59375 bytes   down 187 pkts / 56130 bytes   sessions 0
up 198 pkts / 59375 bytes   down 187 pkts / 56130 bytes   sessions 0
up 198 pkts / 59375 bytes   down 187 pkts / 56130 bytes   sessions 0
up 198 pkts / 59375 bytes   down 187 pkts / 56130 bytes   sessions 0
up 198 pkts / 59375 bytes   down 187 pkts / 56130 bytes   sessions 0
up 198 pkts / 59375 bytes   down 187 pkts / 56130 bytes   sessions 0
up 198 pkts / 59375 bytes   down 187 pkts / 56130 bytes   sessions 0
up 198 pkts / 59375 bytes   down 187 pkts / 56130 bytes   sessions 0
up 198 pkts / 59375 bytes   down 187 pkts / 56130 bytes   sessions 0
up 198 pkts / 59375 bytes   down 187 pkts / 56130 bytes   sessions 0
up 198 pkts / 59375 bytes   down 187 pkts / 56130 bytes   sessions 0
up 198 pkts / 59375 bytes   down 187 pkts / 56130 bytes   sessions 0
up 198 pkts / 59375 bytes   down 187 pkts / 56130 bytes   sessions 0
up 198 pkts / 59375 bytes   down 187 pkts / 56130 bytes   sessions 0
up 198 pkts / 59375 bytes   down 187 pkts / 56130 bytes   sessions 0
up 198 pkts / 59375 bytes   down 187 pkts / 56130 bytes   sessions 0
up 198 pkts / 59375 bytes   down 187 pkts / 56130 bytes   sessions 0
up 198 pkts / 59375 bytes   down 187 pkts / 56130 bytes   sessions 0
up 198 pkts / 59375 bytes   down 187 pkts / 56130 bytes   sessions 0
up 198 pkts / 59375 bytes   down 187 pkts / 56130 bytes   sessions 0
up 198 pkts / 59375 bytes   down 187 pkts / 56130 bytes   sessions 0
up 198 pkts / 59375 bytes   down 187 pkts / 56130 bytes   sessions 0
up 198 pkts / 59375 bytes   down 187 pkts / 56130 bytes   sessions 0
up 198 pkts / 59375 bytes   down 187 pkts / 56130 bytes   sessions 0
up 198 pkts / 59375 bytes   down 187 pkts / 56130 bytes   sessions 0
up 198 pkts / 59375 bytes   down 187 pkts / 56130 bytes   sessions 0
up 198 pkts / 59375 bytes   down 187 pkts / 56130 bytes   sessions 0
up 198 pkts / 59375 bytes   down 187 pkts / 56130 bytes   sessions 0
up 198 pkts / 59375 bytes   down 187 pkts / 56130 bytes   sessions 0
up 198 pkts / 59375 bytes   down 187 pkts / 56130 bytes   sessions 0
up 198 pkts / 59375 bytes   down 187 pkts / 56130 bytes   sessions 0
up 198 pkts / 59375 bytes   down 187 pkts / 56130 bytes   sessions 0
up 198 pkts / 59375 bytes   down 187 pkts / 56130 bytes   sessions 0
up 198 pkts / 59375 bytes   down 187 pkts / 56130 bytes   sessions 0
up 198 pkts / 59375 bytes   down 187 pkts / 56130 bytes   sessions 0
up 198 pkts / 59375 bytes   down 187 pkts / 56130 bytes   sessions 0
up 198 pkts / 59375 bytes   down 187 pkts / 56130 bytes   sessions 0
up 198 pkts / 59375 bytes   down 187 pkts / 56130 bytes   sessions 0
up 198 pkts / 59375 bytes   down 187 pkts / 56130 bytes   sessions 0
up 198 pkts / 59375 bytes   down 187 pkts / 56130 bytes   sessions 0
up 198 pkts / 59375 bytes   down 187 pkts / 56130 bytes   sessions 0
up 198 pkts / 59375 bytes   down 187 pkts / 56130 bytes   sessions 0
up 198 pkts / 59375 bytes   down 187 pkts / 56130 bytes   sessions 0
up 198 pkts / 59375 bytes   down 187 pkts / 56130 bytes   sessions 0
up 198 pkts / 59375 bytes   down 187 pkts / 56130 bytes   sessions 0
up 198 pkts / 59375 bytes   down 187 pkts / 56130 bytes   sessions 0
up 198 pkts / 59375 bytes   down 187 pkts / 56130 bytes   sessions 0
up 198 pkts / 59375 bytes   down 187 pkts / 56130 bytes   sessions 0
up 198 pkts / 59375 bytes   down 187 pkts / 56130 bytes   sessions 0
up 198 pkts / 59375 bytes   down 187 pkts / 56130 bytes   sessions 0
up 198 pkts / 59375 bytes   down 187 pkts / 56130 bytes   sessions 0
up 198 pkts / 59375 bytes   down 187 pkts / 56130 bytes   sessions 0
up 198 pkts / 59375 bytes   down 187 pkts / 56130 bytes   sessions 0
up 198 pkts / 59375 bytes   down 187 pkts / 56130 bytes   sessions 0
up 198 pkts / 59375 bytes   down 187 pkts / 56130 bytes   sessions 0
up 198 pkts / 59375 bytes   down 187 pkts / 56130 bytes   sessions 0
up 198 pkts / 59375 bytes   down 187 pkts / 56130 bytes   sessions 0
up 198 pkts / 59375 bytes   down 187 pkts / 56130 bytes   sessions 0
up 198 pkts / 59375 bytes   down 187 pkts / 56130 bytes   sessions 0
up 198 pkts / 59375 bytes   down 187 pkts / 56130 bytes   sessions 0
up 198 pkts / 59375 bytes   down 187 pkts / 56130 bytes   sessions 0
up 198 pkts / 59375 bytes   down 187 pkts / 56130 bytes   sessions 0
up 198 pkts / 59375 bytes   down 187 pkts / 56130 bytes   sessions 0
up 198 pkts / 59375 bytes   down 187 pkts / 56130 bytes   sessions 0
up 198 pkts / 59375 bytes   down 187 pkts / 56130 bytes   sessions 0
up 198 pkts / 59375 bytes   down 187 pkts / 56130 bytes   sessions 0
up 198 pkts / 59375 bytes   down 187 pkts / 56130 bytes   sessions 0
up 198 pkts / 59375 bytes   down 187 pkts / 56130 bytes   sessions 0
up 198 pkts / 59375 bytes   down 187 pkts / 56130 bytes   sessions 0
up 198 pkts / 59375 bytes   down 187 pkts / 56130 bytes   sessions 0
up 198 pkts / 59375 bytes   down 187 pkts / 56130 bytes   sessions 0
up 198 pkts / 59375 bytes   down 187 pkts / 56130 bytes   sessions 0
up 198 pkts / 59375 bytes   down 187 pkts / 56130 bytes   sessions 0
up 198 pkts / 59375 bytes   down 187 pkts / 56130 bytes   sessions 0
up 198 pkts / 59375 bytes   down 187 pkts / 56130 bytes   sessions 0
up 198 pkts / 59375 bytes   down 187 pkts / 56130 bytes   sessions 0
up 198 pkts / 59375 bytes   down 187 pkts / 56130 bytes   sessions 0
up 198 pkts / 59375 bytes   down 187 pkts / 56130 bytes   sessions 0
up 198 pkts / 59375 bytes   down 187 pkts / 56130 bytes   sessions 0
up 198 pkts / 59375 bytes   down 187 pkts / 56130 bytes   sessions 0
up 198 pkts / 59375 bytes   down 187 pkts / 56130 bytes   sessions 0
up 198 pkts / 59375 bytes   down 187 pkts / 56130 bytes   sessions 0
up 198 pkts / 59375 bytes   down 187 pkts / 56130 bytes   sessions 0
up 198 pkts / 59375 bytes   down 187 pkts / 56130 bytes   sessions 0
up 198 pkts / 59375 bytes   down 187 pkts / 56130 bytes   sessions 0
up 198 pkts / 59375 bytes   down 187 pkts / 56130 bytes   sessions 0
up 198 pkts / 59375 bytes   down 187 pkts / 56130 bytes   sessions 0
up 198 pkts / 59375 bytes   down 187 pkts / 56130 bytes   sessions 0
up 198 pkts / 59375 bytes   down 187 pkts / 56130 bytes   sessions 0
up 198 pkts / 59375 bytes   down 187 pkts / 56130 bytes   sessions 0
up 198 pkts / 59375 bytes   down 187 pkts / 56130 bytes   sessions 0
up 198 pkts / 59375 bytes   down 187 pkts / 56130 bytes   sessions 0
up 198 pkts / 59375 bytes   down 187 pkts / 56130 bytes   sessions 0
up 198 pkts / 59375 bytes   down 187 pkts / 56130 bytes   sessions 0
up 198 pkts / 59375 bytes   down 187 pkts / 56130 bytes   sessions 0
up 198 pkts / 59375 bytes   down 187 pkts / 56130 bytes   sessions 0
up 198 pkts / 59375 bytes   down 187 pkts / 56130 bytes   sessions 0
up 198 pkts / 59375 bytes   down 187 pkts / 56130 bytes   sessions 0
up 198 pkts / 59375 bytes   down 187 pkts / 56130 bytes   sessions 0
up 198 pkts / 59375 bytes   down 187 pkts / 56130 bytes   sessions 0
up 198 pkts / 59375 bytes   down 187 pkts / 56130 bytes   sessions 0
up 198 pkts / 59375 bytes   down 187 pkts / 56130 bytes   sessions 0
up 198 pkts / 59375 bytes   down 187 pkts / 56130 bytes   sessions 0
up 198 pkts / 59375 bytes   down 187 pkts / 56130 bytes   sessions 0
up 198 pkts / 59375 bytes   down 187 pkts / 56130 bytes   sessions 0
up 198 pkts / 59375 bytes   down 187 pkts / 56130 bytes   sessions 0
up 198 pkts / 59375 bytes   down 187 pkts / 56130 bytes   sessions 0
up 198 pkts / 59375 bytes   down 187 pkts / 56130 bytes   sessions 0
up 198 pkts / 59375 bytes   down 187 pkts / 56130 bytes   sessions 0
up 198 pkts / 59375 bytes   down 187 pkts / 56130 bytes   sessions 0
up 198 pkts / 59375 bytes   down 187 pkts / 56130 bytes   sessions 0
up 198 pkts / 59375 bytes   down 187 pkts / 56130 bytes   sessions 0
up 198 pkts / 59375 bytes   down 187 pkts / 56130 bytes   sessions 0
up 198 pkts / 59375 bytes   down 187 pkts / 56130 bytes   sessions 0
up 198 pkts / 59375 bytes   down 187 pkts / 56130 bytes   sessions 0
up 198 pkts / 59375 bytes   down 187 pkts / 56130 bytes   sessions 0
up 198 pkts / 59375 bytes   down 187 pkts / 56130 bytes   sessions 0
up 198 pkts / 59375 bytes   down 187 pkts / 56130 bytes   sessions 0
up 198 pkts / 59375 bytes   down 187 pkts / 56130 bytes   sessions 0
up 198 pkts / 59375 bytes   down 187 pkts / 56130 bytes   sessions 0
up 198 pkts / 59375 bytes   down 187 pkts / 56130 bytes   sessions 0
up 198 pkts / 59375 bytes   down 187 pkts / 56130 bytes   sessions 0
up 198 pkts / 59375 bytes   down 187 pkts / 56130 bytes   sessions 0
up 198 pkts / 59375 bytes   down 187 pkts / 56130 bytes   sessions 0
up 198 pkts / 59375 bytes   down 187 pkts / 56130 bytes   sessions 0
up 198 pkts / 59375 bytes   down 187 pkts / 56130 bytes   sessions 0
up 198 pkts / 59375 bytes   down 187 pkts / 56130 bytes   sessions 0
up 198 pkts / 59375 bytes   down 187 pkts / 56130 bytes   sessions 0
up 198 pkts / 59375 bytes   down 187 pkts / 56130 bytes   sessions 0
up 198 pkts / 59375 bytes   down 187 pkts / 56130 bytes   sessions 0
up 198 pkts / 59375 bytes   down 187 pkts / 56130 bytes   sessions 0
up 198 pkts / 59375 bytes   down 187 pkts / 56130 bytes   sessions 0
up 198 pkts / 59375 bytes   down 187 pkts / 56130 bytes   sessions 0
up 198 pkts / 59375 bytes   down 187 pkts / 56130 bytes   sessions 0
up 198 pkts / 59375 bytes   down 187 pkts / 56130 bytes   sessions 0
up 198 pkts / 59375 bytes   down 187 pkts / 56130 bytes   sessions 0
up 198 pkts / 59375 bytes   down 187 pkts / 56130 bytes   sessions 0
up 198 pkts / 59375 bytes   down 187 pkts / 56130 bytes   sessions 0
up 198 pkts / 59375 bytes   down 187 pkts / 56130 bytes   sessions 0
up 198 pkts / 59375 bytes   down 187 pkts / 56130 bytes   sessions 0
up 198 pkts / 59375 bytes   down 187 pkts / 56130 bytes   sessions 0
up 198 pkts / 59375 bytes   down 187 pkts / 56130 bytes   sessions 0
up 198 pkts / 59375 bytes   down 187 pkts / 56130 bytes   sessions 0
up 198 pkts / 59375 bytes   down 187 pkts / 56130 bytes   sessions 0
up 198 pkts / 59375 bytes   down 187 pkts / 56130 bytes   sessions 0
up 198 pkts / 59375 bytes   down 187 pkts / 56130 bytes   sessions 0
up 198 pkts / 59375 bytes   down 187 pkts / 56130 bytes   sessions 0
up 198 pkts / 59375 bytes   down 187 pkts / 56130 bytes   sessions 0
up 198 pkts / 59375 bytes   down 187 pkts / 56130 bytes   sessions 0
up 198 pkts / 59375 bytes   down 187 pkts / 56130 bytes   sessions 0
up 198 pkts / 59375 bytes   down 187 pkts / 56130 bytes   sessions 0
up 198 pkts / 59375 bytes   down 187 pkts / 56130 bytes   sessions 0
up 198 pkts / 59375 bytes   down 187 pkts / 56130 bytes   sessions 0
up 198 pkts / 59375 bytes   down 187 pkts / 56130 bytes   sessions 0
up 198 pkts / 59375 bytes   down 187 pkts / 56130 bytes   sessions 0
up 198 pkts / 59375 bytes   down 187 pkts / 56130 bytes   sessions 0
up 198 pkts / 59375 bytes   down 187 pkts / 56130 bytes   sessions 0
up 198 pkts / 59375 bytes   down 187 pkts / 56130 bytes   sessions 0
up 198 pkts / 59375 bytes   down 187 pkts / 56130 bytes   sessions 0
up 198 pkts / 59375 bytes   down 187 pkts / 56130 bytes   sessions 0
up 198 pkts / 59375 bytes   down 187 pkts / 56130 bytes   sessions 0
up 198 pkts / 59375 bytes   down 187 pkts / 56130 bytes   sessions 0
up 198 pkts / 59375 bytes   down 187 pkts / 56130 bytes   sessions 0
up 198 pkts / 59375 bytes   down 187 pkts / 56130 bytes   sessions 0
up 198 pkts / 59375 bytes   down 187 pkts / 56130 bytes   sessions 0
up 198 pkts / 59375 bytes   down 187 pkts / 56130 bytes   sessions 0
up 198 pkts / 59375 bytes   down 187 pkts / 56130 bytes   sessions 0
up 198 pkts / 59375 bytes   down 187 pkts / 56130 bytes   sessions 0
up 198 pkts / 59375 bytes   down 187 pkts / 56130 bytes   sessions 0
up 198 pkts / 59375 bytes   down 187 pkts / 56130 bytes   sessions 0
up 198 pkts / 59375 bytes   down 187 pkts / 56130 bytes   sessions 0
up 198 pkts / 59375 bytes   down 187 pkts / 56130 bytes   sessions 0
up 198 pkts / 59375 bytes   down 187 pkts / 56130 bytes   sessions 0
up 198 pkts / 59375 bytes   down 187 pkts / 56130 bytes   sessions 0
up 198 pkts / 59375 bytes   down 187 pkts / 56130 bytes   sessions 0
up 198 pkts / 59375 bytes   down 187 pkts / 56130 bytes   sessions 0
up 198 pkts / 59375 bytes   down 187 pkts / 56130 bytes   sessions 0
up 198 pkts / 59375 bytes   down 187 pkts / 56130 bytes   sessions 0
up 198 pkts / 59375 bytes   down 187 pkts / 56130 bytes   sessions 0
up 198 pkts / 59375 bytes   down 187 pkts / 56130 bytes   sessions 0
up 198 pkts / 59375 bytes   down 187 pkts / 56130 bytes   sessions 0
up 198 pkts / 59375 bytes   down 187 pkts / 56130 bytes   sessions 0
up 198 pkts / 59375 bytes   down 187 pkts / 56130 bytes   sessions 0
up 198 pkts / 59375 bytes   down 187 pkts / 56130 bytes   sessions 0
up 198 pkts / 59375 bytes   down 187 pkts / 56130 bytes   sessions 0
up 198 pkts / 59375 bytes   down 187 pkts / 56130 bytes   sessions 0
up 198 pkts / 59375 bytes   down 187 pkts / 56130 bytes   sessions 0
up 198 pkts / 59375 bytes   down 187 pkts / 56130 bytes   sessions 0
up 198 pkts / 59375 bytes   down 187 pkts / 56130 bytes   sessions 0
up 198 pkts / 59375 bytes   down 187 pkts / 56130 bytes   sessions 0
up 198 pkts / 59375 bytes   down 187 pkts / 56130 bytes   sessions 0
up 198 pkts / 59375 bytes   down 187 pkts / 56130 bytes   sessions 0
up 198 pkts / 59375 bytes   down 187 pkts / 56130 bytes   sessions 0
up 198 pkts / 59375 bytes   down 187 pkts / 56130 bytes   sessions 0
up 198 pkts / 59375 bytes   down 187 pkts / 56130 bytes   sessions 0
up 198 pkts / 59375 bytes   down 187 pkts / 56130 bytes   sessions 0
up 198 pkts / 59375 bytes   down 187 pkts / 56130 bytes   sessions 0
up 198 pkts / 59375 bytes   down 187 pkts / 56130 bytes   sessions 0
up 198 pkts / 59375 bytes   down 187 pkts / 56130 bytes   sessions 0
up 198 pkts / 59375 bytes   down 187 pkts / 56130 bytes   sessions 0
up 198 pkts / 59375 bytes   down 187 pkts / 56130 bytes   sessions 0
up 198 pkts / 59375 bytes   down 187 pkts / 56130 bytes   sessions 0
up 198 pkts / 59375 bytes   down 187 pkts / 56130 bytes   sessions 0
up 198 pkts / 59375 bytes   down 187 pkts / 56130 bytes   sessions 0
up 198 pkts / 59375 bytes   down 187 pkts / 56130 bytes   sessions 0
up 198 pkts / 59375 bytes   down 187 pkts / 56130 bytes   sessions 0
up 198 pkts / 59375 bytes   down 187 pkts / 56130 bytes   sessions 0
up 198 pkts / 59375 bytes   down 187 pkts / 56130 bytes   sessions 0
up 198 pkts / 59375 bytes   down 187 pkts / 56130 bytes   sessions 0
up 198 pkts / 59375 bytes   down 187 pkts / 56130 bytes   sessions 0
up 198 pkts / 59375 bytes   down 187 pkts / 56130 bytes   sessions 0
up 198 pkts / 59375 bytes   down 187 pkts / 56130 bytes   sessions 0
up 198 pkts / 59375 bytes   down 187 pkts / 56130 bytes   sessions 0
up 198 pkts / 59375 bytes   down 187 pkts / 56130 bytes   sessions 0
up 198 pkts / 59375 bytes   down 187 pkts / 56130 bytes   sessions 0
up 198 pkts / 59375 bytes   down 187 pkts / 56130 bytes   sessions 0
up 198 pkts / 59375 bytes   down 187 pkts / 56130 bytes   sessions 0
up 198 pkts / 59375 bytes   down 187 pkts / 56130 bytes   sessions 0
up 198 pkts / 59375 bytes   down 187 pkts / 56130 bytes   sessions 0
up 198 pkts / 59375 bytes   down 187 pkts / 56130 bytes   sessions 0
up 198 pkts / 59375 bytes   down 187 pkts / 56130 bytes   sessions 0
up 198 pkts / 59375 bytes   down 187 pkts / 56130 bytes   sessions 0
up 198 pkts / 59375 bytes   down 187 pkts / 56130 bytes   sessions 0
up 198 pkts / 59375 bytes   down 187 pkts / 56130 bytes   sessions 0
up 198 pkts / 59375 bytes   down 187 pkts / 56130 bytes   sessions 0
up 198 pkts / 59375 bytes   down 187 pkts / 56130 bytes   sessions 0
up 198 pkts / 59375 bytes   down 187 pkts / 56130 bytes   sessions 0
up 198 pkts / 59375 bytes   down 187 pkts / 56130 bytes   sessions 0
up 198 pkts / 59375 bytes   down 187 pkts / 56130 bytes   sessions 0
up 198 pkts / 59375 bytes   down 187 pkts / 56130 bytes   sessions 0
up 198 pkts / 59375 bytes   down 187 pkts / 56130 bytes   sessions 0
up 198 pkts / 59375 bytes   down 187 pkts / 56130 bytes   sessions 0
up 198 pkts / 59375 bytes   down 187 pkts / 56130 bytes   sessions 0
up 198 pkts / 59375 bytes   down 187 pkts / 56130 bytes   sessions 0
up 198 pkts / 59375 bytes   down 187 pkts / 56130 bytes   sessions 0
up 198 pkts / 59375 bytes   down 187 pkts / 56130 bytes   sessions 0
up 198 pkts / 59375 bytes   down 187 pkts / 56130 bytes   sessions 0
up 198 pkts / 59375 bytes   down 187 pkts / 56130 bytes   sessions 0
up 198 pkts / 59375 bytes   down 187 pkts / 56130 bytes   sessions 0
up 198 pkts / 59375 bytes   down 187 pkts / 56130 bytes   sessions 0
up 198 pkts / 59375 bytes   down 187 pkts / 56130 bytes   sessions 0
up 198 pkts / 59375 bytes   down 187 pkts / 56130 bytes   sessions 0
up 198 pkts / 59375 bytes   down 187 pkts / 56130 bytes   sessions 0
up 198 pkts / 59375 bytes   down 187 pkts / 56130 bytes   sessions 0
up 198 pkts / 59375 bytes   down 187 pkts / 56130 bytes   sessions 0
up 198 pkts / 59375 bytes   down 187 pkts / 56130 bytes   sessions 0
up 198 pkts / 59375 bytes   down 187 pkts / 56130 bytes   sessions 0
up 198 pkts / 59375 bytes   down 187 pkts / 56130 bytes   sessions 0
up 198 pkts / 59375 bytes   down 187 pkts / 56130 bytes   sessions 0
up 198 pkts / 59375 bytes   down 187 pkts / 56130 bytes   sessions 0
up 198 pkts / 59375 bytes   down 187 pkts / 56130 bytes   sessions 0
up 198 pkts / 59375 bytes   down 187 pkts / 56130 bytes   sessions 0
up 198 pkts / 59375 bytes   down 187 pkts / 56130 bytes   sessions 0
up 198 pkts / 59375 bytes   down 187 pkts / 56130 bytes   sessions 0
up 198 pkts / 59375 bytes   down 187 pkts / 56130 bytes   sessions 0
up 198 pkts / 59375 bytes   down 187 pkts / 56130 bytes   sessions 0
up 198 pkts / 59375 bytes   down 187 pkts / 56130 bytes   sessions 0
up 198 pkts / 59375 bytes   down 187 pkts / 56130 bytes   sessions 0
up 198 pkts / 59375 bytes   down 187 pkts / 56130 bytes   sessions 0
up 198 pkts / 59375 bytes   down 187 pkts / 56130 bytes   sessions 0
up 198 pkts / 59375 bytes   down 187 pkts / 56130 bytes   sessions 0
up 198 pkts / 59375 bytes   down 187 pkts / 56130 bytes   sessions 0
up 198 pkts / 59375 bytes   down 187 pkts / 56130 bytes   sessions 0
up 198 pkts / 59375 bytes   down 187 pkts / 56130 bytes   sessions 0
up 198 pkts / 59375 bytes   down 187 pkts / 56130 bytes   sessions 0
up 198 pkts / 59375 bytes   down 187 pkts / 56130 bytes   sessions 0
up 198 pkts / 59375 bytes   down 187 pkts / 56130 bytes   sessions 0
up 198 pkts / 59375 bytes   down 187 pkts / 56130 bytes   sessions 0
up 198 pkts / 59375 bytes   down 187 pkts / 56130 bytes   sessions 0
up 198 pkts / 59375 bytes   down 187 pkts / 56130 bytes   sessions 0
up 198 pkts / 59375 bytes   down 187 pkts / 56130 bytes   sessions 0
up 198 pkts / 59375 bytes   down 187 pkts / 56130 bytes   sessions 0
up 198 pkts / 59375 bytes   down 187 pkts / 56130 bytes   sessions 0
up 198 pkts / 59375 bytes   down 187 pkts / 56130 bytes   sessions 0
up 198 pkts / 59375 bytes   down 187 pkts / 56130 bytes   sessions 0
up 198 pkts / 59375 bytes   down 187 pkts / 56130 bytes   sessions 0
up 198 pkts / 59375 bytes   down 187 pkts / 56130 bytes   sessions 0
up 198 pkts / 59375 bytes   down 187 pkts / 56130 bytes   sessions 0
up 198 pkts / 59375 bytes   down 187 pkts / 56130 bytes   sessions 0
up 198 pkts / 59375 bytes   down 187 pkts / 56130 bytes   sessions 0
up 198 pkts / 59375 bytes   down 187 pkts / 56130 bytes   sessions 0
up 198 pkts / 59375 bytes   down 187 pkts / 56130 bytes   sessions 0
up 198 pkts / 59375 bytes   down 187 pkts / 56130 bytes   sessions 0
up 198 pkts / 59375 bytes   down 187 pkts / 56130 bytes   sessions 0
up 198 pkts / 59375 bytes   down 187 pkts / 56130 bytes   sessions 0
up 198 pkts / 59375 bytes   down 187 pkts / 56130 bytes   sessions 0
up 198 pkts / 59375 bytes   down 187 pkts / 56130 bytes   sessions 0
up 198 pkts / 59375 bytes   down 187 pkts / 56130 bytes   sessions 0
up 198 pkts / 59375 bytes   down 187 pkts / 56130 bytes   sessions 0
up 198 pkts / 59375 bytes   down 187 pkts / 56130 bytes   sessions 0
up 198 pkts / 59375 bytes   down 187 pkts / 56130 bytes   sessions 0
up 198 pkts / 59375 bytes   down 187 pkts / 56130 bytes   sessions 0
up 198 pkts / 59375 bytes   down 187 pkts / 56130 bytes   sessions 0
up 198 pkts / 59375 bytes   down 187 pkts / 56130 bytes   sessions 0
up 198 pkts / 59375 bytes   down 187 pkts / 56130 bytes   sessions 0
up 198 pkts / 59375 bytes   down 187 pkts / 56130 bytes   sessions 0
up 198 pkts / 59375 bytes   down 187 pkts / 56130 bytes   sessions 0
up 198 pkts / 59375 bytes   down 187 pkts / 56130 bytes   sessions 0
up 198 pkts / 59375 bytes   down 187 pkts / 56130 bytes   sessions 0
up 198 pkts / 59375 bytes   down 187 pkts / 56130 bytes   sessions 0
up 198 pkts / 59375 bytes   down 187 pkts / 56130 bytes   sessions 0
up 198 pkts / 59375 bytes   down 187 pkts / 56130 bytes   sessions 0
up 198 pkts / 59375 bytes   down 187 pkts / 56130 bytes   sessions 0
up 198 pkts / 59375 bytes   down 187 pkts / 56130 bytes   sessions 0
up 198 pkts / 59375 bytes   down 187 pkts / 56130 bytes   sessions 0
up 198 pkts / 59375 bytes   down 187 pkts / 56130 bytes   sessions 0
up 198 pkts / 59375 bytes   down 187 pkts / 56130 bytes   sessions 0
up 198 pkts / 59375 bytes   down 187 pkts / 56130 bytes   sessions 0
up 198 pkts / 59375 bytes   down 187 pkts / 56130 bytes   sessions 0
up 198 pkts / 59375 bytes   down 187 pkts / 56130 bytes   sessions 0
up 198 pkts / 59375 bytes   down 187 pkts / 56130 bytes   sessions 0
up 198 pkts / 59375 bytes   down 187 pkts / 56130 bytes   sessions 0
up 198 pkts / 59375 bytes   down 187 pkts / 56130 bytes   sessions 0
up 198 pkts / 59375 bytes   down 187 pkts / 56130 bytes   sessions 0
up 198 pkts / 59375 bytes   down 187 pkts / 56130 bytes   sessions 0
up 198 pkts / 59375 bytes   down 187 pkts / 56130 bytes   sessions 0
up 198 pkts / 59375 bytes   down 187 pkts / 56130 bytes   sessions 0
up 198 pkts / 59375 bytes   down 187 pkts / 56130 bytes   sessions 0
up 198 pkts / 59375 bytes   down 187 pkts / 56130 bytes   sessions 0
up 198 pkts / 59375 bytes   down 187 pkts / 56130 bytes   sessions 0
up 198 pkts / 59375 bytes   down 187 pkts / 56130 bytes   sessions 0
up 198 pkts / 59375 bytes   down 187 pkts / 56130 bytes   sessions 0
up 198 pkts / 59375 bytes   down 187 pkts / 56130 bytes   sessions 0
up 198 pkts / 59375 bytes   down 187 pkts / 56130 bytes   sessions 0
up 198 pkts / 59375 bytes   down 187 pkts / 56130 bytes   sessions 0
up 198 pkts / 59375 bytes   down 187 pkts / 56130 bytes   sessions 0
up 198 pkts / 59375 bytes   down 187 pkts / 56130 bytes   sessions 0
up 198 pkts / 59375 bytes   down 187 pkts / 56130 bytes   sessions 0
up 198 pkts / 59375 bytes   down 187 pkts / 56130 bytes   sessions 0
up 198 pkts / 59375 bytes   down 187 pkts / 56130 bytes   sessions 0
up 198 pkts / 59375 bytes   down 187 pkts / 56130 bytes   sessions 0
up 198 pkts / 59375 bytes   down 187 pkts / 56130 bytes   sessions 0
up 198 pkts / 59375 bytes   down 187 pkts / 56130 bytes   sessions 0
up 198 pkts / 59375 bytes   down 187 pkts / 56130 bytes   sessions 0
up 198 pkts / 59375 bytes   down 187 pkts / 56130 bytes   sessions 0
up 198 pkts / 59375 bytes   down 187 pkts / 56130 bytes   sessions 0
up 198 pkts / 59375 bytes   down 187 pkts / 56130 bytes   sessions 0
up 198 pkts / 59375 bytes   down 187 pkts / 56130 bytes   sessions 0
up 198 pkts / 59375 bytes   down 187 pkts / 56130 bytes   sessions 0
up 198 pkts / 59375 bytes   down 187 pkts / 56130 bytes   sessions 0
up 198 pkts / 59375 bytes   down 187 pkts / 56130 bytes   sessions 0
up 198 pkts / 59375 bytes   down 187 pkts / 56130 bytes   sessions 0
up 198 pkts / 59375 bytes   down 187 pkts / 56130 bytes   sessions 0
up 198 pkts / 59375 bytes   down 187 pkts / 56130 bytes   sessions 0
up 198 pkts / 59375 bytes   down 187 pkts / 56130 bytes   sessions 0
up 198 pkts / 59375 bytes   down 187 pkts / 56130 bytes   sessions 0
up 198 pkts / 59375 bytes   down 187 pkts / 56130 bytes   sessions 0
up 198 pkts / 59375 bytes   down 187 pkts / 56130 bytes   sessions 0
up 198 pkts / 59375 bytes   down 187 pkts / 56130 bytes   sessions 0
up 198 pkts / 59375 bytes   down 187 pkts / 56130 bytes   sessions 0
up 198 pkts / 59375 bytes   down 187 pkts / 56130 bytes   sessions 0
up 198 pkts / 59375 bytes   down 187 pkts / 56130 bytes   sessions 0
up 198 pkts / 59375 bytes   down 187 pkts / 56130 bytes   sessions 0
up 198 pkts / 59375 bytes   down 187 pkts / 56130 bytes   sessions 0
up 198 pkts / 59375 bytes   down 187 pkts / 56130 bytes   sessions 0
up 198 pkts / 59375 bytes   down 187 pkts / 56130 bytes   sessions 0
up 198 pkts / 59375 bytes   down 187 pkts / 56130 bytes   sessions 0
up 198 pkts / 59375 bytes   down 187 pkts / 56130 bytes   sessions 0
up 198 pkts / 59375 bytes   down 187 pkts / 56130 bytes   sessions 0
up 198 pkts / 59375 bytes   down 187 pkts / 56130 bytes   sessions 0
up 198 pkts / 59375 bytes   down 187 pkts / 56130 bytes   sessions 0
up 198 pkts / 59375 bytes   down 187 pkts / 56130 bytes   sessions 0
session 127.0.0.1:7422: egress 192.168.0.4:0, advertise 10.0.2.2:11409
session 127.0.0.1:7422 ended: EOF
up 237 pkts / 73504 bytes   down 228 pkts / 67348 bytes   sessions 0
up 237 pkts / 73504 bytes   down 228 pkts / 67348 bytes   sessions 0
up 237 pkts / 73504 bytes   down 228 pkts / 67348 bytes   sessions 0
up 237 pkts / 73504 bytes   down 228 pkts / 67348 bytes   sessions 0
up 237 pkts / 73504 bytes   down 228 pkts / 67348 bytes   sessions 0
up 237 pkts / 73504 bytes   down 228 pkts / 67348 bytes   sessions 0
up 237 pkts / 73504 bytes   down 228 pkts / 67348 bytes   sessions 0
up 237 pkts / 73504 bytes   down 228 pkts / 67348 bytes   sessions 0
up 237 pkts / 73504 bytes   down 228 pkts / 67348 bytes   sessions 0
up 237 pkts / 73504 bytes   down 228 pkts / 67348 bytes   sessions 0
up 237 pkts / 73504 bytes   down 228 pkts / 67348 bytes   sessions 0
up 237 pkts / 73504 bytes   down 228 pkts / 67348 bytes   sessions 0
up 237 pkts / 73504 bytes   down 228 pkts / 67348 bytes   sessions 0
up 237 pkts / 73504 bytes   down 228 pkts / 67348 bytes   sessions 0
up 237 pkts / 73504 bytes   down 228 pkts / 67348 bytes   sessions 0
up 237 pkts / 73504 bytes   down 228 pkts / 67348 bytes   sessions 0
up 237 pkts / 73504 bytes   down 228 pkts / 67348 bytes   sessions 0
up 237 pkts / 73504 bytes   down 228 pkts / 67348 bytes   sessions 0
up 237 pkts / 73504 bytes   down 228 pkts / 67348 bytes   sessions 0
up 237 pkts / 73504 bytes   down 228 pkts / 67348 bytes   sessions 0
up 237 pkts / 73504 bytes   down 228 pkts / 67348 bytes   sessions 0
up 237 pkts / 73504 bytes   down 228 pkts / 67348 bytes   sessions 0
up 237 pkts / 73504 bytes   down 228 pkts / 67348 bytes   sessions 0
up 237 pkts / 73504 bytes   down 228 pkts / 67348 bytes   sessions 0
up 237 pkts / 73504 bytes   down 228 pkts / 67348 bytes   sessions 0
up 237 pkts / 73504 bytes   down 228 pkts / 67348 bytes   sessions 0
up 237 pkts / 73504 bytes   down 228 pkts / 67348 bytes   sessions 0
up 237 pkts / 73504 bytes   down 228 pkts / 67348 bytes   sessions 0
up 237 pkts / 73504 bytes   down 228 pkts / 67348 bytes   sessions 0
up 237 pkts / 73504 bytes   down 228 pkts / 67348 bytes   sessions 0
up 237 pkts / 73504 bytes   down 228 pkts / 67348 bytes   sessions 0
up 237 pkts / 73504 bytes   down 228 pkts / 67348 bytes   sessions 0
up 237 pkts / 73504 bytes   down 228 pkts / 67348 bytes   sessions 0
up 237 pkts / 73504 bytes   down 228 pkts / 67348 bytes   sessions 0
up 237 pkts / 73504 bytes   down 228 pkts / 67348 bytes   sessions 0
up 237 pkts / 73504 bytes   down 228 pkts / 67348 bytes   sessions 0
up 237 pkts / 73504 bytes   down 228 pkts / 67348 bytes   sessions 0
up 237 pkts / 73504 bytes   down 228 pkts / 67348 bytes   sessions 0
up 237 pkts / 73504 bytes   down 228 pkts / 67348 bytes   sessions 0
up 237 pkts / 73504 bytes   down 228 pkts / 67348 bytes   sessions 0
up 237 pkts / 73504 bytes   down 228 pkts / 67348 bytes   sessions 0
up 237 pkts / 73504 bytes   down 228 pkts / 67348 bytes   sessions 0
up 237 pkts / 73504 bytes   down 228 pkts / 67348 bytes   sessions 0
up 237 pkts / 73504 bytes   down 228 pkts / 67348 bytes   sessions 0
up 237 pkts / 73504 bytes   down 228 pkts / 67348 bytes   sessions 0
up 237 pkts / 73504 bytes   down 228 pkts / 67348 bytes   sessions 0
up 237 pkts / 73504 bytes   down 228 pkts / 67348 bytes   sessions 0
up 237 pkts / 73504 bytes   down 228 pkts / 67348 bytes   sessions 0
up 237 pkts / 73504 bytes   down 228 pkts / 67348 bytes   sessions 0
up 237 pkts / 73504 bytes   down 228 pkts / 67348 bytes   sessions 0
up 237 pkts / 73504 bytes   down 228 pkts / 67348 bytes   sessions 0
up 237 pkts / 73504 bytes   down 228 pkts / 67348 bytes   sessions 0
up 237 pkts / 73504 bytes   down 228 pkts / 67348 bytes   sessions 0
up 237 pkts / 73504 bytes   down 228 pkts / 67348 bytes   sessions 0
up 237 pkts / 73504 bytes   down 228 pkts / 67348 bytes   sessions 0
up 237 pkts / 73504 bytes   down 228 pkts / 67348 bytes   sessions 0
up 237 pkts / 73504 bytes   down 228 pkts / 67348 bytes   sessions 0
up 237 pkts / 73504 bytes   down 228 pkts / 67348 bytes   sessions 0
up 237 pkts / 73504 bytes   down 228 pkts / 67348 bytes   sessions 0
up 237 pkts / 73504 bytes   down 228 pkts / 67348 bytes   sessions 0
up 237 pkts / 73504 bytes   down 228 pkts / 67348 bytes   sessions 0
up 237 pkts / 73504 bytes   down 228 pkts / 67348 bytes   sessions 0
up 237 pkts / 73504 bytes   down 228 pkts / 67348 bytes   sessions 0
up 237 pkts / 73504 bytes   down 228 pkts / 67348 bytes   sessions 0
up 237 pkts / 73504 bytes   down 228 pkts / 67348 bytes   sessions 0
up 237 pkts / 73504 bytes   down 228 pkts / 67348 bytes   sessions 0
up 237 pkts / 73504 bytes   down 228 pkts / 67348 bytes   sessions 0
up 237 pkts / 73504 bytes   down 228 pkts / 67348 bytes   sessions 0
up 237 pkts / 73504 bytes   down 228 pkts / 67348 bytes   sessions 0
up 237 pkts / 73504 bytes   down 228 pkts / 67348 bytes   sessions 0
up 237 pkts / 73504 bytes   down 228 pkts / 67348 bytes   sessions 0
up 237 pkts / 73504 bytes   down 228 pkts / 67348 bytes   sessions 0
up 237 pkts / 73504 bytes   down 228 pkts / 67348 bytes   sessions 0
up 237 pkts / 73504 bytes   down 228 pkts / 67348 bytes   sessions 0
up 237 pkts / 73504 bytes   down 228 pkts / 67348 bytes   sessions 0
up 237 pkts / 73504 bytes   down 228 pkts / 67348 bytes   sessions 0
up 237 pkts / 73504 bytes   down 228 pkts / 67348 bytes   sessions 0
up 237 pkts / 73504 bytes   down 228 pkts / 67348 bytes   sessions 0
up 237 pkts / 73504 bytes   down 228 pkts / 67348 bytes   sessions 0
up 237 pkts / 73504 bytes   down 228 pkts / 67348 bytes   sessions 0
up 237 pkts / 73504 bytes   down 228 pkts / 67348 bytes   sessions 0
up 237 pkts / 73504 bytes   down 228 pkts / 67348 bytes   sessions 0
up 237 pkts / 73504 bytes   down 228 pkts / 67348 bytes   sessions 0
up 237 pkts / 73504 bytes   down 228 pkts / 67348 bytes   sessions 0
up 237 pkts / 73504 bytes   down 228 pkts / 67348 bytes   sessions 0
up 237 pkts / 73504 bytes   down 228 pkts / 67348 bytes   sessions 0
up 237 pkts / 73504 bytes   down 228 pkts / 67348 bytes   sessions 0
up 237 pkts / 73504 bytes   down 228 pkts / 67348 bytes   sessions 0
up 237 pkts / 73504 bytes   down 228 pkts / 67348 bytes   sessions 0
up 237 pkts / 73504 bytes   down 228 pkts / 67348 bytes   sessions 0
up 237 pkts / 73504 bytes   down 228 pkts / 67348 bytes   sessions 0
up 237 pkts / 73504 bytes   down 228 pkts / 67348 bytes   sessions 0
up 237 pkts / 73504 bytes   down 228 pkts / 67348 bytes   sessions 0
up 237 pkts / 73504 bytes   down 228 pkts / 67348 bytes   sessions 0
up 237 pkts / 73504 bytes   down 228 pkts / 67348 bytes   sessions 0
up 237 pkts / 73504 bytes   down 228 pkts / 67348 bytes   sessions 0
up 237 pkts / 73504 bytes   down 228 pkts / 67348 bytes   sessions 0
up 237 pkts / 73504 bytes   down 228 pkts / 67348 bytes   sessions 0
up 237 pkts / 73504 bytes   down 228 pkts / 67348 bytes   sessions 0
up 237 pkts / 73504 bytes   down 228 pkts / 67348 bytes   sessions 0
up 237 pkts / 73504 bytes   down 228 pkts / 67348 bytes   sessions 0
up 237 pkts / 73504 bytes   down 228 pkts / 67348 bytes   sessions 0
up 237 pkts / 73504 bytes   down 228 pkts / 67348 bytes   sessions 0
up 237 pkts / 73504 bytes   down 228 pkts / 67348 bytes   sessions 0
up 237 pkts / 73504 bytes   down 228 pkts / 67348 bytes   sessions 0
up 237 pkts / 73504 bytes   down 228 pkts / 67348 bytes   sessions 0
up 237 pkts / 73504 bytes   down 228 pkts / 67348 bytes   sessions 0
up 237 pkts / 73504 bytes   down 228 pkts / 67348 bytes   sessions 0
up 237 pkts / 73504 bytes   down 228 pkts / 67348 bytes   sessions 0
up 237 pkts / 73504 bytes   down 228 pkts / 67348 bytes   sessions 0
up 237 pkts / 73504 bytes   down 228 pkts / 67348 bytes   sessions 0
up 237 pkts / 73504 bytes   down 228 pkts / 67348 bytes   sessions 0
up 237 pkts / 73504 bytes   down 228 pkts / 67348 bytes   sessions 0
up 237 pkts / 73504 bytes   down 228 pkts / 67348 bytes   sessions 0
up 237 pkts / 73504 bytes   down 228 pkts / 67348 bytes   sessions 0
up 237 pkts / 73504 bytes   down 228 pkts / 67348 bytes   sessions 0
up 237 pkts / 73504 bytes   down 228 pkts / 67348 bytes   sessions 0
up 237 pkts / 73504 bytes   down 228 pkts / 67348 bytes   sessions 0
up 237 pkts / 73504 bytes   down 228 pkts / 67348 bytes   sessions 0
up 237 pkts / 73504 bytes   down 228 pkts / 67348 bytes   sessions 0
up 237 pkts / 73504 bytes   down 228 pkts / 67348 bytes   sessions 0
up 237 pkts / 73504 bytes   down 228 pkts / 67348 bytes   sessions 0
up 237 pkts / 73504 bytes   down 228 pkts / 67348 bytes   sessions 0
up 237 pkts / 73504 bytes   down 228 pkts / 67348 bytes   sessions 0
up 237 pkts / 73504 bytes   down 228 pkts / 67348 bytes   sessions 0
up 237 pkts / 73504 bytes   down 228 pkts / 67348 bytes   sessions 0
up 237 pkts / 73504 bytes   down 228 pkts / 67348 bytes   sessions 0
up 237 pkts / 73504 bytes   down 228 pkts / 67348 bytes   sessions 0
up 237 pkts / 73504 bytes   down 228 pkts / 67348 bytes   sessions 0
up 237 pkts / 73504 bytes   down 228 pkts / 67348 bytes   sessions 0
up 237 pkts / 73504 bytes   down 228 pkts / 67348 bytes   sessions 0
up 237 pkts / 73504 bytes   down 228 pkts / 67348 bytes   sessions 0
up 237 pkts / 73504 bytes   down 228 pkts / 67348 bytes   sessions 0
up 237 pkts / 73504 bytes   down 228 pkts / 67348 bytes   sessions 0
up 237 pkts / 73504 bytes   down 228 pkts / 67348 bytes   sessions 0
up 237 pkts / 73504 bytes   down 228 pkts / 67348 bytes   sessions 0
up 237 pkts / 73504 bytes   down 228 pkts / 67348 bytes   sessions 0
up 237 pkts / 73504 bytes   down 228 pkts / 67348 bytes   sessions 0
up 237 pkts / 73504 bytes   down 228 pkts / 67348 bytes   sessions 0
up 237 pkts / 73504 bytes   down 228 pkts / 67348 bytes   sessions 0
up 237 pkts / 73504 bytes   down 228 pkts / 67348 bytes   sessions 0
up 237 pkts / 73504 bytes   down 228 pkts / 67348 bytes   sessions 0
up 237 pkts / 73504 bytes   down 228 pkts / 67348 bytes   sessions 0
up 237 pkts / 73504 bytes   down 228 pkts / 67348 bytes   sessions 0
up 237 pkts / 73504 bytes   down 228 pkts / 67348 bytes   sessions 0
up 237 pkts / 73504 bytes   down 228 pkts / 67348 bytes   sessions 0
up 237 pkts / 73504 bytes   down 228 pkts / 67348 bytes   sessions 0
up 237 pkts / 73504 bytes   down 228 pkts / 67348 bytes   sessions 0
up 237 pkts / 73504 bytes   down 228 pkts / 67348 bytes   sessions 0
up 237 pkts / 73504 bytes   down 228 pkts / 67348 bytes   sessions 0
up 237 pkts / 73504 bytes   down 228 pkts / 67348 bytes   sessions 0
up 237 pkts / 73504 bytes   down 228 pkts / 67348 bytes   sessions 0
up 237 pkts / 73504 bytes   down 228 pkts / 67348 bytes   sessions 0
up 237 pkts / 73504 bytes   down 228 pkts / 67348 bytes   sessions 0
up 237 pkts / 73504 bytes   down 228 pkts / 67348 bytes   sessions 0
up 237 pkts / 73504 bytes   down 228 pkts / 67348 bytes   sessions 0
up 237 pkts / 73504 bytes   down 228 pkts / 67348 bytes   sessions 0
up 237 pkts / 73504 bytes   down 228 pkts / 67348 bytes   sessions 0
up 237 pkts / 73504 bytes   down 228 pkts / 67348 bytes   sessions 0
up 237 pkts / 73504 bytes   down 228 pkts / 67348 bytes   sessions 0
up 237 pkts / 73504 bytes   down 228 pkts / 67348 bytes   sessions 0
up 237 pkts / 73504 bytes   down 228 pkts / 67348 bytes   sessions 0
up 237 pkts / 73504 bytes   down 228 pkts / 67348 bytes   sessions 0
up 237 pkts / 73504 bytes   down 228 pkts / 67348 bytes   sessions 0
up 237 pkts / 73504 bytes   down 228 pkts / 67348 bytes   sessions 0
up 237 pkts / 73504 bytes   down 228 pkts / 67348 bytes   sessions 0
up 237 pkts / 73504 bytes   down 228 pkts / 67348 bytes   sessions 0
up 237 pkts / 73504 bytes   down 228 pkts / 67348 bytes   sessions 0
up 237 pkts / 73504 bytes   down 228 pkts / 67348 bytes   sessions 0
up 237 pkts / 73504 bytes   down 228 pkts / 67348 bytes   sessions 0
up 237 pkts / 73504 bytes   down 228 pkts / 67348 bytes   sessions 0
up 237 pkts / 73504 bytes   down 228 pkts / 67348 bytes   sessions 0
up 237 pkts / 73504 bytes   down 228 pkts / 67348 bytes   sessions 0
up 237 pkts / 73504 bytes   down 228 pkts / 67348 bytes   sessions 0
up 237 pkts / 73504 bytes   down 228 pkts / 67348 bytes   sessions 0
up 237 pkts / 73504 bytes   down 228 pkts / 67348 bytes   sessions 0
up 237 pkts / 73504 bytes   down 228 pkts / 67348 bytes   sessions 0
up 237 pkts / 73504 bytes   down 228 pkts / 67348 bytes   sessions 0
up 237 pkts / 73504 bytes   down 228 pkts / 67348 bytes   sessions 0
up 237 pkts / 73504 bytes   down 228 pkts / 67348 bytes   sessions 0
up 237 pkts / 73504 bytes   down 228 pkts / 67348 bytes   sessions 0
up 237 pkts / 73504 bytes   down 228 pkts / 67348 bytes   sessions 0
up 237 pkts / 73504 bytes   down 228 pkts / 67348 bytes   sessions 0
up 237 pkts / 73504 bytes   down 228 pkts / 67348 bytes   sessions 0
up 237 pkts / 73504 bytes   down 228 pkts / 67348 bytes   sessions 0
up 237 pkts / 73504 bytes   down 228 pkts / 67348 bytes   sessions 0
up 237 pkts / 73504 bytes   down 228 pkts / 67348 bytes   sessions 0
up 237 pkts / 73504 bytes   down 228 pkts / 67348 bytes   sessions 0
up 237 pkts / 73504 bytes   down 228 pkts / 67348 bytes   sessions 0
up 237 pkts / 73504 bytes   down 228 pkts / 67348 bytes   sessions 0
up 237 pkts / 73504 bytes   down 228 pkts / 67348 bytes   sessions 0
up 237 pkts / 73504 bytes   down 228 pkts / 67348 bytes   sessions 0
up 237 pkts / 73504 bytes   down 228 pkts / 67348 bytes   sessions 0
up 237 pkts / 73504 bytes   down 228 pkts / 67348 bytes   sessions 0
up 237 pkts / 73504 bytes   down 228 pkts / 67348 bytes   sessions 0
up 237 pkts / 73504 bytes   down 228 pkts / 67348 bytes   sessions 0
up 237 pkts / 73504 bytes   down 228 pkts / 67348 bytes   sessions 0
up 237 pkts / 73504 bytes   down 228 pkts / 67348 bytes   sessions 0
up 237 pkts / 73504 bytes   down 228 pkts / 67348 bytes   sessions 0
up 237 pkts / 73504 bytes   down 228 pkts / 67348 bytes   sessions 0
up 237 pkts / 73504 bytes   down 228 pkts / 67348 bytes   sessions 0
up 237 pkts / 73504 bytes   down 228 pkts / 67348 bytes   sessions 0
up 237 pkts / 73504 bytes   down 228 pkts / 67348 bytes   sessions 0
up 237 pkts / 73504 bytes   down 228 pkts / 67348 bytes   sessions 0
up 237 pkts / 73504 bytes   down 228 pkts / 67348 bytes   sessions 0
up 237 pkts / 73504 bytes   down 228 pkts / 67348 bytes   sessions 0
up 237 pkts / 73504 bytes   down 228 pkts / 67348 bytes   sessions 0
up 237 pkts / 73504 bytes   down 228 pkts / 67348 bytes   sessions 0
up 237 pkts / 73504 bytes   down 228 pkts / 67348 bytes   sessions 0
up 237 pkts / 73504 bytes   down 228 pkts / 67348 bytes   sessions 0
up 237 pkts / 73504 bytes   down 228 pkts / 67348 bytes   sessions 0
up 237 pkts / 73504 bytes   down 228 pkts / 67348 bytes   sessions 0
up 237 pkts / 73504 bytes   down 228 pkts / 67348 bytes   sessions 0
up 237 pkts / 73504 bytes   down 228 pkts / 67348 bytes   sessions 0
up 237 pkts / 73504 bytes   down 228 pkts / 67348 bytes   sessions 0
up 237 pkts / 73504 bytes   down 228 pkts / 67348 bytes   sessions 0
up 237 pkts / 73504 bytes   down 228 pkts / 67348 bytes   sessions 0
up 237 pkts / 73504 bytes   down 228 pkts / 67348 bytes   sessions 0
up 237 pkts / 73504 bytes   down 228 pkts / 67348 bytes   sessions 0
up 237 pkts / 73504 bytes   down 228 pkts / 67348 bytes   sessions 0
up 237 pkts / 73504 bytes   down 228 pkts / 67348 bytes   sessions 0
up 237 pkts / 73504 bytes   down 228 pkts / 67348 bytes   sessions 0
up 237 pkts / 73504 bytes   down 228 pkts / 67348 bytes   sessions 0
up 237 pkts / 73504 bytes   down 228 pkts / 67348 bytes   sessions 0
up 237 pkts / 73504 bytes   down 228 pkts / 67348 bytes   sessions 0
up 237 pkts / 73504 bytes   down 228 pkts / 67348 bytes   sessions 0
up 237 pkts / 73504 bytes   down 228 pkts / 67348 bytes   sessions 0
up 237 pkts / 73504 bytes   down 228 pkts / 67348 bytes   sessions 0
up 237 pkts / 73504 bytes   down 228 pkts / 67348 bytes   sessions 0
up 237 pkts / 73504 bytes   down 228 pkts / 67348 bytes   sessions 0
up 237 pkts / 73504 bytes   down 228 pkts / 67348 bytes   sessions 0
up 237 pkts / 73504 bytes   down 228 pkts / 67348 bytes   sessions 0
up 237 pkts / 73504 bytes   down 228 pkts / 67348 bytes   sessions 0
up 237 pkts / 73504 bytes   down 228 pkts / 67348 bytes   sessions 0
up 237 pkts / 73504 bytes   down 228 pkts / 67348 bytes   sessions 0
up 237 pkts / 73504 bytes   down 228 pkts / 67348 bytes   sessions 0
up 237 pkts / 73504 bytes   down 228 pkts / 67348 bytes   sessions 0
up 237 pkts / 73504 bytes   down 228 pkts / 67348 bytes   sessions 0
up 237 pkts / 73504 bytes   down 228 pkts / 67348 bytes   sessions 0
up 237 pkts / 73504 bytes   down 228 pkts / 67348 bytes   sessions 0
up 237 pkts / 73504 bytes   down 228 pkts / 67348 bytes   sessions 0
up 237 pkts / 73504 bytes   down 228 pkts / 67348 bytes   sessions 0
up 237 pkts / 73504 bytes   down 228 pkts / 67348 bytes   sessions 0
up 237 pkts / 73504 bytes   down 228 pkts / 67348 bytes   sessions 0
up 237 pkts / 73504 bytes   down 228 pkts / 67348 bytes   sessions 0
up 237 pkts / 73504 bytes   down 228 pkts / 67348 bytes   sessions 0
up 237 pkts / 73504 bytes   down 228 pkts / 67348 bytes   sessions 0
up 237 pkts / 73504 bytes   down 228 pkts / 67348 bytes   sessions 0
up 237 pkts / 73504 bytes   down 228 pkts / 67348 bytes   sessions 0
up 237 pkts / 73504 bytes   down 228 pkts / 67348 bytes   sessions 0
up 237 pkts / 73504 bytes   down 228 pkts / 67348 bytes   sessions 0
up 237 pkts / 73504 bytes   down 228 pkts / 67348 bytes   sessions 0
up 237 pkts / 73504 bytes   down 228 pkts / 67348 bytes   sessions 0
up 237 pkts / 73504 bytes   down 228 pkts / 67348 bytes   sessions 0
up 237 pkts / 73504 bytes   down 228 pkts / 67348 bytes   sessions 0
up 237 pkts / 73504 bytes   down 228 pkts / 67348 bytes   sessions 0
up 237 pkts / 73504 bytes   down 228 pkts / 67348 bytes   sessions 0
up 237 pkts / 73504 bytes   down 228 pkts / 67348 bytes   sessions 0
up 237 pkts / 73504 bytes   down 228 pkts / 67348 bytes   sessions 0
up 237 pkts / 73504 bytes   down 228 pkts / 67348 bytes   sessions 0
up 237 pkts / 73504 bytes   down 228 pkts / 67348 bytes   sessions 0
up 237 pkts / 73504 bytes   down 228 pkts / 67348 bytes   sessions 0
up 237 pkts / 73504 bytes   down 228 pkts / 67348 bytes   sessions 0
up 237 pkts / 73504 bytes   down 228 pkts / 67348 bytes   sessions 0
up 237 pkts / 73504 bytes   down 228 pkts / 67348 bytes   sessions 0
up 237 pkts / 73504 bytes   down 228 pkts / 67348 bytes   sessions 0
up 237 pkts / 73504 bytes   down 228 pkts / 67348 bytes   sessions 0
up 237 pkts / 73504 bytes   down 228 pkts / 67348 bytes   sessions 0
up 237 pkts / 73504 bytes   down 228 pkts / 67348 bytes   sessions 0
up 237 pkts / 73504 bytes   down 228 pkts / 67348 bytes   sessions 0
up 237 pkts / 73504 bytes   down 228 pkts / 67348 bytes   sessions 0
up 237 pkts / 73504 bytes   down 228 pkts / 67348 bytes   sessions 0
up 237 pkts / 73504 bytes   down 228 pkts / 67348 bytes   sessions 0
up 237 pkts / 73504 bytes   down 228 pkts / 67348 bytes   sessions 0
up 237 pkts / 73504 bytes   down 228 pkts / 67348 bytes   sessions 0
up 237 pkts / 73504 bytes   down 228 pkts / 67348 bytes   sessions 0
up 237 pkts / 73504 bytes   down 228 pkts / 67348 bytes   sessions 0
up 237 pkts / 73504 bytes   down 228 pkts / 67348 bytes   sessions 0
up 237 pkts / 73504 bytes   down 228 pkts / 67348 bytes   sessions 0
up 237 pkts / 73504 bytes   down 228 pkts / 67348 bytes   sessions 0
up 237 pkts / 73504 bytes   down 228 pkts / 67348 bytes   sessions 0
up 237 pkts / 73504 bytes   down 228 pkts / 67348 bytes   sessions 0
up 237 pkts / 73504 bytes   down 228 pkts / 67348 bytes   sessions 0
up 237 pkts / 73504 bytes   down 228 pkts / 67348 bytes   sessions 0
up 237 pkts / 73504 bytes   down 228 pkts / 67348 bytes   sessions 0
up 237 pkts / 73504 bytes   down 228 pkts / 67348 bytes   sessions 0
up 237 pkts / 73504 bytes   down 228 pkts / 67348 bytes   sessions 0
up 237 pkts / 73504 bytes   down 228 pkts / 67348 bytes   sessions 0
up 237 pkts / 73504 bytes   down 228 pkts / 67348 bytes   sessions 0
up 237 pkts / 73504 bytes   down 228 pkts / 67348 bytes   sessions 0
up 237 pkts / 73504 bytes   down 228 pkts / 67348 bytes   sessions 0
up 237 pkts / 73504 bytes   down 228 pkts / 67348 bytes   sessions 0
up 237 pkts / 73504 bytes   down 228 pkts / 67348 bytes   sessions 0
up 237 pkts / 73504 bytes   down 228 pkts / 67348 bytes   sessions 0
up 237 pkts / 73504 bytes   down 228 pkts / 67348 bytes   sessions 0
up 237 pkts / 73504 bytes   down 228 pkts / 67348 bytes   sessions 0
up 237 pkts / 73504 bytes   down 228 pkts / 67348 bytes   sessions 0
up 237 pkts / 73504 bytes   down 228 pkts / 67348 bytes   sessions 0
up 237 pkts / 73504 bytes   down 228 pkts / 67348 bytes   sessions 0
up 237 pkts / 73504 bytes   down 228 pkts / 67348 bytes   sessions 0
up 237 pkts / 73504 bytes   down 228 pkts / 67348 bytes   sessions 0
up 237 pkts / 73504 bytes   down 228 pkts / 67348 bytes   sessions 0
up 237 pkts / 73504 bytes   down 228 pkts / 67348 bytes   sessions 0
up 237 pkts / 73504 bytes   down 228 pkts / 67348 bytes   sessions 0
up 237 pkts / 73504 bytes   down 228 pkts / 67348 bytes   sessions 0
up 237 pkts / 73504 bytes   down 228 pkts / 67348 bytes   sessions 0
up 237 pkts / 73504 bytes   down 228 pkts / 67348 bytes   sessions 0
up 237 pkts / 73504 bytes   down 228 pkts / 67348 bytes   sessions 0
up 237 pkts / 73504 bytes   down 228 pkts / 67348 bytes   sessions 0
up 237 pkts / 73504 bytes   down 228 pkts / 67348 bytes   sessions 0
up 237 pkts / 73504 bytes   down 228 pkts / 67348 bytes   sessions 0
up 237 pkts / 73504 bytes   down 228 pkts / 67348 bytes   sessions 0
up 237 pkts / 73504 bytes   down 228 pkts / 67348 bytes   sessions 0
up 237 pkts / 73504 bytes   down 228 pkts / 67348 bytes   sessions 0
up 237 pkts / 73504 bytes   down 228 pkts / 67348 bytes   sessions 0
up 237 pkts / 73504 bytes   down 228 pkts / 67348 bytes   sessions 0
up 237 pkts / 73504 bytes   down 228 pkts / 67348 bytes   sessions 0
up 237 pkts / 73504 bytes   down 228 pkts / 67348 bytes   sessions 0
up 237 pkts / 73504 bytes   down 228 pkts / 67348 bytes   sessions 0
up 237 pkts / 73504 bytes   down 228 pkts / 67348 bytes   sessions 0
up 237 pkts / 73504 bytes   down 228 pkts / 67348 bytes   sessions 0
up 237 pkts / 73504 bytes   down 228 pkts / 67348 bytes   sessions 0
up 237 pkts / 73504 bytes   down 228 pkts / 67348 bytes   sessions 0
up 237 pkts / 73504 bytes   down 228 pkts / 67348 bytes   sessions 0
up 237 pkts / 73504 bytes   down 228 pkts / 67348 bytes   sessions 0
up 237 pkts / 73504 bytes   down 228 pkts / 67348 bytes   sessions 0
up 237 pkts / 73504 bytes   down 228 pkts / 67348 bytes   sessions 0
up 237 pkts / 73504 bytes   down 228 pkts / 67348 bytes   sessions 0
up 237 pkts / 73504 bytes   down 228 pkts / 67348 bytes   sessions 0
up 237 pkts / 73504 bytes   down 228 pkts / 67348 bytes   sessions 0
up 237 pkts / 73504 bytes   down 228 pkts / 67348 bytes   sessions 0
up 237 pkts / 73504 bytes   down 228 pkts / 67348 bytes   sessions 0
up 237 pkts / 73504 bytes   down 228 pkts / 67348 bytes   sessions 0
up 237 pkts / 73504 bytes   down 228 pkts / 67348 bytes   sessions 0
up 237 pkts / 73504 bytes   down 228 pkts / 67348 bytes   sessions 0
up 237 pkts / 73504 bytes   down 228 pkts / 67348 bytes   sessions 0
up 237 pkts / 73504 bytes   down 228 pkts / 67348 bytes   sessions 0
up 237 pkts / 73504 bytes   down 228 pkts / 67348 bytes   sessions 0
up 237 pkts / 73504 bytes   down 228 pkts / 67348 bytes   sessions 0
up 237 pkts / 73504 bytes   down 228 pkts / 67348 bytes   sessions 0
up 237 pkts / 73504 bytes   down 228 pkts / 67348 bytes   sessions 0
up 237 pkts / 73504 bytes   down 228 pkts / 67348 bytes   sessions 0
up 237 pkts / 73504 bytes   down 228 pkts / 67348 bytes   sessions 0
up 237 pkts / 73504 bytes   down 228 pkts / 67348 bytes   sessions 0
up 237 pkts / 73504 bytes   down 228 pkts / 67348 bytes   sessions 0
up 237 pkts / 73504 bytes   down 228 pkts / 67348 bytes   sessions 0
up 237 pkts / 73504 bytes   down 228 pkts / 67348 bytes   sessions 0
up 237 pkts / 73504 bytes   down 228 pkts / 67348 bytes   sessions 0
up 237 pkts / 73504 bytes   down 228 pkts / 67348 bytes   sessions 0
up 237 pkts / 73504 bytes   down 228 pkts / 67348 bytes   sessions 0
up 237 pkts / 73504 bytes   down 228 pkts / 67348 bytes   sessions 0
up 237 pkts / 73504 bytes   down 228 pkts / 67348 bytes   sessions 0
up 237 pkts / 73504 bytes   down 228 pkts / 67348 bytes   sessions 0
up 237 pkts / 73504 bytes   down 228 pkts / 67348 bytes   sessions 0
up 237 pkts / 73504 bytes   down 228 pkts / 67348 bytes   sessions 0
up 237 pkts / 73504 bytes   down 228 pkts / 67348 bytes   sessions 0
up 237 pkts / 73504 bytes   down 228 pkts / 67348 bytes   sessions 0
up 237 pkts / 73504 bytes   down 228 pkts / 67348 bytes   sessions 0
up 237 pkts / 73504 bytes   down 228 pkts / 67348 bytes   sessions 0
up 237 pkts / 73504 bytes   down 228 pkts / 67348 bytes   sessions 0
up 237 pkts / 73504 bytes   down 228 pkts / 67348 bytes   sessions 0
up 237 pkts / 73504 bytes   down 228 pkts / 67348 bytes   sessions 0
up 237 pkts / 73504 bytes   down 228 pkts / 67348 bytes   sessions 0
up 237 pkts / 73504 bytes   down 228 pkts / 67348 bytes   sessions 0
up 237 pkts / 73504 bytes   down 228 pkts / 67348 bytes   sessions 0
up 237 pkts / 73504 bytes   down 228 pkts / 67348 bytes   sessions 0
up 237 pkts / 73504 bytes   down 228 pkts / 67348 bytes   sessions 0
session 127.0.0.1:14346: egress 192.168.0.4:0, advertise 10.0.2.2:11730
session 127.0.0.1:14346 ended: EOF
up 275 pkts / 85241 bytes   down 263 pkts / 79572 bytes   sessions 0
session 127.0.0.1:14406: egress 192.168.0.4:0, advertise 10.0.2.2:16586
session 127.0.0.1:14406 ended: EOF
up 316 pkts / 97262 bytes   down 298 pkts / 90447 bytes   sessions 0
session 127.0.0.1:14507: egress 192.168.0.4:0, advertise 10.0.2.2:10588
session 127.0.0.1:14507 ended: EOF
up 354 pkts / 109076 bytes   down 333 pkts / 101408 bytes   sessions 0
up 354 pkts / 109076 bytes   down 333 pkts / 101408 bytes   sessions 0
up 354 pkts / 109076 bytes   down 333 pkts / 101408 bytes   sessions 0
up 354 pkts / 109076 bytes   down 333 pkts / 101408 bytes   sessions 0
up 354 pkts / 109076 bytes   down 333 pkts / 101408 bytes   sessions 0
up 354 pkts / 109076 bytes   down 333 pkts / 101408 bytes   sessions 0
up 354 pkts / 109076 bytes   down 333 pkts / 101408 bytes   sessions 0
up 354 pkts / 109076 bytes   down 333 pkts / 101408 bytes   sessions 0
up 354 pkts / 109076 bytes   down 333 pkts / 101408 bytes   sessions 0
up 354 pkts / 109076 bytes   down 333 pkts / 101408 bytes   sessions 0
up 354 pkts / 109076 bytes   down 333 pkts / 101408 bytes   sessions 0
up 354 pkts / 109076 bytes   down 333 pkts / 101408 bytes   sessions 0
up 354 pkts / 109076 bytes   down 333 pkts / 101408 bytes   sessions 0
up 354 pkts / 109076 bytes   down 333 pkts / 101408 bytes   sessions 0
up 354 pkts / 109076 bytes   down 333 pkts / 101408 bytes   sessions 0
up 354 pkts / 109076 bytes   down 333 pkts / 101408 bytes   sessions 0
up 354 pkts / 109076 bytes   down 333 pkts / 101408 bytes   sessions 0
up 354 pkts / 109076 bytes   down 333 pkts / 101408 bytes   sessions 0
up 354 pkts / 109076 bytes   down 333 pkts / 101408 bytes   sessions 0
up 354 pkts / 109076 bytes   down 333 pkts / 101408 bytes   sessions 0
up 354 pkts / 109076 bytes   down 333 pkts / 101408 bytes   sessions 0
up 354 pkts / 109076 bytes   down 333 pkts / 101408 bytes   sessions 0
up 354 pkts / 109076 bytes   down 333 pkts / 101408 bytes   sessions 0
up 354 pkts / 109076 bytes   down 333 pkts / 101408 bytes   sessions 0
up 354 pkts / 109076 bytes   down 333 pkts / 101408 bytes   sessions 0
up 354 pkts / 109076 bytes   down 333 pkts / 101408 bytes   sessions 0
up 354 pkts / 109076 bytes   down 333 pkts / 101408 bytes   sessions 0
up 354 pkts / 109076 bytes   down 333 pkts / 101408 bytes   sessions 0
up 354 pkts / 109076 bytes   down 333 pkts / 101408 bytes   sessions 0
up 354 pkts / 109076 bytes   down 333 pkts / 101408 bytes   sessions 0
up 354 pkts / 109076 bytes   down 333 pkts / 101408 bytes   sessions 0
up 354 pkts / 109076 bytes   down 333 pkts / 101408 bytes   sessions 0
up 354 pkts / 109076 bytes   down 333 pkts / 101408 bytes   sessions 0
up 354 pkts / 109076 bytes   down 333 pkts / 101408 bytes   sessions 0
up 354 pkts / 109076 bytes   down 333 pkts / 101408 bytes   sessions 0
up 354 pkts / 109076 bytes   down 333 pkts / 101408 bytes   sessions 0
up 354 pkts / 109076 bytes   down 333 pkts / 101408 bytes   sessions 0
up 354 pkts / 109076 bytes   down 333 pkts / 101408 bytes   sessions 0
up 354 pkts / 109076 bytes   down 333 pkts / 101408 bytes   sessions 0
up 354 pkts / 109076 bytes   down 333 pkts / 101408 bytes   sessions 0
up 354 pkts / 109076 bytes   down 333 pkts / 101408 bytes   sessions 0
up 354 pkts / 109076 bytes   down 333 pkts / 101408 bytes   sessions 0
up 354 pkts / 109076 bytes   down 333 pkts / 101408 bytes   sessions 0
up 354 pkts / 109076 bytes   down 333 pkts / 101408 bytes   sessions 0
up 354 pkts / 109076 bytes   down 333 pkts / 101408 bytes   sessions 0
up 354 pkts / 109076 bytes   down 333 pkts / 101408 bytes   sessions 0
up 354 pkts / 109076 bytes   down 333 pkts / 101408 bytes   sessions 0
up 354 pkts / 109076 bytes   down 333 pkts / 101408 bytes   sessions 0
up 354 pkts / 109076 bytes   down 333 pkts / 101408 bytes   sessions 0
up 354 pkts / 109076 bytes   down 333 pkts / 101408 bytes   sessions 0
up 354 pkts / 109076 bytes   down 333 pkts / 101408 bytes   sessions 0
up 354 pkts / 109076 bytes   down 333 pkts / 101408 bytes   sessions 0
up 354 pkts / 109076 bytes   down 333 pkts / 101408 bytes   sessions 0
up 354 pkts / 109076 bytes   down 333 pkts / 101408 bytes   sessions 0
up 354 pkts / 109076 bytes   down 333 pkts / 101408 bytes   sessions 0
up 354 pkts / 109076 bytes   down 333 pkts / 101408 bytes   sessions 0
up 354 pkts / 109076 bytes   down 333 pkts / 101408 bytes   sessions 0
up 354 pkts / 109076 bytes   down 333 pkts / 101408 bytes   sessions 0
up 354 pkts / 109076 bytes   down 333 pkts / 101408 bytes   sessions 0
up 354 pkts / 109076 bytes   down 333 pkts / 101408 bytes   sessions 0
up 354 pkts / 109076 bytes   down 333 pkts / 101408 bytes   sessions 0
up 354 pkts / 109076 bytes   down 333 pkts / 101408 bytes   sessions 0
up 354 pkts / 109076 bytes   down 333 pkts / 101408 bytes   sessions 0
up 354 pkts / 109076 bytes   down 333 pkts / 101408 bytes   sessions 0
up 354 pkts / 109076 bytes   down 333 pkts / 101408 bytes   sessions 0
session 127.0.0.1:17501: egress 192.168.0.4:0, advertise 10.0.2.2:4557
up 366 pkts / 116802 bytes   down 349 pkts / 106785 bytes   sessions 1
session 127.0.0.1:17501 ended: EOF
up 396 pkts / 120809 bytes   down 375 pkts / 112524 bytes   sessions 0
up 396 pkts / 120809 bytes   down 375 pkts / 112524 bytes   sessions 0
up 396 pkts / 120809 bytes   down 375 pkts / 112524 bytes   sessions 0
up 396 pkts / 120809 bytes   down 375 pkts / 112524 bytes   sessions 0
up 396 pkts / 120809 bytes   down 375 pkts / 112524 bytes   sessions 0
up 396 pkts / 120809 bytes   down 375 pkts / 112524 bytes   sessions 0
up 396 pkts / 120809 bytes   down 375 pkts / 112524 bytes   sessions 0
up 396 pkts / 120809 bytes   down 375 pkts / 112524 bytes   sessions 0
up 396 pkts / 120809 bytes   down 375 pkts / 112524 bytes   sessions 0
up 396 pkts / 120809 bytes   down 375 pkts / 112524 bytes   sessions 0
up 396 pkts / 120809 bytes   down 375 pkts / 112524 bytes   sessions 0
up 396 pkts / 120809 bytes   down 375 pkts / 112524 bytes   sessions 0
up 396 pkts / 120809 bytes   down 375 pkts / 112524 bytes   sessions 0
up 396 pkts / 120809 bytes   down 375 pkts / 112524 bytes   sessions 0
up 396 pkts / 120809 bytes   down 375 pkts / 112524 bytes   sessions 0
up 396 pkts / 120809 bytes   down 375 pkts / 112524 bytes   sessions 0
up 396 pkts / 120809 bytes   down 375 pkts / 112524 bytes   sessions 0
up 396 pkts / 120809 bytes   down 375 pkts / 112524 bytes   sessions 0
up 396 pkts / 120809 bytes   down 375 pkts / 112524 bytes   sessions 0
up 396 pkts / 120809 bytes   down 375 pkts / 112524 bytes   sessions 0
up 396 pkts / 120809 bytes   down 375 pkts / 112524 bytes   sessions 0
up 396 pkts / 120809 bytes   down 375 pkts / 112524 bytes   sessions 0
up 396 pkts / 120809 bytes   down 375 pkts / 112524 bytes   sessions 0
up 396 pkts / 120809 bytes   down 375 pkts / 112524 bytes   sessions 0
up 396 pkts / 120809 bytes   down 375 pkts / 112524 bytes   sessions 0
up 396 pkts / 120809 bytes   down 375 pkts / 112524 bytes   sessions 0
up 396 pkts / 120809 bytes   down 375 pkts / 112524 bytes   sessions 0
up 396 pkts / 120809 bytes   down 375 pkts / 112524 bytes   sessions 0
up 396 pkts / 120809 bytes   down 375 pkts / 112524 bytes   sessions 0
up 396 pkts / 120809 bytes   down 375 pkts / 112524 bytes   sessions 0
up 396 pkts / 120809 bytes   down 375 pkts / 112524 bytes   sessions 0
up 396 pkts / 120809 bytes   down 375 pkts / 112524 bytes   sessions 0
up 396 pkts / 120809 bytes   down 375 pkts / 112524 bytes   sessions 0
up 396 pkts / 120809 bytes   down 375 pkts / 112524 bytes   sessions 0
up 396 pkts / 120809 bytes   down 375 pkts / 112524 bytes   sessions 0
up 396 pkts / 120809 bytes   down 375 pkts / 112524 bytes   sessions 0
up 396 pkts / 120809 bytes   down 375 pkts / 112524 bytes   sessions 0
up 396 pkts / 120809 bytes   down 375 pkts / 112524 bytes   sessions 0
up 396 pkts / 120809 bytes   down 375 pkts / 112524 bytes   sessions 0
up 396 pkts / 120809 bytes   down 375 pkts / 112524 bytes   sessions 0
up 396 pkts / 120809 bytes   down 375 pkts / 112524 bytes   sessions 0
up 396 pkts / 120809 bytes   down 375 pkts / 112524 bytes   sessions 0
up 396 pkts / 120809 bytes   down 375 pkts / 112524 bytes   sessions 0
up 396 pkts / 120809 bytes   down 375 pkts / 112524 bytes   sessions 0
up 396 pkts / 120809 bytes   down 375 pkts / 112524 bytes   sessions 0
up 396 pkts / 120809 bytes   down 375 pkts / 112524 bytes   sessions 0
up 396 pkts / 120809 bytes   down 375 pkts / 112524 bytes   sessions 0
up 396 pkts / 120809 bytes   down 375 pkts / 112524 bytes   sessions 0
up 396 pkts / 120809 bytes   down 375 pkts / 112524 bytes   sessions 0
up 396 pkts / 120809 bytes   down 375 pkts / 112524 bytes   sessions 0
up 396 pkts / 120809 bytes   down 375 pkts / 112524 bytes   sessions 0
up 396 pkts / 120809 bytes   down 375 pkts / 112524 bytes   sessions 0
up 396 pkts / 120809 bytes   down 375 pkts / 112524 bytes   sessions 0
up 396 pkts / 120809 bytes   down 375 pkts / 112524 bytes   sessions 0
up 396 pkts / 120809 bytes   down 375 pkts / 112524 bytes   sessions 0
up 396 pkts / 120809 bytes   down 375 pkts / 112524 bytes   sessions 0
up 396 pkts / 120809 bytes   down 375 pkts / 112524 bytes   sessions 0
up 396 pkts / 120809 bytes   down 375 pkts / 112524 bytes   sessions 0
up 396 pkts / 120809 bytes   down 375 pkts / 112524 bytes   sessions 0
up 396 pkts / 120809 bytes   down 375 pkts / 112524 bytes   sessions 0
up 396 pkts / 120809 bytes   down 375 pkts / 112524 bytes   sessions 0
up 396 pkts / 120809 bytes   down 375 pkts / 112524 bytes   sessions 0
up 396 pkts / 120809 bytes   down 375 pkts / 112524 bytes   sessions 0
up 396 pkts / 120809 bytes   down 375 pkts / 112524 bytes   sessions 0
up 396 pkts / 120809 bytes   down 375 pkts / 112524 bytes   sessions 0
up 396 pkts / 120809 bytes   down 375 pkts / 112524 bytes   sessions 0
up 396 pkts / 120809 bytes   down 375 pkts / 112524 bytes   sessions 0
up 396 pkts / 120809 bytes   down 375 pkts / 112524 bytes   sessions 0
up 396 pkts / 120809 bytes   down 375 pkts / 112524 bytes   sessions 0
up 396 pkts / 120809 bytes   down 375 pkts / 112524 bytes   sessions 0
up 396 pkts / 120809 bytes   down 375 pkts / 112524 bytes   sessions 0
up 396 pkts / 120809 bytes   down 375 pkts / 112524 bytes   sessions 0
up 396 pkts / 120809 bytes   down 375 pkts / 112524 bytes   sessions 0
up 396 pkts / 120809 bytes   down 375 pkts / 112524 bytes   sessions 0
up 396 pkts / 120809 bytes   down 375 pkts / 112524 bytes   sessions 0
up 396 pkts / 120809 bytes   down 375 pkts / 112524 bytes   sessions 0
up 396 pkts / 120809 bytes   down 375 pkts / 112524 bytes   sessions 0
up 396 pkts / 120809 bytes   down 375 pkts / 112524 bytes   sessions 0
up 396 pkts / 120809 bytes   down 375 pkts / 112524 bytes   sessions 0
up 396 pkts / 120809 bytes   down 375 pkts / 112524 bytes   sessions 0
up 396 pkts / 120809 bytes   down 375 pkts / 112524 bytes   sessions 0
up 396 pkts / 120809 bytes   down 375 pkts / 112524 bytes   sessions 0
up 396 pkts / 120809 bytes   down 375 pkts / 112524 bytes   sessions 0
up 396 pkts / 120809 bytes   down 375 pkts / 112524 bytes   sessions 0
up 396 pkts / 120809 bytes   down 375 pkts / 112524 bytes   sessions 0
up 396 pkts / 120809 bytes   down 375 pkts / 112524 bytes   sessions 0
up 396 pkts / 120809 bytes   down 375 pkts / 112524 bytes   sessions 0
up 396 pkts / 120809 bytes   down 375 pkts / 112524 bytes   sessions 0
up 396 pkts / 120809 bytes   down 375 pkts / 112524 bytes   sessions 0
up 396 pkts / 120809 bytes   down 375 pkts / 112524 bytes   sessions 0
up 396 pkts / 120809 bytes   down 375 pkts / 112524 bytes   sessions 0
up 396 pkts / 120809 bytes   down 375 pkts / 112524 bytes   sessions 0
up 396 pkts / 120809 bytes   down 375 pkts / 112524 bytes   sessions 0
up 396 pkts / 120809 bytes   down 375 pkts / 112524 bytes   sessions 0
up 396 pkts / 120809 bytes   down 375 pkts / 112524 bytes   sessions 0
up 396 pkts / 120809 bytes   down 375 pkts / 112524 bytes   sessions 0
up 396 pkts / 120809 bytes   down 375 pkts / 112524 bytes   sessions 0
up 396 pkts / 120809 bytes   down 375 pkts / 112524 bytes   sessions 0
up 396 pkts / 120809 bytes   down 375 pkts / 112524 bytes   sessions 0
up 396 pkts / 120809 bytes   down 375 pkts / 112524 bytes   sessions 0
up 396 pkts / 120809 bytes   down 375 pkts / 112524 bytes   sessions 0
up 396 pkts / 120809 bytes   down 375 pkts / 112524 bytes   sessions 0
up 396 pkts / 120809 bytes   down 375 pkts / 112524 bytes   sessions 0
up 396 pkts / 120809 bytes   down 375 pkts / 112524 bytes   sessions 0
up 396 pkts / 120809 bytes   down 375 pkts / 112524 bytes   sessions 0
up 396 pkts / 120809 bytes   down 375 pkts / 112524 bytes   sessions 0
up 396 pkts / 120809 bytes   down 375 pkts / 112524 bytes   sessions 0
up 396 pkts / 120809 bytes   down 375 pkts / 112524 bytes   sessions 0
up 396 pkts / 120809 bytes   down 375 pkts / 112524 bytes   sessions 0
up 396 pkts / 120809 bytes   down 375 pkts / 112524 bytes   sessions 0
up 396 pkts / 120809 bytes   down 375 pkts / 112524 bytes   sessions 0
up 396 pkts / 120809 bytes   down 375 pkts / 112524 bytes   sessions 0
up 396 pkts / 120809 bytes   down 375 pkts / 112524 bytes   sessions 0
up 396 pkts / 120809 bytes   down 375 pkts / 112524 bytes   sessions 0
up 396 pkts / 120809 bytes   down 375 pkts / 112524 bytes   sessions 0
up 396 pkts / 120809 bytes   down 375 pkts / 112524 bytes   sessions 0
up 396 pkts / 120809 bytes   down 375 pkts / 112524 bytes   sessions 0
up 396 pkts / 120809 bytes   down 375 pkts / 112524 bytes   sessions 0
up 396 pkts / 120809 bytes   down 375 pkts / 112524 bytes   sessions 0
up 396 pkts / 120809 bytes   down 375 pkts / 112524 bytes   sessions 0
up 396 pkts / 120809 bytes   down 375 pkts / 112524 bytes   sessions 0
up 396 pkts / 120809 bytes   down 375 pkts / 112524 bytes   sessions 0
up 396 pkts / 120809 bytes   down 375 pkts / 112524 bytes   sessions 0
up 396 pkts / 120809 bytes   down 375 pkts / 112524 bytes   sessions 0
up 396 pkts / 120809 bytes   down 375 pkts / 112524 bytes   sessions 0
up 396 pkts / 120809 bytes   down 375 pkts / 112524 bytes   sessions 0
up 396 pkts / 120809 bytes   down 375 pkts / 112524 bytes   sessions 0
up 396 pkts / 120809 bytes   down 375 pkts / 112524 bytes   sessions 0
up 396 pkts / 120809 bytes   down 375 pkts / 112524 bytes   sessions 0
up 396 pkts / 120809 bytes   down 375 pkts / 112524 bytes   sessions 0
up 396 pkts / 120809 bytes   down 375 pkts / 112524 bytes   sessions 0
up 396 pkts / 120809 bytes   down 375 pkts / 112524 bytes   sessions 0
up 396 pkts / 120809 bytes   down 375 pkts / 112524 bytes   sessions 0
up 396 pkts / 120809 bytes   down 375 pkts / 112524 bytes   sessions 0
up 396 pkts / 120809 bytes   down 375 pkts / 112524 bytes   sessions 0
up 396 pkts / 120809 bytes   down 375 pkts / 112524 bytes   sessions 0
up 396 pkts / 120809 bytes   down 375 pkts / 112524 bytes   sessions 0
up 396 pkts / 120809 bytes   down 375 pkts / 112524 bytes   sessions 0
up 396 pkts / 120809 bytes   down 375 pkts / 112524 bytes   sessions 0
up 396 pkts / 120809 bytes   down 375 pkts / 112524 bytes   sessions 0
up 396 pkts / 120809 bytes   down 375 pkts / 112524 bytes   sessions 0
up 396 pkts / 120809 bytes   down 375 pkts / 112524 bytes   sessions 0
up 396 pkts / 120809 bytes   down 375 pkts / 112524 bytes   sessions 0
up 396 pkts / 120809 bytes   down 375 pkts / 112524 bytes   sessions 0
up 396 pkts / 120809 bytes   down 375 pkts / 112524 bytes   sessions 0
up 396 pkts / 120809 bytes   down 375 pkts / 112524 bytes   sessions 0
up 396 pkts / 120809 bytes   down 375 pkts / 112524 bytes   sessions 0
up 396 pkts / 120809 bytes   down 375 pkts / 112524 bytes   sessions 0
up 396 pkts / 120809 bytes   down 375 pkts / 112524 bytes   sessions 0
up 396 pkts / 120809 bytes   down 375 pkts / 112524 bytes   sessions 0
up 396 pkts / 120809 bytes   down 375 pkts / 112524 bytes   sessions 0
up 396 pkts / 120809 bytes   down 375 pkts / 112524 bytes   sessions 0
up 396 pkts / 120809 bytes   down 375 pkts / 112524 bytes   sessions 0
up 396 pkts / 120809 bytes   down 375 pkts / 112524 bytes   sessions 0
up 396 pkts / 120809 bytes   down 375 pkts / 112524 bytes   sessions 0
up 396 pkts / 120809 bytes   down 375 pkts / 112524 bytes   sessions 0
up 396 pkts / 120809 bytes   down 375 pkts / 112524 bytes   sessions 0
up 396 pkts / 120809 bytes   down 375 pkts / 112524 bytes   sessions 0
up 396 pkts / 120809 bytes   down 375 pkts / 112524 bytes   sessions 0
up 396 pkts / 120809 bytes   down 375 pkts / 112524 bytes   sessions 0
up 396 pkts / 120809 bytes   down 375 pkts / 112524 bytes   sessions 0
up 396 pkts / 120809 bytes   down 375 pkts / 112524 bytes   sessions 0
up 396 pkts / 120809 bytes   down 375 pkts / 112524 bytes   sessions 0
up 396 pkts / 120809 bytes   down 375 pkts / 112524 bytes   sessions 0
up 396 pkts / 120809 bytes   down 375 pkts / 112524 bytes   sessions 0
up 396 pkts / 120809 bytes   down 375 pkts / 112524 bytes   sessions 0
up 396 pkts / 120809 bytes   down 375 pkts / 112524 bytes   sessions 0
up 396 pkts / 120809 bytes   down 375 pkts / 112524 bytes   sessions 0
up 396 pkts / 120809 bytes   down 375 pkts / 112524 bytes   sessions 0
up 396 pkts / 120809 bytes   down 375 pkts / 112524 bytes   sessions 0
up 396 pkts / 120809 bytes   down 375 pkts / 112524 bytes   sessions 0
up 396 pkts / 120809 bytes   down 375 pkts / 112524 bytes   sessions 0
up 396 pkts / 120809 bytes   down 375 pkts / 112524 bytes   sessions 0
up 396 pkts / 120809 bytes   down 375 pkts / 112524 bytes   sessions 0
up 396 pkts / 120809 bytes   down 375 pkts / 112524 bytes   sessions 0
up 396 pkts / 120809 bytes   down 375 pkts / 112524 bytes   sessions 0
up 396 pkts / 120809 bytes   down 375 pkts / 112524 bytes   sessions 0
up 396 pkts / 120809 bytes   down 375 pkts / 112524 bytes   sessions 0
up 396 pkts / 120809 bytes   down 375 pkts / 112524 bytes   sessions 0
up 396 pkts / 120809 bytes   down 375 pkts / 112524 bytes   sessions 0
up 396 pkts / 120809 bytes   down 375 pkts / 112524 bytes   sessions 0
up 396 pkts / 120809 bytes   down 375 pkts / 112524 bytes   sessions 0
up 396 pkts / 120809 bytes   down 375 pkts / 112524 bytes   sessions 0
up 396 pkts / 120809 bytes   down 375 pkts / 112524 bytes   sessions 0
up 396 pkts / 120809 bytes   down 375 pkts / 112524 bytes   sessions 0
up 396 pkts / 120809 bytes   down 375 pkts / 112524 bytes   sessions 0
up 396 pkts / 120809 bytes   down 375 pkts / 112524 bytes   sessions 0
up 396 pkts / 120809 bytes   down 375 pkts / 112524 bytes   sessions 0
up 396 pkts / 120809 bytes   down 375 pkts / 112524 bytes   sessions 0
up 396 pkts / 120809 bytes   down 375 pkts / 112524 bytes   sessions 0
up 396 pkts / 120809 bytes   down 375 pkts / 112524 bytes   sessions 0
up 396 pkts / 120809 bytes   down 375 pkts / 112524 bytes   sessions 0
up 396 pkts / 120809 bytes   down 375 pkts / 112524 bytes   sessions 0
up 396 pkts / 120809 bytes   down 375 pkts / 112524 bytes   sessions 0
up 396 pkts / 120809 bytes   down 375 pkts / 112524 bytes   sessions 0
up 396 pkts / 120809 bytes   down 375 pkts / 112524 bytes   sessions 0
up 396 pkts / 120809 bytes   down 375 pkts / 112524 bytes   sessions 0
up 396 pkts / 120809 bytes   down 375 pkts / 112524 bytes   sessions 0
up 396 pkts / 120809 bytes   down 375 pkts / 112524 bytes   sessions 0
up 396 pkts / 120809 bytes   down 375 pkts / 112524 bytes   sessions 0
up 396 pkts / 120809 bytes   down 375 pkts / 112524 bytes   sessions 0
up 396 pkts / 120809 bytes   down 375 pkts / 112524 bytes   sessions 0
up 396 pkts / 120809 bytes   down 375 pkts / 112524 bytes   sessions 0
up 396 pkts / 120809 bytes   down 375 pkts / 112524 bytes   sessions 0
up 396 pkts / 120809 bytes   down 375 pkts / 112524 bytes   sessions 0
up 396 pkts / 120809 bytes   down 375 pkts / 112524 bytes   sessions 0
up 396 pkts / 120809 bytes   down 375 pkts / 112524 bytes   sessions 0
up 396 pkts / 120809 bytes   down 375 pkts / 112524 bytes   sessions 0
up 396 pkts / 120809 bytes   down 375 pkts / 112524 bytes   sessions 0
up 396 pkts / 120809 bytes   down 375 pkts / 112524 bytes   sessions 0
up 396 pkts / 120809 bytes   down 375 pkts / 112524 bytes   sessions 0
up 396 pkts / 120809 bytes   down 375 pkts / 112524 bytes   sessions 0
up 396 pkts / 120809 bytes   down 375 pkts / 112524 bytes   sessions 0
up 396 pkts / 120809 bytes   down 375 pkts / 112524 bytes   sessions 0
up 396 pkts / 120809 bytes   down 375 pkts / 112524 bytes   sessions 0
up 396 pkts / 120809 bytes   down 375 pkts / 112524 bytes   sessions 0
up 396 pkts / 120809 bytes   down 375 pkts / 112524 bytes   sessions 0
up 396 pkts / 120809 bytes   down 375 pkts / 112524 bytes   sessions 0
up 396 pkts / 120809 bytes   down 375 pkts / 112524 bytes   sessions 0
up 396 pkts / 120809 bytes   down 375 pkts / 112524 bytes   sessions 0
up 396 pkts / 120809 bytes   down 375 pkts / 112524 bytes   sessions 0
up 396 pkts / 120809 bytes   down 375 pkts / 112524 bytes   sessions 0
up 396 pkts / 120809 bytes   down 375 pkts / 112524 bytes   sessions 0
up 396 pkts / 120809 bytes   down 375 pkts / 112524 bytes   sessions 0
up 396 pkts / 120809 bytes   down 375 pkts / 112524 bytes   sessions 0
up 396 pkts / 120809 bytes   down 375 pkts / 112524 bytes   sessions 0
up 396 pkts / 120809 bytes   down 375 pkts / 112524 bytes   sessions 0
up 396 pkts / 120809 bytes   down 375 pkts / 112524 bytes   sessions 0
up 396 pkts / 120809 bytes   down 375 pkts / 112524 bytes   sessions 0
up 396 pkts / 120809 bytes   down 375 pkts / 112524 bytes   sessions 0
up 396 pkts / 120809 bytes   down 375 pkts / 112524 bytes   sessions 0
up 396 pkts / 120809 bytes   down 375 pkts / 112524 bytes   sessions 0
up 396 pkts / 120809 bytes   down 375 pkts / 112524 bytes   sessions 0
up 396 pkts / 120809 bytes   down 375 pkts / 112524 bytes   sessions 0
up 396 pkts / 120809 bytes   down 375 pkts / 112524 bytes   sessions 0
up 396 pkts / 120809 bytes   down 375 pkts / 112524 bytes   sessions 0
up 396 pkts / 120809 bytes   down 375 pkts / 112524 bytes   sessions 0
up 396 pkts / 120809 bytes   down 375 pkts / 112524 bytes   sessions 0
up 396 pkts / 120809 bytes   down 375 pkts / 112524 bytes   sessions 0
up 396 pkts / 120809 bytes   down 375 pkts / 112524 bytes   sessions 0
up 396 pkts / 120809 bytes   down 375 pkts / 112524 bytes   sessions 0
up 396 pkts / 120809 bytes   down 375 pkts / 112524 bytes   sessions 0
up 396 pkts / 120809 bytes   down 375 pkts / 112524 bytes   sessions 0
up 396 pkts / 120809 bytes   down 375 pkts / 112524 bytes   sessions 0
up 396 pkts / 120809 bytes   down 375 pkts / 112524 bytes   sessions 0
up 396 pkts / 120809 bytes   down 375 pkts / 112524 bytes   sessions 0
up 396 pkts / 120809 bytes   down 375 pkts / 112524 bytes   sessions 0
up 396 pkts / 120809 bytes   down 375 pkts / 112524 bytes   sessions 0
up 396 pkts / 120809 bytes   down 375 pkts / 112524 bytes   sessions 0
up 396 pkts / 120809 bytes   down 375 pkts / 112524 bytes   sessions 0
up 396 pkts / 120809 bytes   down 375 pkts / 112524 bytes   sessions 0
up 396 pkts / 120809 bytes   down 375 pkts / 112524 bytes   sessions 0
up 396 pkts / 120809 bytes   down 375 pkts / 112524 bytes   sessions 0
up 396 pkts / 120809 bytes   down 375 pkts / 112524 bytes   sessions 0
up 396 pkts / 120809 bytes   down 375 pkts / 112524 bytes   sessions 0
up 396 pkts / 120809 bytes   down 375 pkts / 112524 bytes   sessions 0
up 396 pkts / 120809 bytes   down 375 pkts / 112524 bytes   sessions 0
up 396 pkts / 120809 bytes   down 375 pkts / 112524 bytes   sessions 0
up 396 pkts / 120809 bytes   down 375 pkts / 112524 bytes   sessions 0
up 396 pkts / 120809 bytes   down 375 pkts / 112524 bytes   sessions 0
up 396 pkts / 120809 bytes   down 375 pkts / 112524 bytes   sessions 0
up 396 pkts / 120809 bytes   down 375 pkts / 112524 bytes   sessions 0
up 396 pkts / 120809 bytes   down 375 pkts / 112524 bytes   sessions 0
up 396 pkts / 120809 bytes   down 375 pkts / 112524 bytes   sessions 0
up 396 pkts / 120809 bytes   down 375 pkts / 112524 bytes   sessions 0
up 396 pkts / 120809 bytes   down 375 pkts / 112524 bytes   sessions 0
up 396 pkts / 120809 bytes   down 375 pkts / 112524 bytes   sessions 0
up 396 pkts / 120809 bytes   down 375 pkts / 112524 bytes   sessions 0
up 396 pkts / 120809 bytes   down 375 pkts / 112524 bytes   sessions 0
up 396 pkts / 120809 bytes   down 375 pkts / 112524 bytes   sessions 0
up 396 pkts / 120809 bytes   down 375 pkts / 112524 bytes   sessions 0
up 396 pkts / 120809 bytes   down 375 pkts / 112524 bytes   sessions 0
up 396 pkts / 120809 bytes   down 375 pkts / 112524 bytes   sessions 0
up 396 pkts / 120809 bytes   down 375 pkts / 112524 bytes   sessions 0
up 396 pkts / 120809 bytes   down 375 pkts / 112524 bytes   sessions 0
up 396 pkts / 120809 bytes   down 375 pkts / 112524 bytes   sessions 0
up 396 pkts / 120809 bytes   down 375 pkts / 112524 bytes   sessions 0
up 396 pkts / 120809 bytes   down 375 pkts / 112524 bytes   sessions 0
up 396 pkts / 120809 bytes   down 375 pkts / 112524 bytes   sessions 0
up 396 pkts / 120809 bytes   down 375 pkts / 112524 bytes   sessions 0
up 396 pkts / 120809 bytes   down 375 pkts / 112524 bytes   sessions 0
session 127.0.0.1:13803: egress 192.168.0.4:0, advertise 10.0.2.2:13381
up 409 pkts / 128951 bytes   down 390 pkts / 117883 bytes   sessions 1
session 127.0.0.1:13803 ended: EOF
up 437 pkts / 132870 bytes   down 409 pkts / 123478 bytes   sessions 0
up 437 pkts / 132870 bytes   down 409 pkts / 123478 bytes   sessions 0
up 437 pkts / 132870 bytes   down 409 pkts / 123478 bytes   sessions 0
up 437 pkts / 132870 bytes   down 409 pkts / 123478 bytes   sessions 0
up 437 pkts / 132870 bytes   down 409 pkts / 123478 bytes   sessions 0
up 437 pkts / 132870 bytes   down 409 pkts / 123478 bytes   sessions 0
up 437 pkts / 132870 bytes   down 409 pkts / 123478 bytes   sessions 0
up 437 pkts / 132870 bytes   down 409 pkts / 123478 bytes   sessions 0
up 437 pkts / 132870 bytes   down 409 pkts / 123478 bytes   sessions 0
up 437 pkts / 132870 bytes   down 409 pkts / 123478 bytes   sessions 0
up 437 pkts / 132870 bytes   down 409 pkts / 123478 bytes   sessions 0
up 437 pkts / 132870 bytes   down 409 pkts / 123478 bytes   sessions 0
up 437 pkts / 132870 bytes   down 409 pkts / 123478 bytes   sessions 0
up 437 pkts / 132870 bytes   down 409 pkts / 123478 bytes   sessions 0
up 437 pkts / 132870 bytes   down 409 pkts / 123478 bytes   sessions 0
session 127.0.0.1:53309: egress 192.168.0.4:0, advertise 10.0.2.2:6995
session 127.0.0.1:53309 ended: EOF
up 479 pkts / 144941 bytes   down 446 pkts / 135823 bytes   sessions 0
up 479 pkts / 144941 bytes   down 446 pkts / 135823 bytes   sessions 0
up 479 pkts / 144941 bytes   down 446 pkts / 135823 bytes   sessions 0
up 479 pkts / 144941 bytes   down 446 pkts / 135823 bytes   sessions 0
up 479 pkts / 144941 bytes   down 446 pkts / 135823 bytes   sessions 0
up 479 pkts / 144941 bytes   down 446 pkts / 135823 bytes   sessions 0
up 479 pkts / 144941 bytes   down 446 pkts / 135823 bytes   sessions 0
up 479 pkts / 144941 bytes   down 446 pkts / 135823 bytes   sessions 0
up 479 pkts / 144941 bytes   down 446 pkts / 135823 bytes   sessions 0
up 479 pkts / 144941 bytes   down 446 pkts / 135823 bytes   sessions 0
up 479 pkts / 144941 bytes   down 446 pkts / 135823 bytes   sessions 0
up 479 pkts / 144941 bytes   down 446 pkts / 135823 bytes   sessions 0
up 479 pkts / 144941 bytes   down 446 pkts / 135823 bytes   sessions 0
up 479 pkts / 144941 bytes   down 446 pkts / 135823 bytes   sessions 0
up 479 pkts / 144941 bytes   down 446 pkts / 135823 bytes   sessions 0
up 479 pkts / 144941 bytes   down 446 pkts / 135823 bytes   sessions 0
up 479 pkts / 144941 bytes   down 446 pkts / 135823 bytes   sessions 0
up 479 pkts / 144941 bytes   down 446 pkts / 135823 bytes   sessions 0
up 479 pkts / 144941 bytes   down 446 pkts / 135823 bytes   sessions 0
up 479 pkts / 144941 bytes   down 446 pkts / 135823 bytes   sessions 0
up 479 pkts / 144941 bytes   down 446 pkts / 135823 bytes   sessions 0
up 479 pkts / 144941 bytes   down 446 pkts / 135823 bytes   sessions 0
up 479 pkts / 144941 bytes   down 446 pkts / 135823 bytes   sessions 0
up 479 pkts / 144941 bytes   down 446 pkts / 135823 bytes   sessions 0
up 479 pkts / 144941 bytes   down 446 pkts / 135823 bytes   sessions 0
up 479 pkts / 144941 bytes   down 446 pkts / 135823 bytes   sessions 0
up 479 pkts / 144941 bytes   down 446 pkts / 135823 bytes   sessions 0
up 479 pkts / 144941 bytes   down 446 pkts / 135823 bytes   sessions 0
up 479 pkts / 144941 bytes   down 446 pkts / 135823 bytes   sessions 0
up 479 pkts / 144941 bytes   down 446 pkts / 135823 bytes   sessions 0
up 479 pkts / 144941 bytes   down 446 pkts / 135823 bytes   sessions 0
up 479 pkts / 144941 bytes   down 446 pkts / 135823 bytes   sessions 0
up 479 pkts / 144941 bytes   down 446 pkts / 135823 bytes   sessions 0
up 479 pkts / 144941 bytes   down 446 pkts / 135823 bytes   sessions 0
up 479 pkts / 144941 bytes   down 446 pkts / 135823 bytes   sessions 0
up 479 pkts / 144941 bytes   down 446 pkts / 135823 bytes   sessions 0
up 479 pkts / 144941 bytes   down 446 pkts / 135823 bytes   sessions 0
up 479 pkts / 144941 bytes   down 446 pkts / 135823 bytes   sessions 0
up 479 pkts / 144941 bytes   down 446 pkts / 135823 bytes   sessions 0
up 479 pkts / 144941 bytes   down 446 pkts / 135823 bytes   sessions 0
up 479 pkts / 144941 bytes   down 446 pkts / 135823 bytes   sessions 0
up 479 pkts / 144941 bytes   down 446 pkts / 135823 bytes   sessions 0
up 479 pkts / 144941 bytes   down 446 pkts / 135823 bytes   sessions 0
up 479 pkts / 144941 bytes   down 446 pkts / 135823 bytes   sessions 0
up 479 pkts / 144941 bytes   down 446 pkts / 135823 bytes   sessions 0
up 479 pkts / 144941 bytes   down 446 pkts / 135823 bytes   sessions 0
up 479 pkts / 144941 bytes   down 446 pkts / 135823 bytes   sessions 0
up 479 pkts / 144941 bytes   down 446 pkts / 135823 bytes   sessions 0
up 479 pkts / 144941 bytes   down 446 pkts / 135823 bytes   sessions 0
up 479 pkts / 144941 bytes   down 446 pkts / 135823 bytes   sessions 0
up 479 pkts / 144941 bytes   down 446 pkts / 135823 bytes   sessions 0
up 479 pkts / 144941 bytes   down 446 pkts / 135823 bytes   sessions 0
up 479 pkts / 144941 bytes   down 446 pkts / 135823 bytes   sessions 0
up 479 pkts / 144941 bytes   down 446 pkts / 135823 bytes   sessions 0
up 479 pkts / 144941 bytes   down 446 pkts / 135823 bytes   sessions 0
up 479 pkts / 144941 bytes   down 446 pkts / 135823 bytes   sessions 0
up 479 pkts / 144941 bytes   down 446 pkts / 135823 bytes   sessions 0
up 479 pkts / 144941 bytes   down 446 pkts / 135823 bytes   sessions 0
up 479 pkts / 144941 bytes   down 446 pkts / 135823 bytes   sessions 0
up 479 pkts / 144941 bytes   down 446 pkts / 135823 bytes   sessions 0
up 479 pkts / 144941 bytes   down 446 pkts / 135823 bytes   sessions 0
up 479 pkts / 144941 bytes   down 446 pkts / 135823 bytes   sessions 0
up 479 pkts / 144941 bytes   down 446 pkts / 135823 bytes   sessions 0
up 479 pkts / 144941 bytes   down 446 pkts / 135823 bytes   sessions 0
up 479 pkts / 144941 bytes   down 446 pkts / 135823 bytes   sessions 0
up 479 pkts / 144941 bytes   down 446 pkts / 135823 bytes   sessions 0
up 479 pkts / 144941 bytes   down 446 pkts / 135823 bytes   sessions 0
up 479 pkts / 144941 bytes   down 446 pkts / 135823 bytes   sessions 0
up 479 pkts / 144941 bytes   down 446 pkts / 135823 bytes   sessions 0
up 479 pkts / 144941 bytes   down 446 pkts / 135823 bytes   sessions 0
up 479 pkts / 144941 bytes   down 446 pkts / 135823 bytes   sessions 0
up 479 pkts / 144941 bytes   down 446 pkts / 135823 bytes   sessions 0
up 479 pkts / 144941 bytes   down 446 pkts / 135823 bytes   sessions 0
up 479 pkts / 144941 bytes   down 446 pkts / 135823 bytes   sessions 0
up 479 pkts / 144941 bytes   down 446 pkts / 135823 bytes   sessions 0
up 479 pkts / 144941 bytes   down 446 pkts / 135823 bytes   sessions 0
up 479 pkts / 144941 bytes   down 446 pkts / 135823 bytes   sessions 0
up 479 pkts / 144941 bytes   down 446 pkts / 135823 bytes   sessions 0
up 479 pkts / 144941 bytes   down 446 pkts / 135823 bytes   sessions 0
up 479 pkts / 144941 bytes   down 446 pkts / 135823 bytes   sessions 0
up 479 pkts / 144941 bytes   down 446 pkts / 135823 bytes   sessions 0
up 479 pkts / 144941 bytes   down 446 pkts / 135823 bytes   sessions 0
up 479 pkts / 144941 bytes   down 446 pkts / 135823 bytes   sessions 0
up 479 pkts / 144941 bytes   down 446 pkts / 135823 bytes   sessions 0
up 479 pkts / 144941 bytes   down 446 pkts / 135823 bytes   sessions 0
up 479 pkts / 144941 bytes   down 446 pkts / 135823 bytes   sessions 0
up 479 pkts / 144941 bytes   down 446 pkts / 135823 bytes   sessions 0
up 479 pkts / 144941 bytes   down 446 pkts / 135823 bytes   sessions 0
session 127.0.0.1:24921: egress 192.168.0.4:0, advertise 10.0.2.2:43543
up 515 pkts / 156623 bytes   down 477 pkts / 147164 bytes   sessions 1
session 127.0.0.1:24921 ended: EOF
up 520 pkts / 156962 bytes   down 487 pkts / 148113 bytes   sessions 0
up 520 pkts / 156962 bytes   down 487 pkts / 148113 bytes   sessions 0
session 127.0.0.1:25108: egress 192.168.0.4:0, advertise 10.0.2.2:43544
session 127.0.0.1:25108 ended: EOF
up 560 pkts / 168865 bytes   down 529 pkts / 159244 bytes   sessions 0
session 127.0.0.1:25201: egress 192.168.0.4:0, advertise 10.0.2.2:43545
session 127.0.0.1:25201 ended: EOF
session 127.0.0.1:25293: egress 192.168.0.4:0, advertise 10.0.2.2:43551
up 609 pkts / 188640 bytes   down 572 pkts / 173810 bytes   sessions 1
session 127.0.0.1:25293 ended: EOF
session 127.0.0.1:25350: egress 192.168.0.4:0, advertise 10.0.2.2:34181
session 127.0.0.1:25350 ended: EOF
up 676 pkts / 204355 bytes   down 638 pkts / 192152 bytes   sessions 0
session 127.0.0.1:25405: egress 192.168.0.4:0, advertise 10.0.2.2:34182
session 127.0.0.1:25405 ended: EOF
up 713 pkts / 215705 bytes   down 676 pkts / 203136 bytes   sessions 0
up 713 pkts / 215705 bytes   down 676 pkts / 203136 bytes   sessions 0
up 713 pkts / 215705 bytes   down 676 pkts / 203136 bytes   sessions 0
up 713 pkts / 215705 bytes   down 676 pkts / 203136 bytes   sessions 0
up 713 pkts / 215705 bytes   down 676 pkts / 203136 bytes   sessions 0
up 713 pkts / 215705 bytes   down 676 pkts / 203136 bytes   sessions 0
session 127.0.0.1:26294: egress 192.168.0.4:0, advertise 10.0.2.2:10192
session 127.0.0.1:26294 ended: EOF
up 754 pkts / 227694 bytes   down 714 pkts / 215297 bytes   sessions 0
up 754 pkts / 227694 bytes   down 714 pkts / 215297 bytes   sessions 0
up 754 pkts / 227694 bytes   down 714 pkts / 215297 bytes   sessions 0
up 754 pkts / 227694 bytes   down 714 pkts / 215297 bytes   sessions 0
up 754 pkts / 227694 bytes   down 714 pkts / 215297 bytes   sessions 0
up 754 pkts / 227694 bytes   down 714 pkts / 215297 bytes   sessions 0
up 754 pkts / 227694 bytes   down 714 pkts / 215297 bytes   sessions 0
up 754 pkts / 227694 bytes   down 714 pkts / 215297 bytes   sessions 0
up 754 pkts / 227694 bytes   down 714 pkts / 215297 bytes   sessions 0
up 754 pkts / 227694 bytes   down 714 pkts / 215297 bytes   sessions 0
up 754 pkts / 227694 bytes   down 714 pkts / 215297 bytes   sessions 0
up 754 pkts / 227694 bytes   down 714 pkts / 215297 bytes   sessions 0
up 754 pkts / 227694 bytes   down 714 pkts / 215297 bytes   sessions 0
up 754 pkts / 227694 bytes   down 714 pkts / 215297 bytes   sessions 0
up 754 pkts / 227694 bytes   down 714 pkts / 215297 bytes   sessions 0
up 754 pkts / 227694 bytes   down 714 pkts / 215297 bytes   sessions 0
up 754 pkts / 227694 bytes   down 714 pkts / 215297 bytes   sessions 0
up 754 pkts / 227694 bytes   down 714 pkts / 215297 bytes   sessions 0
up 754 pkts / 227694 bytes   down 714 pkts / 215297 bytes   sessions 0
up 754 pkts / 227694 bytes   down 714 pkts / 215297 bytes   sessions 0
up 754 pkts / 227694 bytes   down 714 pkts / 215297 bytes   sessions 0
up 754 pkts / 227694 bytes   down 714 pkts / 215297 bytes   sessions 0
up 754 pkts / 227694 bytes   down 714 pkts / 215297 bytes   sessions 0
up 754 pkts / 227694 bytes   down 714 pkts / 215297 bytes   sessions 0
up 754 pkts / 227694 bytes   down 714 pkts / 215297 bytes   sessions 0
up 754 pkts / 227694 bytes   down 714 pkts / 215297 bytes   sessions 0
up 754 pkts / 227694 bytes   down 714 pkts / 215297 bytes   sessions 0
up 754 pkts / 227694 bytes   down 714 pkts / 215297 bytes   sessions 0
up 754 pkts / 227694 bytes   down 714 pkts / 215297 bytes   sessions 0
up 754 pkts / 227694 bytes   down 714 pkts / 215297 bytes   sessions 0
up 754 pkts / 227694 bytes   down 714 pkts / 215297 bytes   sessions 0
up 754 pkts / 227694 bytes   down 714 pkts / 215297 bytes   sessions 0
up 754 pkts / 227694 bytes   down 714 pkts / 215297 bytes   sessions 0
up 754 pkts / 227694 bytes   down 714 pkts / 215297 bytes   sessions 0
up 754 pkts / 227694 bytes   down 714 pkts / 215297 bytes   sessions 0
up 754 pkts / 227694 bytes   down 714 pkts / 215297 bytes   sessions 0
up 754 pkts / 227694 bytes   down 714 pkts / 215297 bytes   sessions 0
up 754 pkts / 227694 bytes   down 714 pkts / 215297 bytes   sessions 0
up 754 pkts / 227694 bytes   down 714 pkts / 215297 bytes   sessions 0
up 754 pkts / 227694 bytes   down 714 pkts / 215297 bytes   sessions 0
up 754 pkts / 227694 bytes   down 714 pkts / 215297 bytes   sessions 0
up 754 pkts / 227694 bytes   down 714 pkts / 215297 bytes   sessions 0
up 754 pkts / 227694 bytes   down 714 pkts / 215297 bytes   sessions 0
up 754 pkts / 227694 bytes   down 714 pkts / 215297 bytes   sessions 0
up 754 pkts / 227694 bytes   down 714 pkts / 215297 bytes   sessions 0
up 754 pkts / 227694 bytes   down 714 pkts / 215297 bytes   sessions 0
up 754 pkts / 227694 bytes   down 714 pkts / 215297 bytes   sessions 0
up 754 pkts / 227694 bytes   down 714 pkts / 215297 bytes   sessions 0
up 754 pkts / 227694 bytes   down 714 pkts / 215297 bytes   sessions 0
up 754 pkts / 227694 bytes   down 714 pkts / 215297 bytes   sessions 0
up 754 pkts / 227694 bytes   down 714 pkts / 215297 bytes   sessions 0
up 754 pkts / 227694 bytes   down 714 pkts / 215297 bytes   sessions 0
up 754 pkts / 227694 bytes   down 714 pkts / 215297 bytes   sessions 0
up 754 pkts / 227694 bytes   down 714 pkts / 215297 bytes   sessions 0
up 754 pkts / 227694 bytes   down 714 pkts / 215297 bytes   sessions 0
up 754 pkts / 227694 bytes   down 714 pkts / 215297 bytes   sessions 0
up 754 pkts / 227694 bytes   down 714 pkts / 215297 bytes   sessions 0
up 754 pkts / 227694 bytes   down 714 pkts / 215297 bytes   sessions 0
up 754 pkts / 227694 bytes   down 714 pkts / 215297 bytes   sessions 0
up 754 pkts / 227694 bytes   down 714 pkts / 215297 bytes   sessions 0
up 754 pkts / 227694 bytes   down 714 pkts / 215297 bytes   sessions 0
up 754 pkts / 227694 bytes   down 714 pkts / 215297 bytes   sessions 0
up 754 pkts / 227694 bytes   down 714 pkts / 215297 bytes   sessions 0
up 754 pkts / 227694 bytes   down 714 pkts / 215297 bytes   sessions 0
up 754 pkts / 227694 bytes   down 714 pkts / 215297 bytes   sessions 0
up 754 pkts / 227694 bytes   down 714 pkts / 215297 bytes   sessions 0
up 754 pkts / 227694 bytes   down 714 pkts / 215297 bytes   sessions 0
up 754 pkts / 227694 bytes   down 714 pkts / 215297 bytes   sessions 0
up 754 pkts / 227694 bytes   down 714 pkts / 215297 bytes   sessions 0
up 754 pkts / 227694 bytes   down 714 pkts / 215297 bytes   sessions 0
up 754 pkts / 227694 bytes   down 714 pkts / 215297 bytes   sessions 0
up 754 pkts / 227694 bytes   down 714 pkts / 215297 bytes   sessions 0
up 754 pkts / 227694 bytes   down 714 pkts / 215297 bytes   sessions 0
up 754 pkts / 227694 bytes   down 714 pkts / 215297 bytes   sessions 0
up 754 pkts / 227694 bytes   down 714 pkts / 215297 bytes   sessions 0
up 754 pkts / 227694 bytes   down 714 pkts / 215297 bytes   sessions 0
up 754 pkts / 227694 bytes   down 714 pkts / 215297 bytes   sessions 0
up 754 pkts / 227694 bytes   down 714 pkts / 215297 bytes   sessions 0
up 754 pkts / 227694 bytes   down 714 pkts / 215297 bytes   sessions 0
up 754 pkts / 227694 bytes   down 714 pkts / 215297 bytes   sessions 0
up 754 pkts / 227694 bytes   down 714 pkts / 215297 bytes   sessions 0
up 754 pkts / 227694 bytes   down 714 pkts / 215297 bytes   sessions 0
up 754 pkts / 227694 bytes   down 714 pkts / 215297 bytes   sessions 0
up 754 pkts / 227694 bytes   down 714 pkts / 215297 bytes   sessions 0
up 754 pkts / 227694 bytes   down 714 pkts / 215297 bytes   sessions 0
up 754 pkts / 227694 bytes   down 714 pkts / 215297 bytes   sessions 0
up 754 pkts / 227694 bytes   down 714 pkts / 215297 bytes   sessions 0
up 754 pkts / 227694 bytes   down 714 pkts / 215297 bytes   sessions 0
up 754 pkts / 227694 bytes   down 714 pkts / 215297 bytes   sessions 0
up 754 pkts / 227694 bytes   down 714 pkts / 215297 bytes   sessions 0
up 754 pkts / 227694 bytes   down 714 pkts / 215297 bytes   sessions 0
up 754 pkts / 227694 bytes   down 714 pkts / 215297 bytes   sessions 0
up 754 pkts / 227694 bytes   down 714 pkts / 215297 bytes   sessions 0
up 754 pkts / 227694 bytes   down 714 pkts / 215297 bytes   sessions 0
up 754 pkts / 227694 bytes   down 714 pkts / 215297 bytes   sessions 0
up 754 pkts / 227694 bytes   down 714 pkts / 215297 bytes   sessions 0
up 754 pkts / 227694 bytes   down 714 pkts / 215297 bytes   sessions 0
up 754 pkts / 227694 bytes   down 714 pkts / 215297 bytes   sessions 0
up 754 pkts / 227694 bytes   down 714 pkts / 215297 bytes   sessions 0
up 754 pkts / 227694 bytes   down 714 pkts / 215297 bytes   sessions 0
up 754 pkts / 227694 bytes   down 714 pkts / 215297 bytes   sessions 0
up 754 pkts / 227694 bytes   down 714 pkts / 215297 bytes   sessions 0
up 754 pkts / 227694 bytes   down 714 pkts / 215297 bytes   sessions 0
up 754 pkts / 227694 bytes   down 714 pkts / 215297 bytes   sessions 0
up 754 pkts / 227694 bytes   down 714 pkts / 215297 bytes   sessions 0
up 754 pkts / 227694 bytes   down 714 pkts / 215297 bytes   sessions 0
up 754 pkts / 227694 bytes   down 714 pkts / 215297 bytes   sessions 0
up 754 pkts / 227694 bytes   down 714 pkts / 215297 bytes   sessions 0
up 754 pkts / 227694 bytes   down 714 pkts / 215297 bytes   sessions 0
up 754 pkts / 227694 bytes   down 714 pkts / 215297 bytes   sessions 0
up 754 pkts / 227694 bytes   down 714 pkts / 215297 bytes   sessions 0
up 754 pkts / 227694 bytes   down 714 pkts / 215297 bytes   sessions 0
up 754 pkts / 227694 bytes   down 714 pkts / 215297 bytes   sessions 0
up 754 pkts / 227694 bytes   down 714 pkts / 215297 bytes   sessions 0
up 754 pkts / 227694 bytes   down 714 pkts / 215297 bytes   sessions 0
up 754 pkts / 227694 bytes   down 714 pkts / 215297 bytes   sessions 0
up 754 pkts / 227694 bytes   down 714 pkts / 215297 bytes   sessions 0
up 754 pkts / 227694 bytes   down 714 pkts / 215297 bytes   sessions 0
up 754 pkts / 227694 bytes   down 714 pkts / 215297 bytes   sessions 0
up 754 pkts / 227694 bytes   down 714 pkts / 215297 bytes   sessions 0
up 754 pkts / 227694 bytes   down 714 pkts / 215297 bytes   sessions 0
up 754 pkts / 227694 bytes   down 714 pkts / 215297 bytes   sessions 0
up 754 pkts / 227694 bytes   down 714 pkts / 215297 bytes   sessions 0
up 754 pkts / 227694 bytes   down 714 pkts / 215297 bytes   sessions 0
up 754 pkts / 227694 bytes   down 714 pkts / 215297 bytes   sessions 0
