bridge 0.0.0.0:15150 -> udp 162.159.198.2:443
advertise      : 10.0.2.2
egress bind    : 192.168.0.4
up 0 pkts / 0 bytes   down 0 pkts / 0 bytes   sessions 0
up 0 pkts / 0 bytes   down 0 pkts / 0 bytes   sessions 0
session 127.0.0.1:1139: egress 192.168.0.4:0, advertise 10.0.2.2:63227
up: 1200 bytes to 162.159.198.2:443
up: 1200 bytes to 162.159.198.2:443
down: 88 bytes from 162.159.198.2:443
down: 88 bytes from 162.159.198.2:443
up: 1200 bytes to 162.159.198.2:443
up: 1200 bytes to 162.159.198.2:443
down: 1200 bytes from 162.159.198.2:443
down: 1200 bytes from 162.159.198.2:443
up 9 pkts / 7834 bytes   down 7 pkts / 4746 bytes   sessions 1
session 127.0.0.1:1139 ended: EOF
up 38 pkts / 11779 bytes   down 41 pkts / 12249 bytes   sessions 0
up 38 pkts / 11779 bytes   down 41 pkts / 12249 bytes   sessions 0
up 38 pkts / 11779 bytes   down 41 pkts / 12249 bytes   sessions 0
up 38 pkts / 11779 bytes   down 41 pkts / 12249 bytes   sessions 0
up 38 pkts / 11779 bytes   down 41 pkts / 12249 bytes   sessions 0
up 38 pkts / 11779 bytes   down 41 pkts / 12249 bytes   sessions 0
up 38 pkts / 11779 bytes   down 41 pkts / 12249 bytes   sessions 0
up 38 pkts / 11779 bytes   down 41 pkts / 12249 bytes   sessions 0
up 38 pkts / 11779 bytes   down 41 pkts / 12249 bytes   sessions 0
up 38 pkts / 11779 bytes   down 41 pkts / 12249 bytes   sessions 0
up 38 pkts / 11779 bytes   down 41 pkts / 12249 bytes   sessions 0
up 38 pkts / 11779 bytes   down 41 pkts / 12249 bytes   sessions 0
up 38 pkts / 11779 bytes   down 41 pkts / 12249 bytes   sessions 0
up 38 pkts / 11779 bytes   down 41 pkts / 12249 bytes   sessions 0
up 38 pkts / 11779 bytes   down 41 pkts / 12249 bytes   sessions 0
up 38 pkts / 11779 bytes   down 41 pkts / 12249 bytes   sessions 0
up 38 pkts / 11779 bytes   down 41 pkts / 12249 bytes   sessions 0
up 38 pkts / 11779 bytes   down 41 pkts / 12249 bytes   sessions 0
up 38 pkts / 11779 bytes   down 41 pkts / 12249 bytes   sessions 0
up 38 pkts / 11779 bytes   down 41 pkts / 12249 bytes   sessions 0
up 38 pkts / 11779 bytes   down 41 pkts / 12249 bytes   sessions 0
up 38 pkts / 11779 bytes   down 41 pkts / 12249 bytes   sessions 0
up 38 pkts / 11779 bytes   down 41 pkts / 12249 bytes   sessions 0
up 38 pkts / 11779 bytes   down 41 pkts / 12249 bytes   sessions 0
up 38 pkts / 11779 bytes   down 41 pkts / 12249 bytes   sessions 0
up 38 pkts / 11779 bytes   down 41 pkts / 12249 bytes   sessions 0
up 38 pkts / 11779 bytes   down 41 pkts / 12249 bytes   sessions 0
up 38 pkts / 11779 bytes   down 41 pkts / 12249 bytes   sessions 0
up 38 pkts / 11779 bytes   down 41 pkts / 12249 bytes   sessions 0
up 38 pkts / 11779 bytes   down 41 pkts / 12249 bytes   sessions 0
up 38 pkts / 11779 bytes   down 41 pkts / 12249 bytes   sessions 0
up 38 pkts / 11779 bytes   down 41 pkts / 12249 bytes   sessions 0
up 38 pkts / 11779 bytes   down 41 pkts / 12249 bytes   sessions 0
up 38 pkts / 11779 bytes   down 41 pkts / 12249 bytes   sessions 0
up 38 pkts / 11779 bytes   down 41 pkts / 12249 bytes   sessions 0
up 38 pkts / 11779 bytes   down 41 pkts / 12249 bytes   sessions 0
up 38 pkts / 11779 bytes   down 41 pkts / 12249 bytes   sessions 0
up 38 pkts / 11779 bytes   down 41 pkts / 12249 bytes   sessions 0
up 38 pkts / 11779 bytes   down 41 pkts / 12249 bytes   sessions 0
up 38 pkts / 11779 bytes   down 41 pkts / 12249 bytes   sessions 0
up 38 pkts / 11779 bytes   down 41 pkts / 12249 bytes   sessions 0
up 38 pkts / 11779 bytes   down 41 pkts / 12249 bytes   sessions 0
up 38 pkts / 11779 bytes   down 41 pkts / 12249 bytes   sessions 0
up 38 pkts / 11779 bytes   down 41 pkts / 12249 bytes   sessions 0
up 38 pkts / 11779 bytes   down 41 pkts / 12249 bytes   sessions 0
up 38 pkts / 11779 bytes   down 41 pkts / 12249 bytes   sessions 0
up 38 pkts / 11779 bytes   down 41 pkts / 12249 bytes   sessions 0
up 38 pkts / 11779 bytes   down 41 pkts / 12249 bytes   sessions 0
up 38 pkts / 11779 bytes   down 41 pkts / 12249 bytes   sessions 0
up 38 pkts / 11779 bytes   down 41 pkts / 12249 bytes   sessions 0
up 38 pkts / 11779 bytes   down 41 pkts / 12249 bytes   sessions 0
up 38 pkts / 11779 bytes   down 41 pkts / 12249 bytes   sessions 0
up 38 pkts / 11779 bytes   down 41 pkts / 12249 bytes   sessions 0
up 38 pkts / 11779 bytes   down 41 pkts / 12249 bytes   sessions 0
up 38 pkts / 11779 bytes   down 41 pkts / 12249 bytes   sessions 0
up 38 pkts / 11779 bytes   down 41 pkts / 12249 bytes   sessions 0
up 38 pkts / 11779 bytes   down 41 pkts / 12249 bytes   sessions 0
up 38 pkts / 11779 bytes   down 41 pkts / 12249 bytes   sessions 0
up 38 pkts / 11779 bytes   down 41 pkts / 12249 bytes   sessions 0
up 38 pkts / 11779 bytes   down 41 pkts / 12249 bytes   sessions 0
up 38 pkts / 11779 bytes   down 41 pkts / 12249 bytes   sessions 0
up 38 pkts / 11779 bytes   down 41 pkts / 12249 bytes   sessions 0
up 38 pkts / 11779 bytes   down 41 pkts / 12249 bytes   sessions 0
up 38 pkts / 11779 bytes   down 41 pkts / 12249 bytes   sessions 0
up 38 pkts / 11779 bytes   down 41 pkts / 12249 bytes   sessions 0
up 38 pkts / 11779 bytes   down 41 pkts / 12249 bytes   sessions 0
up 38 pkts / 11779 bytes   down 41 pkts / 12249 bytes   sessions 0
up 38 pkts / 11779 bytes   down 41 pkts / 12249 bytes   sessions 0
up 38 pkts / 11779 bytes   down 41 pkts / 12249 bytes   sessions 0
up 38 pkts / 11779 bytes   down 41 pkts / 12249 bytes   sessions 0
up 38 pkts / 11779 bytes   down 41 pkts / 12249 bytes   sessions 0
up 38 pkts / 11779 bytes   down 41 pkts / 12249 bytes   sessions 0
up 38 pkts / 11779 bytes   down 41 pkts / 12249 bytes   sessions 0
up 38 pkts / 11779 bytes   down 41 pkts / 12249 bytes   sessions 0
up 38 pkts / 11779 bytes   down 41 pkts / 12249 bytes   sessions 0
up 38 pkts / 11779 bytes   down 41 pkts / 12249 bytes   sessions 0
up 38 pkts / 11779 bytes   down 41 pkts / 12249 bytes   sessions 0
up 38 pkts / 11779 bytes   down 41 pkts / 12249 bytes   sessions 0
up 38 pkts / 11779 bytes   down 41 pkts / 12249 bytes   sessions 0
up 38 pkts / 11779 bytes   down 41 pkts / 12249 bytes   sessions 0
up 38 pkts / 11779 bytes   down 41 pkts / 12249 bytes   sessions 0
up 38 pkts / 11779 bytes   down 41 pkts / 12249 bytes   sessions 0
up 38 pkts / 11779 bytes   down 41 pkts / 12249 bytes   sessions 0
up 38 pkts / 11779 bytes   down 41 pkts / 12249 bytes   sessions 0
