bridge 0.0.0.0:15150 -> udp 162.159.198.2:443
advertise      : 10.0.2.2
egress bind    : 192.168.0.4
up 0 pkts / 0 bytes   down 0 pkts / 0 bytes   sessions 0
up 0 pkts / 0 bytes   down 0 pkts / 0 bytes   sessions 0
up 0 pkts / 0 bytes   down 0 pkts / 0 bytes   sessions 0
up 0 pkts / 0 bytes   down 0 pkts / 0 bytes   sessions 0
session 127.0.0.1:9217: handshake: not a udp associate: 05010001
up 0 pkts / 0 bytes   down 0 pkts / 0 bytes   sessions 0
up 0 pkts / 0 bytes   down 0 pkts / 0 bytes   sessions 0
up 0 pkts / 0 bytes   down 0 pkts / 0 bytes   sessions 0
up 0 pkts / 0 bytes   down 0 pkts / 0 bytes   sessions 0
up 0 pkts / 0 bytes   down 0 pkts / 0 bytes   sessions 0
up 0 pkts / 0 bytes   down 0 pkts / 0 bytes   sessions 0
up 0 pkts / 0 bytes   down 0 pkts / 0 bytes   sessions 0
up 0 pkts / 0 bytes   down 0 pkts / 0 bytes   sessions 0
up 0 pkts / 0 bytes   down 0 pkts / 0 bytes   sessions 0
up 0 pkts / 0 bytes   down 0 pkts / 0 bytes   sessions 0
up 0 pkts / 0 bytes   down 0 pkts / 0 bytes   sessions 0
up 0 pkts / 0 bytes   down 0 pkts / 0 bytes   sessions 0
up 0 pkts / 0 bytes   down 0 pkts / 0 bytes   sessions 0
up 0 pkts / 0 bytes   down 0 pkts / 0 bytes   sessions 0
up 0 pkts / 0 bytes   down 0 pkts / 0 bytes   sessions 0
up 0 pkts / 0 bytes   down 0 pkts / 0 bytes   sessions 0
up 0 pkts / 0 bytes   down 0 pkts / 0 bytes   sessions 0
up 0 pkts / 0 bytes   down 0 pkts / 0 bytes   sessions 0
up 0 pkts / 0 bytes   down 0 pkts / 0 bytes   sessions 0
up 0 pkts / 0 bytes   down 0 pkts / 0 bytes   sessions 0
up 0 pkts / 0 bytes   down 0 pkts / 0 bytes   sessions 0
up 0 pkts / 0 bytes   down 0 pkts / 0 bytes   sessions 0
up 0 pkts / 0 bytes   down 0 pkts / 0 bytes   sessions 0
up 0 pkts / 0 bytes   down 0 pkts / 0 bytes   sessions 0
up 0 pkts / 0 bytes   down 0 pkts / 0 bytes   sessions 0
up 0 pkts / 0 bytes   down 0 pkts / 0 bytes   sessions 0
up 0 pkts / 0 bytes   down 0 pkts / 0 bytes   sessions 0
up 0 pkts / 0 bytes   down 0 pkts / 0 bytes   sessions 0
up 0 pkts / 0 bytes   down 0 pkts / 0 bytes   sessions 0
up 0 pkts / 0 bytes   down 0 pkts / 0 bytes   sessions 0
up 0 pkts / 0 bytes   down 0 pkts / 0 bytes   sessions 0
up 0 pkts / 0 bytes   down 0 pkts / 0 bytes   sessions 0
up 0 pkts / 0 bytes   down 0 pkts / 0 bytes   sessions 0
up 0 pkts / 0 bytes   down 0 pkts / 0 bytes   sessions 0
up 0 pkts / 0 bytes   down 0 pkts / 0 bytes   sessions 0
up 0 pkts / 0 bytes   down 0 pkts / 0 bytes   sessions 0
up 0 pkts / 0 bytes   down 0 pkts / 0 bytes   sessions 0
up 0 pkts / 0 bytes   down 0 pkts / 0 bytes   sessions 0
up 0 pkts / 0 bytes   down 0 pkts / 0 bytes   sessions 0
up 0 pkts / 0 bytes   down 0 pkts / 0 bytes   sessions 0
up 0 pkts / 0 bytes   down 0 pkts / 0 bytes   sessions 0
up 0 pkts / 0 bytes   down 0 pkts / 0 bytes   sessions 0
up 0 pkts / 0 bytes   down 0 pkts / 0 bytes   sessions 0
up 0 pkts / 0 bytes   down 0 pkts / 0 bytes   sessions 0
up 0 pkts / 0 bytes   down 0 pkts / 0 bytes   sessions 0
up 0 pkts / 0 bytes   down 0 pkts / 0 bytes   sessions 0
